SQL> 
SQL> SELECT * FROM EMPLOYEES;

EMPLOYEE_ID FIRST_NAME      LAST_NAME       EMAIL      PHONE_NUMBER         HIRE_DATE JOB_ID         SALARY COMMISSION_PCT MANAGER_ID DEPARTMENT_ID                                                     
----------- --------------- --------------- ---------- -------------------- --------- ---------- ---------- -------------- ---------- -------------                                                     
        100 Steven          King            SKING      515.123.4567         17-JUL-87 AD_PRES         24000                                      90                                                     
        101 Neena           Kochhar         NKOCHHAR   515.123.4568         21-SEP-89 AD_VP           17000                       100            90                                                     
        102 Lex             De Haan         LDEHAAN    515.123.4569         13-JAN-93 AD_VP           17000                       100            90                                                     
        103 Alexander       Hunold          AHUNOLD    590.423.4567         03-JAN-90 IT_PROG          9000                       102            60                                                     
        104 Bruce           Ernst           BERNST     590.423.4568         21-MAY-91 IT_PROG          6000                       103            60                                                     
        107 Diana           Lorentz         DLORENTZ   590.423.5567         07-FEB-99 IT_PROG          4200                       103            60                                                     
        124 Kevin           Mourgos         KMOURGOS   650.123.5234         16-NOV-99 ST_MAN           5800                       100            50                                                     
        141 Trenna          Rajs            TRAJS      650.121.8009         17-OCT-95 ST_CLERK         3500                       124            50                                                     
        142 Curtis          Davies          CDAVIES    650.121.2994         29-JAN-97 ST_CLERK         3100                       124            50                                                     
        143 Randall         Matos           RMATOS     650.121.2874         15-MAR-98 ST_CLERK         2600                       124            50                                                     
        144 Peter           Vargas          PVARGAS    650.121.2004         09-JUL-98 ST_CLERK         2500                       124            50                                                     
        149 Eleni           Zlotkey         EZLOTKEY   011.44.1344.429018   29-JAN-00 SA_MAN          10500             .2        100            80                                                     
        174 Ellen           Abel            EABEL      011.44.1644.429267   11-MAY-96 SA_REP          11000             .3        149            80                                                     
        176 Jonathon        Taylor          JTAYLOR    011.44.1644.429265   24-MAR-98 SA_REP           8600             .3        149            80                                                     
        178 Kimerely        Grant           KGRANT     011.44.1644.429263   24-MAY-99 SA_REP           7000            .15        149                                                                   
        200 Jennifer        Whalen          JWHALEN    515.123.4444         17-SEP-87 AD_ASST          4400                       101            10                                                     
        201 Michael         Hartstein       MHARTSTE   515.123.5555         17-FEB-96 MK_MAN          13000                       100            20                                                     
        202 Pat             Fay             PFAY       603.123.6666         17-AUG-97 MK_REP           6000                       201            20                                                     
        205 Shelley         Higgins         SHIGGINS   515.123.8080         07-JUN-94 AC_MGR          12000                       101           110                                                     
        206 William         Gietz           WGIETZ     515.123.8181         07-JUN-94 AC_ACCOUNT       8300                       205           110                                                     

20 rows selected.

SQL> REM VERTICAL : COLUMNS
SQL> 
SQL> REM HORIZONTAL : ROWS
SQL> 
SQL> REM INTERSECTION : FIELD
SQL> 
SQL> REM COMBINATION : TABLE
SQL> 
SQL> REM NULL
SQL> 
SQL> SELECT * FROM EMPLOYEES;

EMPLOYEE_ID FIRST_NAME      LAST_NAME       EMAIL      PHONE_NUMBER         HIRE_DATE JOB_ID         SALARY COMMISSION_PCT MANAGER_ID DEPARTMENT_ID                                                     
----------- --------------- --------------- ---------- -------------------- --------- ---------- ---------- -------------- ---------- -------------                                                     
        100 Steven          King            SKING      515.123.4567         17-JUL-87 AD_PRES         24000                                      90                                                     
        101 Neena           Kochhar         NKOCHHAR   515.123.4568         21-SEP-89 AD_VP           17000                       100            90                                                     
        102 Lex             De Haan         LDEHAAN    515.123.4569         13-JAN-93 AD_VP           17000                       100            90                                                     
        103 Alexander       Hunold          AHUNOLD    590.423.4567         03-JAN-90 IT_PROG          9000                       102            60                                                     
        104 Bruce           Ernst           BERNST     590.423.4568         21-MAY-91 IT_PROG          6000                       103            60                                                     
        107 Diana           Lorentz         DLORENTZ   590.423.5567         07-FEB-99 IT_PROG          4200                       103            60                                                     
        124 Kevin           Mourgos         KMOURGOS   650.123.5234         16-NOV-99 ST_MAN           5800                       100            50                                                     
        141 Trenna          Rajs            TRAJS      650.121.8009         17-OCT-95 ST_CLERK         3500                       124            50                                                     
        142 Curtis          Davies          CDAVIES    650.121.2994         29-JAN-97 ST_CLERK         3100                       124            50                                                     
        143 Randall         Matos           RMATOS     650.121.2874         15-MAR-98 ST_CLERK         2600                       124            50                                                     
        144 Peter           Vargas          PVARGAS    650.121.2004         09-JUL-98 ST_CLERK         2500                       124            50                                                     
        149 Eleni           Zlotkey         EZLOTKEY   011.44.1344.429018   29-JAN-00 SA_MAN          10500             .2        100            80                                                     
        174 Ellen           Abel            EABEL      011.44.1644.429267   11-MAY-96 SA_REP          11000             .3        149            80                                                     
        176 Jonathon        Taylor          JTAYLOR    011.44.1644.429265   24-MAR-98 SA_REP           8600             .3        149            80                                                     
        178 Kimerely        Grant           KGRANT     011.44.1644.429263   24-MAY-99 SA_REP           7000            .15        149                                                                   
        200 Jennifer        Whalen          JWHALEN    515.123.4444         17-SEP-87 AD_ASST          4400                       101            10                                                     
        201 Michael         Hartstein       MHARTSTE   515.123.5555         17-FEB-96 MK_MAN          13000                       100            20                                                     
        202 Pat             Fay             PFAY       603.123.6666         17-AUG-97 MK_REP           6000                       201            20                                                     
        205 Shelley         Higgins         SHIGGINS   515.123.8080         07-JUN-94 AC_MGR          12000                       101           110                                                     
        206 William         Gietz           WGIETZ     515.123.8181         07-JUN-94 AC_ACCOUNT       8300                       205           110                                                     

20 rows selected.

SQL> SELECT * FROM DEPARTMENTS;

DEPARTMENT_ID DEPARTMENT_NAME                MANAGER_ID LOCATION_ID                                                                                                                                     
------------- ------------------------------ ---------- -----------                                                                                                                                     
           10 Administration                        200        1700                                                                                                                                     
           20 Marketing                             201        1800                                                                                                                                     
           50 Shiping                               124        1500                                                                                                                                     
           60 IT                                    103        1400                                                                                                                                     
           80 Sales                                 149        2500                                                                                                                                     
           90 Executive                             100        1700                                                                                                                                     
          110 Accounting                            205        1700                                                                                                                                     
          190 Contracting                                      1700                                                                                                                                     

8 rows selected.

SQL> SELECT * FROM LOCATIONS;

LOCATION_ID STREET_ADRESS                            POSTAL_CODE  CITY                           STATE_PROVINCE            CO                                                                           
----------- ---------------------------------------- ------------ ------------------------------ ------------------------- --                                                                           
       1400 2014 Jabberwocky Rd                      26192        Southlake                      Texas                     US                                                                           
       1500 2011 Interiors Blvd                      99236        South San Francisco            California                US                                                                           
       1700 2004 Charade Rd                          98199        Seattle                        Washington                US                                                                           
       1800 460 Bloor St. W.                         ON M5S 1X8   Toronto                        Ontario                   CA                                                                           
       2500 Magdalen Centre, The Oxford Science Park OX9 9ZB      Oxford                         Oxford                    UK                                                                           

SQL> SELECT * FROM COUNTRIES;

CO COUNTRY_NAME                              REGION_ID                                                                                                                                                  
-- ---------------------------------------- ----------                                                                                                                                                  
CA Canada                                            2                                                                                                                                                  
DE Germany                                           1                                                                                                                                                  
UK United Kingdom                                    1                                                                                                                                                  
US United States of America                          2                                                                                                                                                  

SQL> SELECT * FROM REGIONS;

 REGION_ID REGION_NAME                                                                                                                                                                                  
---------- -------------------------                                                                                                                                                                    
         1 Europe                                                                                                                                                                                       
         2 Americas                                                                                                                                                                                     
         3 Asia                                                                                                                                                                                         
         4 Middle East and Africa                                                                                                                                                                       

SQL> REM BASIC SELECT STATEMENT
SQL> 
SQL> REM SQL IS CASE INSENSITIVE LANGUAGE
SQL> 
SQL> REM SQL IS FREE-FLOW LANGUAGE
SQL> 
SQL> REM COLUMN HEADING ARE DISPLAYED IN CAPITAL BY DEFAULT
SQL> 
SQL> REM * : META CHARACTER
SQL> 
SQL> REM PROJECTION
SQL> 
SQL> REM ARITHMETIC OPERATORS
SQL> 
SQL> REM CONCATENATION OPERATOR
SQL> 
SQL> REM  ROWID , ROWNUM
SQL> 
SQL> REM PRECEDENCE OF OPERATORS
SQL> 
SQL> REM TABLE ALIAS/TABLE NAME AS QUALIFIER
SQL> 
SQL> REM DISTINCT / UNIQUE
SQL> 
SQL> REM Q OPERATOR
SQL> 
SQL> REM NULL VALUES WITH ARITHMETIC OPERATORS
SQL> 
SQL> 
SQL> 
SQL> 
SQL> 
SQL> REM BASIC SELECT STATEMENT
SQL> 
SQL> 
SQL> REM SELECT STATEMENT IS USED TO DISPLAY DATA STORED IN TABLE
SQL> 
SQL> REM SELECT STATEMENT HAS 5 PARTS.
SQL> 
SQL> SELECT * FROM EMPLOYEES;

EMPLOYEE_ID FIRST_NAME      LAST_NAME       EMAIL      PHONE_NUMBER         HIRE_DATE JOB_ID         SALARY COMMISSION_PCT MANAGER_ID DEPARTMENT_ID                                                     
----------- --------------- --------------- ---------- -------------------- --------- ---------- ---------- -------------- ---------- -------------                                                     
        100 Steven          King            SKING      515.123.4567         17-JUL-87 AD_PRES         24000                                      90                                                     
        101 Neena           Kochhar         NKOCHHAR   515.123.4568         21-SEP-89 AD_VP           17000                       100            90                                                     
        102 Lex             De Haan         LDEHAAN    515.123.4569         13-JAN-93 AD_VP           17000                       100            90                                                     
        103 Alexander       Hunold          AHUNOLD    590.423.4567         03-JAN-90 IT_PROG          9000                       102            60                                                     
        104 Bruce           Ernst           BERNST     590.423.4568         21-MAY-91 IT_PROG          6000                       103            60                                                     
        107 Diana           Lorentz         DLORENTZ   590.423.5567         07-FEB-99 IT_PROG          4200                       103            60                                                     
        124 Kevin           Mourgos         KMOURGOS   650.123.5234         16-NOV-99 ST_MAN           5800                       100            50                                                     
        141 Trenna          Rajs            TRAJS      650.121.8009         17-OCT-95 ST_CLERK         3500                       124            50                                                     
        142 Curtis          Davies          CDAVIES    650.121.2994         29-JAN-97 ST_CLERK         3100                       124            50                                                     
        143 Randall         Matos           RMATOS     650.121.2874         15-MAR-98 ST_CLERK         2600                       124            50                                                     
        144 Peter           Vargas          PVARGAS    650.121.2004         09-JUL-98 ST_CLERK         2500                       124            50                                                     
        149 Eleni           Zlotkey         EZLOTKEY   011.44.1344.429018   29-JAN-00 SA_MAN          10500             .2        100            80                                                     
        174 Ellen           Abel            EABEL      011.44.1644.429267   11-MAY-96 SA_REP          11000             .3        149            80                                                     
        176 Jonathon        Taylor          JTAYLOR    011.44.1644.429265   24-MAR-98 SA_REP           8600             .3        149            80                                                     
        178 Kimerely        Grant           KGRANT     011.44.1644.429263   24-MAY-99 SA_REP           7000            .15        149                                                                   
        200 Jennifer        Whalen          JWHALEN    515.123.4444         17-SEP-87 AD_ASST          4400                       101            10                                                     
        201 Michael         Hartstein       MHARTSTE   515.123.5555         17-FEB-96 MK_MAN          13000                       100            20                                                     
        202 Pat             Fay             PFAY       603.123.6666         17-AUG-97 MK_REP           6000                       201            20                                                     
        205 Shelley         Higgins         SHIGGINS   515.123.8080         07-JUN-94 AC_MGR          12000                       101           110                                                     
        206 William         Gietz           WGIETZ     515.123.8181         07-JUN-94 AC_ACCOUNT       8300                       205           110                                                     

20 rows selected.

SQL> SELECT * FROM EMPLOYEES
  2  
SQL> SELECT * FROM EMPLOYEES
  2  ;

EMPLOYEE_ID FIRST_NAME      LAST_NAME       EMAIL      PHONE_NUMBER         HIRE_DATE JOB_ID         SALARY COMMISSION_PCT MANAGER_ID DEPARTMENT_ID                                                     
----------- --------------- --------------- ---------- -------------------- --------- ---------- ---------- -------------- ---------- -------------                                                     
        100 Steven          King            SKING      515.123.4567         17-JUL-87 AD_PRES         24000                                      90                                                     
        101 Neena           Kochhar         NKOCHHAR   515.123.4568         21-SEP-89 AD_VP           17000                       100            90                                                     
        102 Lex             De Haan         LDEHAAN    515.123.4569         13-JAN-93 AD_VP           17000                       100            90                                                     
        103 Alexander       Hunold          AHUNOLD    590.423.4567         03-JAN-90 IT_PROG          9000                       102            60                                                     
        104 Bruce           Ernst           BERNST     590.423.4568         21-MAY-91 IT_PROG          6000                       103            60                                                     
        107 Diana           Lorentz         DLORENTZ   590.423.5567         07-FEB-99 IT_PROG          4200                       103            60                                                     
        124 Kevin           Mourgos         KMOURGOS   650.123.5234         16-NOV-99 ST_MAN           5800                       100            50                                                     
        141 Trenna          Rajs            TRAJS      650.121.8009         17-OCT-95 ST_CLERK         3500                       124            50                                                     
        142 Curtis          Davies          CDAVIES    650.121.2994         29-JAN-97 ST_CLERK         3100                       124            50                                                     
        143 Randall         Matos           RMATOS     650.121.2874         15-MAR-98 ST_CLERK         2600                       124            50                                                     
        144 Peter           Vargas          PVARGAS    650.121.2004         09-JUL-98 ST_CLERK         2500                       124            50                                                     
        149 Eleni           Zlotkey         EZLOTKEY   011.44.1344.429018   29-JAN-00 SA_MAN          10500             .2        100            80                                                     
        174 Ellen           Abel            EABEL      011.44.1644.429267   11-MAY-96 SA_REP          11000             .3        149            80                                                     
        176 Jonathon        Taylor          JTAYLOR    011.44.1644.429265   24-MAR-98 SA_REP           8600             .3        149            80                                                     
        178 Kimerely        Grant           KGRANT     011.44.1644.429263   24-MAY-99 SA_REP           7000            .15        149                                                                   
        200 Jennifer        Whalen          JWHALEN    515.123.4444         17-SEP-87 AD_ASST          4400                       101            10                                                     
        201 Michael         Hartstein       MHARTSTE   515.123.5555         17-FEB-96 MK_MAN          13000                       100            20                                                     
        202 Pat             Fay             PFAY       603.123.6666         17-AUG-97 MK_REP           6000                       201            20                                                     
        205 Shelley         Higgins         SHIGGINS   515.123.8080         07-JUN-94 AC_MGR          12000                       101           110                                                     
        206 William         Gietz           WGIETZ     515.123.8181         07-JUN-94 AC_ACCOUNT       8300                       205           110                                                     

20 rows selected.

SQL> SELECT * FROM EMPLOYEES
  2  /

EMPLOYEE_ID FIRST_NAME      LAST_NAME       EMAIL      PHONE_NUMBER         HIRE_DATE JOB_ID         SALARY COMMISSION_PCT MANAGER_ID DEPARTMENT_ID                                                     
----------- --------------- --------------- ---------- -------------------- --------- ---------- ---------- -------------- ---------- -------------                                                     
        100 Steven          King            SKING      515.123.4567         17-JUL-87 AD_PRES         24000                                      90                                                     
        101 Neena           Kochhar         NKOCHHAR   515.123.4568         21-SEP-89 AD_VP           17000                       100            90                                                     
        102 Lex             De Haan         LDEHAAN    515.123.4569         13-JAN-93 AD_VP           17000                       100            90                                                     
        103 Alexander       Hunold          AHUNOLD    590.423.4567         03-JAN-90 IT_PROG          9000                       102            60                                                     
        104 Bruce           Ernst           BERNST     590.423.4568         21-MAY-91 IT_PROG          6000                       103            60                                                     
        107 Diana           Lorentz         DLORENTZ   590.423.5567         07-FEB-99 IT_PROG          4200                       103            60                                                     
        124 Kevin           Mourgos         KMOURGOS   650.123.5234         16-NOV-99 ST_MAN           5800                       100            50                                                     
        141 Trenna          Rajs            TRAJS      650.121.8009         17-OCT-95 ST_CLERK         3500                       124            50                                                     
        142 Curtis          Davies          CDAVIES    650.121.2994         29-JAN-97 ST_CLERK         3100                       124            50                                                     
        143 Randall         Matos           RMATOS     650.121.2874         15-MAR-98 ST_CLERK         2600                       124            50                                                     
        144 Peter           Vargas          PVARGAS    650.121.2004         09-JUL-98 ST_CLERK         2500                       124            50                                                     
        149 Eleni           Zlotkey         EZLOTKEY   011.44.1344.429018   29-JAN-00 SA_MAN          10500             .2        100            80                                                     
        174 Ellen           Abel            EABEL      011.44.1644.429267   11-MAY-96 SA_REP          11000             .3        149            80                                                     
        176 Jonathon        Taylor          JTAYLOR    011.44.1644.429265   24-MAR-98 SA_REP           8600             .3        149            80                                                     
        178 Kimerely        Grant           KGRANT     011.44.1644.429263   24-MAY-99 SA_REP           7000            .15        149                                                                   
        200 Jennifer        Whalen          JWHALEN    515.123.4444         17-SEP-87 AD_ASST          4400                       101            10                                                     
        201 Michael         Hartstein       MHARTSTE   515.123.5555         17-FEB-96 MK_MAN          13000                       100            20                                                     
        202 Pat             Fay             PFAY       603.123.6666         17-AUG-97 MK_REP           6000                       201            20                                                     
        205 Shelley         Higgins         SHIGGINS   515.123.8080         07-JUN-94 AC_MGR          12000                       101           110                                                     
        206 William         Gietz           WGIETZ     515.123.8181         07-JUN-94 AC_ACCOUNT       8300                       205           110                                                     

20 rows selected.

SQL> SELECT * FROM EMPLOYEES/
  2  
SQL> SELECT * FROM EMPLOYES;
SELECT * FROM EMPLOYES
              *
ERROR at line 1:
ORA-00942: table or view does not exist 


SQL> SELECT * FROM;
SELECT * FROM
            *
ERROR at line 1:
ORA-00903: invalid table name 


SQL> SELECT * FRM EMPLOYEES;
SELECT * FRM EMPLOYEES
         *
ERROR at line 1:
ORA-00923: FROM keyword not found where expected 


SQL> SELECT FROM EMPLOYEES;
SELECT FROM EMPLOYEES
       *
ERROR at line 1:
ORA-00936: missing expression 


SQL> SELCT * FROM EMPLOYEES;
SP2-0734: unknown command beginning "SELCT * FR..." - rest of line ignored.
SQL> 
SQL> SELECT FROM * EMPLOYEES;
SELECT FROM * EMPLOYEES
       *
ERROR at line 1:
ORA-00936: missing expression 


SQL> SELECT * FROM EMPLOYEES;

EMPLOYEE_ID FIRST_NAME      LAST_NAME       EMAIL      PHONE_NUMBER         HIRE_DATE JOB_ID         SALARY COMMISSION_PCT MANAGER_ID DEPARTMENT_ID                                                     
----------- --------------- --------------- ---------- -------------------- --------- ---------- ---------- -------------- ---------- -------------                                                     
        100 Steven          King            SKING      515.123.4567         17-JUL-87 AD_PRES         24000                                      90                                                     
        101 Neena           Kochhar         NKOCHHAR   515.123.4568         21-SEP-89 AD_VP           17000                       100            90                                                     
        102 Lex             De Haan         LDEHAAN    515.123.4569         13-JAN-93 AD_VP           17000                       100            90                                                     
        103 Alexander       Hunold          AHUNOLD    590.423.4567         03-JAN-90 IT_PROG          9000                       102            60                                                     
        104 Bruce           Ernst           BERNST     590.423.4568         21-MAY-91 IT_PROG          6000                       103            60                                                     
        107 Diana           Lorentz         DLORENTZ   590.423.5567         07-FEB-99 IT_PROG          4200                       103            60                                                     
        124 Kevin           Mourgos         KMOURGOS   650.123.5234         16-NOV-99 ST_MAN           5800                       100            50                                                     
        141 Trenna          Rajs            TRAJS      650.121.8009         17-OCT-95 ST_CLERK         3500                       124            50                                                     
        142 Curtis          Davies          CDAVIES    650.121.2994         29-JAN-97 ST_CLERK         3100                       124            50                                                     
        143 Randall         Matos           RMATOS     650.121.2874         15-MAR-98 ST_CLERK         2600                       124            50                                                     
        144 Peter           Vargas          PVARGAS    650.121.2004         09-JUL-98 ST_CLERK         2500                       124            50                                                     
        149 Eleni           Zlotkey         EZLOTKEY   011.44.1344.429018   29-JAN-00 SA_MAN          10500             .2        100            80                                                     
        174 Ellen           Abel            EABEL      011.44.1644.429267   11-MAY-96 SA_REP          11000             .3        149            80                                                     
        176 Jonathon        Taylor          JTAYLOR    011.44.1644.429265   24-MAR-98 SA_REP           8600             .3        149            80                                                     
        178 Kimerely        Grant           KGRANT     011.44.1644.429263   24-MAY-99 SA_REP           7000            .15        149                                                                   
        200 Jennifer        Whalen          JWHALEN    515.123.4444         17-SEP-87 AD_ASST          4400                       101            10                                                     
        201 Michael         Hartstein       MHARTSTE   515.123.5555         17-FEB-96 MK_MAN          13000                       100            20                                                     
        202 Pat             Fay             PFAY       603.123.6666         17-AUG-97 MK_REP           6000                       201            20                                                     
        205 Shelley         Higgins         SHIGGINS   515.123.8080         07-JUN-94 AC_MGR          12000                       101           110                                                     
        206 William         Gietz           WGIETZ     515.123.8181         07-JUN-94 AC_ACCOUNT       8300                       205           110                                                     

20 rows selected.

SQL> REM * IS CALLED META CHARACTER
SQL> 
SQL> REM : REMARK/COMMENT
SQL> 
SQL> -- THIS IS SECOND STYLE OF WRITING COMMAND
SQL> 
SQL> /*
SQL> THIS
SQL> WAY
SQL> WE
SQL> CAN
SQL> WRITE
SQL> MULTI LINE
SQL> COMMENT
SQL> */
SQL> 
SQL> 
SQL> REM SQL IS CASE INSENSITIVE LANGUAGE
SQL> 
SQL> SELECT * FROM EMPLOYEES;

EMPLOYEE_ID FIRST_NAME      LAST_NAME       EMAIL      PHONE_NUMBER         HIRE_DATE JOB_ID         SALARY COMMISSION_PCT MANAGER_ID DEPARTMENT_ID                                                     
----------- --------------- --------------- ---------- -------------------- --------- ---------- ---------- -------------- ---------- -------------                                                     
        100 Steven          King            SKING      515.123.4567         17-JUL-87 AD_PRES         24000                                      90                                                     
        101 Neena           Kochhar         NKOCHHAR   515.123.4568         21-SEP-89 AD_VP           17000                       100            90                                                     
        102 Lex             De Haan         LDEHAAN    515.123.4569         13-JAN-93 AD_VP           17000                       100            90                                                     
        103 Alexander       Hunold          AHUNOLD    590.423.4567         03-JAN-90 IT_PROG          9000                       102            60                                                     
        104 Bruce           Ernst           BERNST     590.423.4568         21-MAY-91 IT_PROG          6000                       103            60                                                     
        107 Diana           Lorentz         DLORENTZ   590.423.5567         07-FEB-99 IT_PROG          4200                       103            60                                                     
        124 Kevin           Mourgos         KMOURGOS   650.123.5234         16-NOV-99 ST_MAN           5800                       100            50                                                     
        141 Trenna          Rajs            TRAJS      650.121.8009         17-OCT-95 ST_CLERK         3500                       124            50                                                     
        142 Curtis          Davies          CDAVIES    650.121.2994         29-JAN-97 ST_CLERK         3100                       124            50                                                     
        143 Randall         Matos           RMATOS     650.121.2874         15-MAR-98 ST_CLERK         2600                       124            50                                                     
        144 Peter           Vargas          PVARGAS    650.121.2004         09-JUL-98 ST_CLERK         2500                       124            50                                                     
        149 Eleni           Zlotkey         EZLOTKEY   011.44.1344.429018   29-JAN-00 SA_MAN          10500             .2        100            80                                                     
        174 Ellen           Abel            EABEL      011.44.1644.429267   11-MAY-96 SA_REP          11000             .3        149            80                                                     
        176 Jonathon        Taylor          JTAYLOR    011.44.1644.429265   24-MAR-98 SA_REP           8600             .3        149            80                                                     
        178 Kimerely        Grant           KGRANT     011.44.1644.429263   24-MAY-99 SA_REP           7000            .15        149                                                                   
        200 Jennifer        Whalen          JWHALEN    515.123.4444         17-SEP-87 AD_ASST          4400                       101            10                                                     
        201 Michael         Hartstein       MHARTSTE   515.123.5555         17-FEB-96 MK_MAN          13000                       100            20                                                     
        202 Pat             Fay             PFAY       603.123.6666         17-AUG-97 MK_REP           6000                       201            20                                                     
        205 Shelley         Higgins         SHIGGINS   515.123.8080         07-JUN-94 AC_MGR          12000                       101           110                                                     
        206 William         Gietz           WGIETZ     515.123.8181         07-JUN-94 AC_ACCOUNT       8300                       205           110                                                     

20 rows selected.

SQL> select * from employees;

EMPLOYEE_ID FIRST_NAME      LAST_NAME       EMAIL      PHONE_NUMBER         HIRE_DATE JOB_ID         SALARY COMMISSION_PCT MANAGER_ID DEPARTMENT_ID                                                     
----------- --------------- --------------- ---------- -------------------- --------- ---------- ---------- -------------- ---------- -------------                                                     
        100 Steven          King            SKING      515.123.4567         17-JUL-87 AD_PRES         24000                                      90                                                     
        101 Neena           Kochhar         NKOCHHAR   515.123.4568         21-SEP-89 AD_VP           17000                       100            90                                                     
        102 Lex             De Haan         LDEHAAN    515.123.4569         13-JAN-93 AD_VP           17000                       100            90                                                     
        103 Alexander       Hunold          AHUNOLD    590.423.4567         03-JAN-90 IT_PROG          9000                       102            60                                                     
        104 Bruce           Ernst           BERNST     590.423.4568         21-MAY-91 IT_PROG          6000                       103            60                                                     
        107 Diana           Lorentz         DLORENTZ   590.423.5567         07-FEB-99 IT_PROG          4200                       103            60                                                     
        124 Kevin           Mourgos         KMOURGOS   650.123.5234         16-NOV-99 ST_MAN           5800                       100            50                                                     
        141 Trenna          Rajs            TRAJS      650.121.8009         17-OCT-95 ST_CLERK         3500                       124            50                                                     
        142 Curtis          Davies          CDAVIES    650.121.2994         29-JAN-97 ST_CLERK         3100                       124            50                                                     
        143 Randall         Matos           RMATOS     650.121.2874         15-MAR-98 ST_CLERK         2600                       124            50                                                     
        144 Peter           Vargas          PVARGAS    650.121.2004         09-JUL-98 ST_CLERK         2500                       124            50                                                     
        149 Eleni           Zlotkey         EZLOTKEY   011.44.1344.429018   29-JAN-00 SA_MAN          10500             .2        100            80                                                     
        174 Ellen           Abel            EABEL      011.44.1644.429267   11-MAY-96 SA_REP          11000             .3        149            80                                                     
        176 Jonathon        Taylor          JTAYLOR    011.44.1644.429265   24-MAR-98 SA_REP           8600             .3        149            80                                                     
        178 Kimerely        Grant           KGRANT     011.44.1644.429263   24-MAY-99 SA_REP           7000            .15        149                                                                   
        200 Jennifer        Whalen          JWHALEN    515.123.4444         17-SEP-87 AD_ASST          4400                       101            10                                                     
        201 Michael         Hartstein       MHARTSTE   515.123.5555         17-FEB-96 MK_MAN          13000                       100            20                                                     
        202 Pat             Fay             PFAY       603.123.6666         17-AUG-97 MK_REP           6000                       201            20                                                     
        205 Shelley         Higgins         SHIGGINS   515.123.8080         07-JUN-94 AC_MGR          12000                       101           110                                                     
        206 William         Gietz           WGIETZ     515.123.8181         07-JUN-94 AC_ACCOUNT       8300                       205           110                                                     

20 rows selected.

SQL> Select * From Employees;

EMPLOYEE_ID FIRST_NAME      LAST_NAME       EMAIL      PHONE_NUMBER         HIRE_DATE JOB_ID         SALARY COMMISSION_PCT MANAGER_ID DEPARTMENT_ID                                                     
----------- --------------- --------------- ---------- -------------------- --------- ---------- ---------- -------------- ---------- -------------                                                     
        100 Steven          King            SKING      515.123.4567         17-JUL-87 AD_PRES         24000                                      90                                                     
        101 Neena           Kochhar         NKOCHHAR   515.123.4568         21-SEP-89 AD_VP           17000                       100            90                                                     
        102 Lex             De Haan         LDEHAAN    515.123.4569         13-JAN-93 AD_VP           17000                       100            90                                                     
        103 Alexander       Hunold          AHUNOLD    590.423.4567         03-JAN-90 IT_PROG          9000                       102            60                                                     
        104 Bruce           Ernst           BERNST     590.423.4568         21-MAY-91 IT_PROG          6000                       103            60                                                     
        107 Diana           Lorentz         DLORENTZ   590.423.5567         07-FEB-99 IT_PROG          4200                       103            60                                                     
        124 Kevin           Mourgos         KMOURGOS   650.123.5234         16-NOV-99 ST_MAN           5800                       100            50                                                     
        141 Trenna          Rajs            TRAJS      650.121.8009         17-OCT-95 ST_CLERK         3500                       124            50                                                     
        142 Curtis          Davies          CDAVIES    650.121.2994         29-JAN-97 ST_CLERK         3100                       124            50                                                     
        143 Randall         Matos           RMATOS     650.121.2874         15-MAR-98 ST_CLERK         2600                       124            50                                                     
        144 Peter           Vargas          PVARGAS    650.121.2004         09-JUL-98 ST_CLERK         2500                       124            50                                                     
        149 Eleni           Zlotkey         EZLOTKEY   011.44.1344.429018   29-JAN-00 SA_MAN          10500             .2        100            80                                                     
        174 Ellen           Abel            EABEL      011.44.1644.429267   11-MAY-96 SA_REP          11000             .3        149            80                                                     
        176 Jonathon        Taylor          JTAYLOR    011.44.1644.429265   24-MAR-98 SA_REP           8600             .3        149            80                                                     
        178 Kimerely        Grant           KGRANT     011.44.1644.429263   24-MAY-99 SA_REP           7000            .15        149                                                                   
        200 Jennifer        Whalen          JWHALEN    515.123.4444         17-SEP-87 AD_ASST          4400                       101            10                                                     
        201 Michael         Hartstein       MHARTSTE   515.123.5555         17-FEB-96 MK_MAN          13000                       100            20                                                     
        202 Pat             Fay             PFAY       603.123.6666         17-AUG-97 MK_REP           6000                       201            20                                                     
        205 Shelley         Higgins         SHIGGINS   515.123.8080         07-JUN-94 AC_MGR          12000                       101           110                                                     
        206 William         Gietz           WGIETZ     515.123.8181         07-JUN-94 AC_ACCOUNT       8300                       205           110                                                     

20 rows selected.

SQL> SELect * froM EMPLoyeeS;

EMPLOYEE_ID FIRST_NAME      LAST_NAME       EMAIL      PHONE_NUMBER         HIRE_DATE JOB_ID         SALARY COMMISSION_PCT MANAGER_ID DEPARTMENT_ID                                                     
----------- --------------- --------------- ---------- -------------------- --------- ---------- ---------- -------------- ---------- -------------                                                     
        100 Steven          King            SKING      515.123.4567         17-JUL-87 AD_PRES         24000                                      90                                                     
        101 Neena           Kochhar         NKOCHHAR   515.123.4568         21-SEP-89 AD_VP           17000                       100            90                                                     
        102 Lex             De Haan         LDEHAAN    515.123.4569         13-JAN-93 AD_VP           17000                       100            90                                                     
        103 Alexander       Hunold          AHUNOLD    590.423.4567         03-JAN-90 IT_PROG          9000                       102            60                                                     
        104 Bruce           Ernst           BERNST     590.423.4568         21-MAY-91 IT_PROG          6000                       103            60                                                     
        107 Diana           Lorentz         DLORENTZ   590.423.5567         07-FEB-99 IT_PROG          4200                       103            60                                                     
        124 Kevin           Mourgos         KMOURGOS   650.123.5234         16-NOV-99 ST_MAN           5800                       100            50                                                     
        141 Trenna          Rajs            TRAJS      650.121.8009         17-OCT-95 ST_CLERK         3500                       124            50                                                     
        142 Curtis          Davies          CDAVIES    650.121.2994         29-JAN-97 ST_CLERK         3100                       124            50                                                     
        143 Randall         Matos           RMATOS     650.121.2874         15-MAR-98 ST_CLERK         2600                       124            50                                                     
        144 Peter           Vargas          PVARGAS    650.121.2004         09-JUL-98 ST_CLERK         2500                       124            50                                                     
        149 Eleni           Zlotkey         EZLOTKEY   011.44.1344.429018   29-JAN-00 SA_MAN          10500             .2        100            80                                                     
        174 Ellen           Abel            EABEL      011.44.1644.429267   11-MAY-96 SA_REP          11000             .3        149            80                                                     
        176 Jonathon        Taylor          JTAYLOR    011.44.1644.429265   24-MAR-98 SA_REP           8600             .3        149            80                                                     
        178 Kimerely        Grant           KGRANT     011.44.1644.429263   24-MAY-99 SA_REP           7000            .15        149                                                                   
        200 Jennifer        Whalen          JWHALEN    515.123.4444         17-SEP-87 AD_ASST          4400                       101            10                                                     
        201 Michael         Hartstein       MHARTSTE   515.123.5555         17-FEB-96 MK_MAN          13000                       100            20                                                     
        202 Pat             Fay             PFAY       603.123.6666         17-AUG-97 MK_REP           6000                       201            20                                                     
        205 Shelley         Higgins         SHIGGINS   515.123.8080         07-JUN-94 AC_MGR          12000                       101           110                                                     
        206 William         Gietz           WGIETZ     515.123.8181         07-JUN-94 AC_ACCOUNT       8300                       205           110                                                     

20 rows selected.

SQL> REM WHILE COMPARING CHARACTER VALUES, SQL IS CASE SENSITIVE. (CHAPTER 2)
SQL> 
SQL> REM SQL IS FREE-FLOW LANGUAGE
SQL> 
SQL> SELECT * FROM EMPLOYEES;

EMPLOYEE_ID FIRST_NAME      LAST_NAME       EMAIL      PHONE_NUMBER         HIRE_DATE JOB_ID         SALARY COMMISSION_PCT MANAGER_ID DEPARTMENT_ID                                                     
----------- --------------- --------------- ---------- -------------------- --------- ---------- ---------- -------------- ---------- -------------                                                     
        100 Steven          King            SKING      515.123.4567         17-JUL-87 AD_PRES         24000                                      90                                                     
        101 Neena           Kochhar         NKOCHHAR   515.123.4568         21-SEP-89 AD_VP           17000                       100            90                                                     
        102 Lex             De Haan         LDEHAAN    515.123.4569         13-JAN-93 AD_VP           17000                       100            90                                                     
        103 Alexander       Hunold          AHUNOLD    590.423.4567         03-JAN-90 IT_PROG          9000                       102            60                                                     
        104 Bruce           Ernst           BERNST     590.423.4568         21-MAY-91 IT_PROG          6000                       103            60                                                     
        107 Diana           Lorentz         DLORENTZ   590.423.5567         07-FEB-99 IT_PROG          4200                       103            60                                                     
        124 Kevin           Mourgos         KMOURGOS   650.123.5234         16-NOV-99 ST_MAN           5800                       100            50                                                     
        141 Trenna          Rajs            TRAJS      650.121.8009         17-OCT-95 ST_CLERK         3500                       124            50                                                     
        142 Curtis          Davies          CDAVIES    650.121.2994         29-JAN-97 ST_CLERK         3100                       124            50                                                     
        143 Randall         Matos           RMATOS     650.121.2874         15-MAR-98 ST_CLERK         2600                       124            50                                                     
        144 Peter           Vargas          PVARGAS    650.121.2004         09-JUL-98 ST_CLERK         2500                       124            50                                                     
        149 Eleni           Zlotkey         EZLOTKEY   011.44.1344.429018   29-JAN-00 SA_MAN          10500             .2        100            80                                                     
        174 Ellen           Abel            EABEL      011.44.1644.429267   11-MAY-96 SA_REP          11000             .3        149            80                                                     
        176 Jonathon        Taylor          JTAYLOR    011.44.1644.429265   24-MAR-98 SA_REP           8600             .3        149            80                                                     
        178 Kimerely        Grant           KGRANT     011.44.1644.429263   24-MAY-99 SA_REP           7000            .15        149                                                                   
        200 Jennifer        Whalen          JWHALEN    515.123.4444         17-SEP-87 AD_ASST          4400                       101            10                                                     
        201 Michael         Hartstein       MHARTSTE   515.123.5555         17-FEB-96 MK_MAN          13000                       100            20                                                     
        202 Pat             Fay             PFAY       603.123.6666         17-AUG-97 MK_REP           6000                       201            20                                                     
        205 Shelley         Higgins         SHIGGINS   515.123.8080         07-JUN-94 AC_MGR          12000                       101           110                                                     
        206 William         Gietz           WGIETZ     515.123.8181         07-JUN-94 AC_ACCOUNT       8300                       205           110                                                     

20 rows selected.

SQL> SELECT *
  2  FROM EMPLOYEES;

EMPLOYEE_ID FIRST_NAME      LAST_NAME       EMAIL      PHONE_NUMBER         HIRE_DATE JOB_ID         SALARY COMMISSION_PCT MANAGER_ID DEPARTMENT_ID                                                     
----------- --------------- --------------- ---------- -------------------- --------- ---------- ---------- -------------- ---------- -------------                                                     
        100 Steven          King            SKING      515.123.4567         17-JUL-87 AD_PRES         24000                                      90                                                     
        101 Neena           Kochhar         NKOCHHAR   515.123.4568         21-SEP-89 AD_VP           17000                       100            90                                                     
        102 Lex             De Haan         LDEHAAN    515.123.4569         13-JAN-93 AD_VP           17000                       100            90                                                     
        103 Alexander       Hunold          AHUNOLD    590.423.4567         03-JAN-90 IT_PROG          9000                       102            60                                                     
        104 Bruce           Ernst           BERNST     590.423.4568         21-MAY-91 IT_PROG          6000                       103            60                                                     
        107 Diana           Lorentz         DLORENTZ   590.423.5567         07-FEB-99 IT_PROG          4200                       103            60                                                     
        124 Kevin           Mourgos         KMOURGOS   650.123.5234         16-NOV-99 ST_MAN           5800                       100            50                                                     
        141 Trenna          Rajs            TRAJS      650.121.8009         17-OCT-95 ST_CLERK         3500                       124            50                                                     
        142 Curtis          Davies          CDAVIES    650.121.2994         29-JAN-97 ST_CLERK         3100                       124            50                                                     
        143 Randall         Matos           RMATOS     650.121.2874         15-MAR-98 ST_CLERK         2600                       124            50                                                     
        144 Peter           Vargas          PVARGAS    650.121.2004         09-JUL-98 ST_CLERK         2500                       124            50                                                     
        149 Eleni           Zlotkey         EZLOTKEY   011.44.1344.429018   29-JAN-00 SA_MAN          10500             .2        100            80                                                     
        174 Ellen           Abel            EABEL      011.44.1644.429267   11-MAY-96 SA_REP          11000             .3        149            80                                                     
        176 Jonathon        Taylor          JTAYLOR    011.44.1644.429265   24-MAR-98 SA_REP           8600             .3        149            80                                                     
        178 Kimerely        Grant           KGRANT     011.44.1644.429263   24-MAY-99 SA_REP           7000            .15        149                                                                   
        200 Jennifer        Whalen          JWHALEN    515.123.4444         17-SEP-87 AD_ASST          4400                       101            10                                                     
        201 Michael         Hartstein       MHARTSTE   515.123.5555         17-FEB-96 MK_MAN          13000                       100            20                                                     
        202 Pat             Fay             PFAY       603.123.6666         17-AUG-97 MK_REP           6000                       201            20                                                     
        205 Shelley         Higgins         SHIGGINS   515.123.8080         07-JUN-94 AC_MGR          12000                       101           110                                                     
        206 William         Gietz           WGIETZ     515.123.8181         07-JUN-94 AC_ACCOUNT       8300                       205           110                                                     

20 rows selected.

SQL> SELECT
  2  *
  3  FROM
  4  EMPLOYEES
  5  ;

EMPLOYEE_ID FIRST_NAME      LAST_NAME       EMAIL      PHONE_NUMBER         HIRE_DATE JOB_ID         SALARY COMMISSION_PCT MANAGER_ID DEPARTMENT_ID                                                     
----------- --------------- --------------- ---------- -------------------- --------- ---------- ---------- -------------- ---------- -------------                                                     
        100 Steven          King            SKING      515.123.4567         17-JUL-87 AD_PRES         24000                                      90                                                     
        101 Neena           Kochhar         NKOCHHAR   515.123.4568         21-SEP-89 AD_VP           17000                       100            90                                                     
        102 Lex             De Haan         LDEHAAN    515.123.4569         13-JAN-93 AD_VP           17000                       100            90                                                     
        103 Alexander       Hunold          AHUNOLD    590.423.4567         03-JAN-90 IT_PROG          9000                       102            60                                                     
        104 Bruce           Ernst           BERNST     590.423.4568         21-MAY-91 IT_PROG          6000                       103            60                                                     
        107 Diana           Lorentz         DLORENTZ   590.423.5567         07-FEB-99 IT_PROG          4200                       103            60                                                     
        124 Kevin           Mourgos         KMOURGOS   650.123.5234         16-NOV-99 ST_MAN           5800                       100            50                                                     
        141 Trenna          Rajs            TRAJS      650.121.8009         17-OCT-95 ST_CLERK         3500                       124            50                                                     
        142 Curtis          Davies          CDAVIES    650.121.2994         29-JAN-97 ST_CLERK         3100                       124            50                                                     
        143 Randall         Matos           RMATOS     650.121.2874         15-MAR-98 ST_CLERK         2600                       124            50                                                     
        144 Peter           Vargas          PVARGAS    650.121.2004         09-JUL-98 ST_CLERK         2500                       124            50                                                     
        149 Eleni           Zlotkey         EZLOTKEY   011.44.1344.429018   29-JAN-00 SA_MAN          10500             .2        100            80                                                     
        174 Ellen           Abel            EABEL      011.44.1644.429267   11-MAY-96 SA_REP          11000             .3        149            80                                                     
        176 Jonathon        Taylor          JTAYLOR    011.44.1644.429265   24-MAR-98 SA_REP           8600             .3        149            80                                                     
        178 Kimerely        Grant           KGRANT     011.44.1644.429263   24-MAY-99 SA_REP           7000            .15        149                                                                   
        200 Jennifer        Whalen          JWHALEN    515.123.4444         17-SEP-87 AD_ASST          4400                       101            10                                                     
        201 Michael         Hartstein       MHARTSTE   515.123.5555         17-FEB-96 MK_MAN          13000                       100            20                                                     
        202 Pat             Fay             PFAY       603.123.6666         17-AUG-97 MK_REP           6000                       201            20                                                     
        205 Shelley         Higgins         SHIGGINS   515.123.8080         07-JUN-94 AC_MGR          12000                       101           110                                                     
        206 William         Gietz           WGIETZ     515.123.8181         07-JUN-94 AC_ACCOUNT       8300                       205           110                                                     

20 rows selected.

SQL> SELECT * FR
  2  OM EMPLOYEES;
SELECT * FR
         *
ERROR at line 1:
ORA-00923: FROM keyword not found where expected 


SQL> REM COLUMN HEADING ARE DISPLAYED IN CAPITAL BY DEFAULT
SQL> 
SQL> SELECT FIRST_NAME , HIRE_DATE joindate FROM EMPLOYEES;

FIRST_NAME      JOINDATE                                                                                                                                                                                
--------------- ---------                                                                                                                                                                               
Steven          17-JUL-87                                                                                                                                                                               
Neena           21-SEP-89                                                                                                                                                                               
Lex             13-JAN-93                                                                                                                                                                               
Alexander       03-JAN-90                                                                                                                                                                               
Bruce           21-MAY-91                                                                                                                                                                               
Diana           07-FEB-99                                                                                                                                                                               
Kevin           16-NOV-99                                                                                                                                                                               
Trenna          17-OCT-95                                                                                                                                                                               
Curtis          29-JAN-97                                                                                                                                                                               
Randall         15-MAR-98                                                                                                                                                                               
Peter           09-JUL-98                                                                                                                                                                               
Eleni           29-JAN-00                                                                                                                                                                               
Ellen           11-MAY-96                                                                                                                                                                               
Jonathon        24-MAR-98                                                                                                                                                                               
Kimerely        24-MAY-99                                                                                                                                                                               
Jennifer        17-SEP-87                                                                                                                                                                               
Michael         17-FEB-96                                                                                                                                                                               
Pat             17-AUG-97                                                                                                                                                                               
Shelley         07-JUN-94                                                                                                                                                                               
William         07-JUN-94                                                                                                                                                                               

20 rows selected.

SQL> REM * : META CHARACTER
SQL> 
SQL> REM * REPRESENTS ALL COLUMNS OF THE TABLE
SQL> 
SQL> SELECT * FROM REGIONS;

 REGION_ID REGION_NAME                                                                                                                                                                                  
---------- -------------------------                                                                                                                                                                    
         1 Europe                                                                                                                                                                                       
         2 Americas                                                                                                                                                                                     
         3 Asia                                                                                                                                                                                         
         4 Middle East and Africa                                                                                                                                                                       

SQL> SELECT REGION_ID , REGION_NAME FROM REGIONS;

 REGION_ID REGION_NAME                                                                                                                                                                                  
---------- -------------------------                                                                                                                                                                    
         1 Europe                                                                                                                                                                                       
         2 Americas                                                                                                                                                                                     
         3 Asia                                                                                                                                                                                         
         4 Middle East and Africa                                                                                                                                                                       

SQL> SELECT * FROM DEPARTMENTS;

DEPARTMENT_ID DEPARTMENT_NAME                MANAGER_ID LOCATION_ID                                                                                                                                     
------------- ------------------------------ ---------- -----------                                                                                                                                     
           10 Administration                        200        1700                                                                                                                                     
           20 Marketing                             201        1800                                                                                                                                     
           50 Shiping                               124        1500                                                                                                                                     
           60 IT                                    103        1400                                                                                                                                     
           80 Sales                                 149        2500                                                                                                                                     
           90 Executive                             100        1700                                                                                                                                     
          110 Accounting                            205        1700                                                                                                                                     
          190 Contracting                                      1700                                                                                                                                     

8 rows selected.

SQL> SELECT DEPARTMENT_ID , DEPARTMENT_NAME , MANAGER_ID , LOCATION_ID FROM DEPARTMENTS;

DEPARTMENT_ID DEPARTMENT_NAME                MANAGER_ID LOCATION_ID                                                                                                                                     
------------- ------------------------------ ---------- -----------                                                                                                                                     
           10 Administration                        200        1700                                                                                                                                     
           20 Marketing                             201        1800                                                                                                                                     
           50 Shiping                               124        1500                                                                                                                                     
           60 IT                                    103        1400                                                                                                                                     
           80 Sales                                 149        2500                                                                                                                                     
           90 Executive                             100        1700                                                                                                                                     
          110 Accounting                            205        1700                                                                                                                                     
          190 Contracting                                      1700                                                                                                                                     

8 rows selected.

SQL> SELECT * FROM EMPLOYEES;

EMPLOYEE_ID FIRST_NAME      LAST_NAME       EMAIL      PHONE_NUMBER         HIRE_DATE JOB_ID         SALARY COMMISSION_PCT MANAGER_ID DEPARTMENT_ID                                                     
----------- --------------- --------------- ---------- -------------------- --------- ---------- ---------- -------------- ---------- -------------                                                     
        100 Steven          King            SKING      515.123.4567         17-JUL-87 AD_PRES         24000                                      90                                                     
        101 Neena           Kochhar         NKOCHHAR   515.123.4568         21-SEP-89 AD_VP           17000                       100            90                                                     
        102 Lex             De Haan         LDEHAAN    515.123.4569         13-JAN-93 AD_VP           17000                       100            90                                                     
        103 Alexander       Hunold          AHUNOLD    590.423.4567         03-JAN-90 IT_PROG          9000                       102            60                                                     
        104 Bruce           Ernst           BERNST     590.423.4568         21-MAY-91 IT_PROG          6000                       103            60                                                     
        107 Diana           Lorentz         DLORENTZ   590.423.5567         07-FEB-99 IT_PROG          4200                       103            60                                                     
        124 Kevin           Mourgos         KMOURGOS   650.123.5234         16-NOV-99 ST_MAN           5800                       100            50                                                     
        141 Trenna          Rajs            TRAJS      650.121.8009         17-OCT-95 ST_CLERK         3500                       124            50                                                     
        142 Curtis          Davies          CDAVIES    650.121.2994         29-JAN-97 ST_CLERK         3100                       124            50                                                     
        143 Randall         Matos           RMATOS     650.121.2874         15-MAR-98 ST_CLERK         2600                       124            50                                                     
        144 Peter           Vargas          PVARGAS    650.121.2004         09-JUL-98 ST_CLERK         2500                       124            50                                                     
        149 Eleni           Zlotkey         EZLOTKEY   011.44.1344.429018   29-JAN-00 SA_MAN          10500             .2        100            80                                                     
        174 Ellen           Abel            EABEL      011.44.1644.429267   11-MAY-96 SA_REP          11000             .3        149            80                                                     
        176 Jonathon        Taylor          JTAYLOR    011.44.1644.429265   24-MAR-98 SA_REP           8600             .3        149            80                                                     
        178 Kimerely        Grant           KGRANT     011.44.1644.429263   24-MAY-99 SA_REP           7000            .15        149                                                                   
        200 Jennifer        Whalen          JWHALEN    515.123.4444         17-SEP-87 AD_ASST          4400                       101            10                                                     
        201 Michael         Hartstein       MHARTSTE   515.123.5555         17-FEB-96 MK_MAN          13000                       100            20                                                     
        202 Pat             Fay             PFAY       603.123.6666         17-AUG-97 MK_REP           6000                       201            20                                                     
        205 Shelley         Higgins         SHIGGINS   515.123.8080         07-JUN-94 AC_MGR          12000                       101           110                                                     
        206 William         Gietz           WGIETZ     515.123.8181         07-JUN-94 AC_ACCOUNT       8300                       205           110                                                     

20 rows selected.

SQL> REM PROJECTION
SQL> 
SQL> REM PROJECTION : IS DISPLAYING SOME OF THE SELECTED COLUMNS OF OUR CHOICE, INSTEAD OF DISPLAYING ALL COLUMNS.
SQL> 
SQL> SELECT * FROM EMPLOYEES;

EMPLOYEE_ID FIRST_NAME      LAST_NAME       EMAIL      PHONE_NUMBER         HIRE_DATE JOB_ID         SALARY COMMISSION_PCT MANAGER_ID DEPARTMENT_ID                                                     
----------- --------------- --------------- ---------- -------------------- --------- ---------- ---------- -------------- ---------- -------------                                                     
        100 Steven          King            SKING      515.123.4567         17-JUL-87 AD_PRES         24000                                      90                                                     
        101 Neena           Kochhar         NKOCHHAR   515.123.4568         21-SEP-89 AD_VP           17000                       100            90                                                     
        102 Lex             De Haan         LDEHAAN    515.123.4569         13-JAN-93 AD_VP           17000                       100            90                                                     
        103 Alexander       Hunold          AHUNOLD    590.423.4567         03-JAN-90 IT_PROG          9000                       102            60                                                     
        104 Bruce           Ernst           BERNST     590.423.4568         21-MAY-91 IT_PROG          6000                       103            60                                                     
        107 Diana           Lorentz         DLORENTZ   590.423.5567         07-FEB-99 IT_PROG          4200                       103            60                                                     
        124 Kevin           Mourgos         KMOURGOS   650.123.5234         16-NOV-99 ST_MAN           5800                       100            50                                                     
        141 Trenna          Rajs            TRAJS      650.121.8009         17-OCT-95 ST_CLERK         3500                       124            50                                                     
        142 Curtis          Davies          CDAVIES    650.121.2994         29-JAN-97 ST_CLERK         3100                       124            50                                                     
        143 Randall         Matos           RMATOS     650.121.2874         15-MAR-98 ST_CLERK         2600                       124            50                                                     
        144 Peter           Vargas          PVARGAS    650.121.2004         09-JUL-98 ST_CLERK         2500                       124            50                                                     
        149 Eleni           Zlotkey         EZLOTKEY   011.44.1344.429018   29-JAN-00 SA_MAN          10500             .2        100            80                                                     
        174 Ellen           Abel            EABEL      011.44.1644.429267   11-MAY-96 SA_REP          11000             .3        149            80                                                     
        176 Jonathon        Taylor          JTAYLOR    011.44.1644.429265   24-MAR-98 SA_REP           8600             .3        149            80                                                     
        178 Kimerely        Grant           KGRANT     011.44.1644.429263   24-MAY-99 SA_REP           7000            .15        149                                                                   
        200 Jennifer        Whalen          JWHALEN    515.123.4444         17-SEP-87 AD_ASST          4400                       101            10                                                     
        201 Michael         Hartstein       MHARTSTE   515.123.5555         17-FEB-96 MK_MAN          13000                       100            20                                                     
        202 Pat             Fay             PFAY       603.123.6666         17-AUG-97 MK_REP           6000                       201            20                                                     
        205 Shelley         Higgins         SHIGGINS   515.123.8080         07-JUN-94 AC_MGR          12000                       101           110                                                     
        206 William         Gietz           WGIETZ     515.123.8181         07-JUN-94 AC_ACCOUNT       8300                       205           110                                                     

20 rows selected.

SQL> SELECT FIRST_NAME FROM EMPLOYEES;

FIRST_NAME                                                                                                                                                                                              
---------------                                                                                                                                                                                         
Alexander                                                                                                                                                                                               
Bruce                                                                                                                                                                                                   
Curtis                                                                                                                                                                                                  
Diana                                                                                                                                                                                                   
Eleni                                                                                                                                                                                                   
Ellen                                                                                                                                                                                                   
Jennifer                                                                                                                                                                                                
Jonathon                                                                                                                                                                                                
Kevin                                                                                                                                                                                                   
Kimerely                                                                                                                                                                                                
Lex                                                                                                                                                                                                     
Michael                                                                                                                                                                                                 
Neena                                                                                                                                                                                                   
Pat                                                                                                                                                                                                     
Peter                                                                                                                                                                                                   
Randall                                                                                                                                                                                                 
Shelley                                                                                                                                                                                                 
Steven                                                                                                                                                                                                  
Trenna                                                                                                                                                                                                  
William                                                                                                                                                                                                 

20 rows selected.

SQL> SELECT FIRST_NAME , SALARY FROM EMPLOYEES;

FIRST_NAME          SALARY                                                                                                                                                                              
--------------- ----------                                                                                                                                                                              
Steven               24000                                                                                                                                                                              
Neena                17000                                                                                                                                                                              
Lex                  17000                                                                                                                                                                              
Alexander             9000                                                                                                                                                                              
Bruce                 6000                                                                                                                                                                              
Diana                 4200                                                                                                                                                                              
Kevin                 5800                                                                                                                                                                              
Trenna                3500                                                                                                                                                                              
Curtis                3100                                                                                                                                                                              
Randall               2600                                                                                                                                                                              
Peter                 2500                                                                                                                                                                              
Eleni                10500                                                                                                                                                                              
Ellen                11000                                                                                                                                                                              
Jonathon              8600                                                                                                                                                                              
Kimerely              7000                                                                                                                                                                              
Jennifer              4400                                                                                                                                                                              
Michael              13000                                                                                                                                                                              
Pat                   6000                                                                                                                                                                              
Shelley              12000                                                                                                                                                                              
William               8300                                                                                                                                                                              

20 rows selected.

SQL> SELECT FIRST_NAME , HIRE_DATE , SALARY FROM EMPLOYEES;

FIRST_NAME      HIRE_DATE     SALARY                                                                                                                                                                    
--------------- --------- ----------                                                                                                                                                                    
Steven          17-JUL-87      24000                                                                                                                                                                    
Neena           21-SEP-89      17000                                                                                                                                                                    
Lex             13-JAN-93      17000                                                                                                                                                                    
Alexander       03-JAN-90       9000                                                                                                                                                                    
Bruce           21-MAY-91       6000                                                                                                                                                                    
Diana           07-FEB-99       4200                                                                                                                                                                    
Kevin           16-NOV-99       5800                                                                                                                                                                    
Trenna          17-OCT-95       3500                                                                                                                                                                    
Curtis          29-JAN-97       3100                                                                                                                                                                    
Randall         15-MAR-98       2600                                                                                                                                                                    
Peter           09-JUL-98       2500                                                                                                                                                                    
Eleni           29-JAN-00      10500                                                                                                                                                                    
Ellen           11-MAY-96      11000                                                                                                                                                                    
Jonathon        24-MAR-98       8600                                                                                                                                                                    
Kimerely        24-MAY-99       7000                                                                                                                                                                    
Jennifer        17-SEP-87       4400                                                                                                                                                                    
Michael         17-FEB-96      13000                                                                                                                                                                    
Pat             17-AUG-97       6000                                                                                                                                                                    
Shelley         07-JUN-94      12000                                                                                                                                                                    
William         07-JUN-94       8300                                                                                                                                                                    

20 rows selected.

SQL> SELECT DEPARTMENT_ID , FIRST_NAME , HIRE_DATE , SALARY FROM EMPLOYEES;

DEPARTMENT_ID FIRST_NAME      HIRE_DATE     SALARY                                                                                                                                                      
------------- --------------- --------- ----------                                                                                                                                                      
           90 Steven          17-JUL-87      24000                                                                                                                                                      
           90 Neena           21-SEP-89      17000                                                                                                                                                      
           90 Lex             13-JAN-93      17000                                                                                                                                                      
           60 Alexander       03-JAN-90       9000                                                                                                                                                      
           60 Bruce           21-MAY-91       6000                                                                                                                                                      
           60 Diana           07-FEB-99       4200                                                                                                                                                      
           50 Kevin           16-NOV-99       5800                                                                                                                                                      
           50 Trenna          17-OCT-95       3500                                                                                                                                                      
           50 Curtis          29-JAN-97       3100                                                                                                                                                      
           50 Randall         15-MAR-98       2600                                                                                                                                                      
           50 Peter           09-JUL-98       2500                                                                                                                                                      
           80 Eleni           29-JAN-00      10500                                                                                                                                                      
           80 Ellen           11-MAY-96      11000                                                                                                                                                      
           80 Jonathon        24-MAR-98       8600                                                                                                                                                      
              Kimerely        24-MAY-99       7000                                                                                                                                                      
           10 Jennifer        17-SEP-87       4400                                                                                                                                                      
           20 Michael         17-FEB-96      13000                                                                                                                                                      
           20 Pat             17-AUG-97       6000                                                                                                                                                      
          110 Shelley         07-JUN-94      12000                                                                                                                                                      
          110 William         07-JUN-94       8300                                                                                                                                                      

20 rows selected.

SQL> REM ARITHMETIC OPERATORS
SQL> 
SQL> REM ARITHMETIC OPERATORS : / * + -
> 
SQL> REM / DIVISION
SQL> 
SQL> REM * MULTIPLICATION
SQL> 
SQL> REM + ADDITION
SQL> 
SQL> REM - SUBTRACTION
SQL> 
SQL> 
SQL> SELECT FIRST_NAME , SALARY FROM EMPLOYEES;

FIRST_NAME          SALARY                                                                                                                                                                              
--------------- ----------                                                                                                                                                                              
Steven               24000                                                                                                                                                                              
Neena                17000                                                                                                                                                                              
Lex                  17000                                                                                                                                                                              
Alexander             9000                                                                                                                                                                              
Bruce                 6000                                                                                                                                                                              
Diana                 4200                                                                                                                                                                              
Kevin                 5800                                                                                                                                                                              
Trenna                3500                                                                                                                                                                              
Curtis                3100                                                                                                                                                                              
Randall               2600                                                                                                                                                                              
Peter                 2500                                                                                                                                                                              
Eleni                10500                                                                                                                                                                              
Ellen                11000                                                                                                                                                                              
Jonathon              8600                                                                                                                                                                              
Kimerely              7000                                                                                                                                                                              
Jennifer              4400                                                                                                                                                                              
Michael              13000                                                                                                                                                                              
Pat                   6000                                                                                                                                                                              
Shelley              12000                                                                                                                                                                              
William               8300                                                                                                                                                                              

20 rows selected.

SQL> REM 1 MONTH = 28 TO3 1 DAYS
SQL> 
SQL> REM 1 MONTH = 28 TO 31 DAYS
SQL> 
SQL> REM 1 MONTH = 30 DAYS
SQL> 
SQL> REM DAILY SALARY = SALARY / 30
SQL> 
SQL> SELECT FIRST_NAME , SALARY , SALARY / 30 FROM EMPLOYEES;

FIRST_NAME          SALARY  SALARY/30                                                                                                                                                                   
--------------- ---------- ----------                                                                                                                                                                   
Steven               24000        800                                                                                                                                                                   
Neena                17000 566.666667                                                                                                                                                                   
Lex                  17000 566.666667                                                                                                                                                                   
Alexander             9000        300                                                                                                                                                                   
Bruce                 6000        200                                                                                                                                                                   
Diana                 4200        140                                                                                                                                                                   
Kevin                 5800 193.333333                                                                                                                                                                   
Trenna                3500 116.666667                                                                                                                                                                   
Curtis                3100 103.333333                                                                                                                                                                   
Randall               2600 86.6666667                                                                                                                                                                   
Peter                 2500 83.3333333                                                                                                                                                                   
Eleni                10500        350                                                                                                                                                                   
Ellen                11000 366.666667                                                                                                                                                                   
Jonathon              8600 286.666667                                                                                                                                                                   
Kimerely              7000 233.333333                                                                                                                                                                   
Jennifer              4400 146.666667                                                                                                                                                                   
Michael              13000 433.333333                                                                                                                                                                   
Pat                   6000        200                                                                                                                                                                   
Shelley              12000        400                                                                                                                                                                   
William               8300 276.666667                                                                                                                                                                   

20 rows selected.

SQL> SELECT FIRST_NAME , SALARY , SALARY / 30 AS DAILYSALARY FROM EMPLOYEES;

FIRST_NAME          SALARY DAILYSALARY                                                                                                                                                                  
--------------- ---------- -----------                                                                                                                                                                  
Steven               24000         800                                                                                                                                                                  
Neena                17000  566.666667                                                                                                                                                                  
Lex                  17000  566.666667                                                                                                                                                                  
Alexander             9000         300                                                                                                                                                                  
Bruce                 6000         200                                                                                                                                                                  
Diana                 4200         140                                                                                                                                                                  
Kevin                 5800  193.333333                                                                                                                                                                  
Trenna                3500  116.666667                                                                                                                                                                  
Curtis                3100  103.333333                                                                                                                                                                  
Randall               2600  86.6666667                                                                                                                                                                  
Peter                 2500  83.3333333                                                                                                                                                                  
Eleni                10500         350                                                                                                                                                                  
Ellen                11000  366.666667                                                                                                                                                                  
Jonathon              8600  286.666667                                                                                                                                                                  
Kimerely              7000  233.333333                                                                                                                                                                  
Jennifer              4400  146.666667                                                                                                                                                                  
Michael              13000  433.333333                                                                                                                                                                  
Pat                   6000         200                                                                                                                                                                  
Shelley              12000         400                                                                                                                                                                  
William               8300  276.666667                                                                                                                                                                  

20 rows selected.

SQL> SELECT FIRST_NAME , SALARY , SALARY / 30 DAILYSALARY FROM EMPLOYEES;

FIRST_NAME          SALARY DAILYSALARY                                                                                                                                                                  
--------------- ---------- -----------                                                                                                                                                                  
Steven               24000         800                                                                                                                                                                  
Neena                17000  566.666667                                                                                                                                                                  
Lex                  17000  566.666667                                                                                                                                                                  
Alexander             9000         300                                                                                                                                                                  
Bruce                 6000         200                                                                                                                                                                  
Diana                 4200         140                                                                                                                                                                  
Kevin                 5800  193.333333                                                                                                                                                                  
Trenna                3500  116.666667                                                                                                                                                                  
Curtis                3100  103.333333                                                                                                                                                                  
Randall               2600  86.6666667                                                                                                                                                                  
Peter                 2500  83.3333333                                                                                                                                                                  
Eleni                10500         350                                                                                                                                                                  
Ellen                11000  366.666667                                                                                                                                                                  
Jonathon              8600  286.666667                                                                                                                                                                  
Kimerely              7000  233.333333                                                                                                                                                                  
Jennifer              4400  146.666667                                                                                                                                                                  
Michael              13000  433.333333                                                                                                                                                                  
Pat                   6000         200                                                                                                                                                                  
Shelley              12000         400                                                                                                                                                                  
William               8300  276.666667                                                                                                                                                                  

20 rows selected.

SQL> REM , IS USED AS SEPARATORS BETWEEN COLUMNS
SQL> 
SQL> 
SQL> REM SPACE IS USED AS SEPARATOR BETWEEN COLUMN AND COLUMN ALIAS/HEADING
SQL> 
SQL> REM AS KEY WORD IS OPTIONAL
SQL> 
SQL> REM YEARLY SALARY = SALARY * 12
SQL> 
SQL> 
SQL> SELECT FIRST_NAME , SALARY , SALARY * 12 YEARLYSALARY FROM EMPLOYEES;

FIRST_NAME          SALARY YEARLYSALARY                                                                                                                                                                 
--------------- ---------- ------------                                                                                                                                                                 
Steven               24000       288000                                                                                                                                                                 
Neena                17000       204000                                                                                                                                                                 
Lex                  17000       204000                                                                                                                                                                 
Alexander             9000       108000                                                                                                                                                                 
Bruce                 6000        72000                                                                                                                                                                 
Diana                 4200        50400                                                                                                                                                                 
Kevin                 5800        69600                                                                                                                                                                 
Trenna                3500        42000                                                                                                                                                                 
Curtis                3100        37200                                                                                                                                                                 
Randall               2600        31200                                                                                                                                                                 
Peter                 2500        30000                                                                                                                                                                 
Eleni                10500       126000                                                                                                                                                                 
Ellen                11000       132000                                                                                                                                                                 
Jonathon              8600       103200                                                                                                                                                                 
Kimerely              7000        84000                                                                                                                                                                 
Jennifer              4400        52800                                                                                                                                                                 
Michael              13000       156000                                                                                                                                                                 
Pat                   6000        72000                                                                                                                                                                 
Shelley              12000       144000                                                                                                                                                                 
William               8300        99600                                                                                                                                                                 

20 rows selected.

SQL> REM INCREMENT : +1200
SQL> 
SQL> SELECT FIRST_NAME , SALARY , SALARY + 1200 INCREMENTED_SALARY FROM EMPLOYEES;

FIRST_NAME          SALARY INCREMENTED_SALARY                                                                                                                                                           
--------------- ---------- ------------------                                                                                                                                                           
Steven               24000              25200                                                                                                                                                           
Neena                17000              18200                                                                                                                                                           
Lex                  17000              18200                                                                                                                                                           
Alexander             9000              10200                                                                                                                                                           
Bruce                 6000               7200                                                                                                                                                           
Diana                 4200               5400                                                                                                                                                           
Kevin                 5800               7000                                                                                                                                                           
Trenna                3500               4700                                                                                                                                                           
Curtis                3100               4300                                                                                                                                                           
Randall               2600               3800                                                                                                                                                           
Peter                 2500               3700                                                                                                                                                           
Eleni                10500              11700                                                                                                                                                           
Ellen                11000              12200                                                                                                                                                           
Jonathon              8600               9800                                                                                                                                                           
Kimerely              7000               8200                                                                                                                                                           
Jennifer              4400               5600                                                                                                                                                           
Michael              13000              14200                                                                                                                                                           
Pat                   6000               7200                                                                                                                                                           
Shelley              12000              13200                                                                                                                                                           
William               8300               9500                                                                                                                                                           

20 rows selected.

SQL> REM DEDUCTION : 600
SQL> 
SQL> SELECT FIRST_NAME , SALARY , SALARY - 600 DEDUCTED_SALARY FROM EMPLOYEES;

FIRST_NAME          SALARY DEDUCTED_SALARY                                                                                                                                                              
--------------- ---------- ---------------                                                                                                                                                              
Steven               24000           23400                                                                                                                                                              
Neena                17000           16400                                                                                                                                                              
Lex                  17000           16400                                                                                                                                                              
Alexander             9000            8400                                                                                                                                                              
Bruce                 6000            5400                                                                                                                                                              
Diana                 4200            3600                                                                                                                                                              
Kevin                 5800            5200                                                                                                                                                              
Trenna                3500            2900                                                                                                                                                              
Curtis                3100            2500                                                                                                                                                              
Randall               2600            2000                                                                                                                                                              
Peter                 2500            1900                                                                                                                                                              
Eleni                10500            9900                                                                                                                                                              
Ellen                11000           10400                                                                                                                                                              
Jonathon              8600            8000                                                                                                                                                              
Kimerely              7000            6400                                                                                                                                                              
Jennifer              4400            3800                                                                                                                                                              
Michael              13000           12400                                                                                                                                                              
Pat                   6000            5400                                                                                                                                                              
Shelley              12000           11400                                                                                                                                                              
William               8300            7700                                                                                                                                                              

20 rows selected.

SQL> SELECT FIRST_NAME , SALARY , SALARY - 600 DEDUCTED SALARY FROM EMPLOYEES;
SELECT FIRST_NAME , SALARY , SALARY - 600 DEDUCTED SALARY FROM EMPLOYEES
                                                   *
ERROR at line 1:
ORA-00923: FROM keyword not found where expected 


SQL> SELECT FIRST_NAME , SALARY , SALARY - 600 "DEDUCTED SALARY" FROM EMPLOYEES;

FIRST_NAME          SALARY DEDUCTED SALARY                                                                                                                                                              
--------------- ---------- ---------------                                                                                                                                                              
Steven               24000           23400                                                                                                                                                              
Neena                17000           16400                                                                                                                                                              
Lex                  17000           16400                                                                                                                                                              
Alexander             9000            8400                                                                                                                                                              
Bruce                 6000            5400                                                                                                                                                              
Diana                 4200            3600                                                                                                                                                              
Kevin                 5800            5200                                                                                                                                                              
Trenna                3500            2900                                                                                                                                                              
Curtis                3100            2500                                                                                                                                                              
Randall               2600            2000                                                                                                                                                              
Peter                 2500            1900                                                                                                                                                              
Eleni                10500            9900                                                                                                                                                              
Ellen                11000           10400                                                                                                                                                              
Jonathon              8600            8000                                                                                                                                                              
Kimerely              7000            6400                                                                                                                                                              
Jennifer              4400            3800                                                                                                                                                              
Michael              13000           12400                                                                                                                                                              
Pat                   6000            5400                                                                                                                                                              
Shelley              12000           11400                                                                                                                                                              
William               8300            7700                                                                                                                                                              

20 rows selected.

SQL> SELECT FIRST_NAME , SALARY , SALARY - 600 DeductedSalary FROM EMPLOYEES;

FIRST_NAME          SALARY DEDUCTEDSALARY                                                                                                                                                               
--------------- ---------- --------------                                                                                                                                                               
Steven               24000          23400                                                                                                                                                               
Neena                17000          16400                                                                                                                                                               
Lex                  17000          16400                                                                                                                                                               
Alexander             9000           8400                                                                                                                                                               
Bruce                 6000           5400                                                                                                                                                               
Diana                 4200           3600                                                                                                                                                               
Kevin                 5800           5200                                                                                                                                                               
Trenna                3500           2900                                                                                                                                                               
Curtis                3100           2500                                                                                                                                                               
Randall               2600           2000                                                                                                                                                               
Peter                 2500           1900                                                                                                                                                               
Eleni                10500           9900                                                                                                                                                               
Ellen                11000          10400                                                                                                                                                               
Jonathon              8600           8000                                                                                                                                                               
Kimerely              7000           6400                                                                                                                                                               
Jennifer              4400           3800                                                                                                                                                               
Michael              13000          12400                                                                                                                                                               
Pat                   6000           5400                                                                                                                                                               
Shelley              12000          11400                                                                                                                                                               
William               8300           7700                                                                                                                                                               

20 rows selected.

SQL> SELECT FIRST_NAME , SALARY , SALARY - 600 "DeductedSalary" FROM EMPLOYEES;

FIRST_NAME          SALARY DeductedSalary                                                                                                                                                               
--------------- ---------- --------------                                                                                                                                                               
Steven               24000          23400                                                                                                                                                               
Neena                17000          16400                                                                                                                                                               
Lex                  17000          16400                                                                                                                                                               
Alexander             9000           8400                                                                                                                                                               
Bruce                 6000           5400                                                                                                                                                               
Diana                 4200           3600                                                                                                                                                               
Kevin                 5800           5200                                                                                                                                                               
Trenna                3500           2900                                                                                                                                                               
Curtis                3100           2500                                                                                                                                                               
Randall               2600           2000                                                                                                                                                               
Peter                 2500           1900                                                                                                                                                               
Eleni                10500           9900                                                                                                                                                               
Ellen                11000          10400                                                                                                                                                               
Jonathon              8600           8000                                                                                                                                                               
Kimerely              7000           6400                                                                                                                                                               
Jennifer              4400           3800                                                                                                                                                               
Michael              13000          12400                                                                                                                                                               
Pat                   6000           5400                                                                                                                                                               
Shelley              12000          11400                                                                                                                                                               
William               8300           7700                                                                                                                                                               

20 rows selected.

SQL> SELECT FIRST_NAME , SALARY , SALARY - 600 DEDUCTED_#$SALARY FROM EMPLOYEES;

FIRST_NAME          SALARY DEDUCTED_#$SALARY                                                                                                                                                            
--------------- ---------- -----------------                                                                                                                                                            
Steven               24000             23400                                                                                                                                                            
Neena                17000             16400                                                                                                                                                            
Lex                  17000             16400                                                                                                                                                            
Alexander             9000              8400                                                                                                                                                            
Bruce                 6000              5400                                                                                                                                                            
Diana                 4200              3600                                                                                                                                                            
Kevin                 5800              5200                                                                                                                                                            
Trenna                3500              2900                                                                                                                                                            
Curtis                3100              2500                                                                                                                                                            
Randall               2600              2000                                                                                                                                                            
Peter                 2500              1900                                                                                                                                                            
Eleni                10500              9900                                                                                                                                                            
Ellen                11000             10400                                                                                                                                                            
Jonathon              8600              8000                                                                                                                                                            
Kimerely              7000              6400                                                                                                                                                            
Jennifer              4400              3800                                                                                                                                                            
Michael              13000             12400                                                                                                                                                            
Pat                   6000              5400                                                                                                                                                            
Shelley              12000             11400                                                                                                                                                            
William               8300              7700                                                                                                                                                            

20 rows selected.

SQL> SELECT FIRST_NAME , SALARY , SALARY - 600 DEDUCTED_#$^SALARY FROM EMPLOYEES;
SELECT FIRST_NAME , SALARY , SALARY - 600 DEDUCTED_#$^SALARY FROM EMPLOYEES
                                                     *
ERROR at line 1:
ORA-00923: FROM keyword not found where expected 


SQL> SELECT FIRST_NAME , SALARY , SALARY - 600 "DEDUCTED_#$^SALARY" FROM EMPLOYEES;

FIRST_NAME          SALARY DEDUCTED_#$^SALARY                                                                                                                                                           
--------------- ---------- ------------------                                                                                                                                                           
Steven               24000              23400                                                                                                                                                           
Neena                17000              16400                                                                                                                                                           
Lex                  17000              16400                                                                                                                                                           
Alexander             9000               8400                                                                                                                                                           
Bruce                 6000               5400                                                                                                                                                           
Diana                 4200               3600                                                                                                                                                           
Kevin                 5800               5200                                                                                                                                                           
Trenna                3500               2900                                                                                                                                                           
Curtis                3100               2500                                                                                                                                                           
Randall               2600               2000                                                                                                                                                           
Peter                 2500               1900                                                                                                                                                           
Eleni                10500               9900                                                                                                                                                           
Ellen                11000              10400                                                                                                                                                           
Jonathon              8600               8000                                                                                                                                                           
Kimerely              7000               6400                                                                                                                                                           
Jennifer              4400               3800                                                                                                                                                           
Michael              13000              12400                                                                                                                                                           
Pat                   6000               5400                                                                                                                                                           
Shelley              12000              11400                                                                                                                                                           
William               8300               7700                                                                                                                                                           

20 rows selected.

SQL> SELECT FIRST_NAME , SALARY , SALARY - 600 select FROM EMPLOYEES;
SELECT FIRST_NAME , SALARY , SALARY - 600 select FROM EMPLOYEES
                                          *
ERROR at line 1:
ORA-00923: FROM keyword not found where expected 


SQL> SELECT FIRST_NAME , SALARY , SALARY - 600 "select" FROM EMPLOYEES;

FIRST_NAME          SALARY     select                                                                                                                                                                   
--------------- ---------- ----------                                                                                                                                                                   
Steven               24000      23400                                                                                                                                                                   
Neena                17000      16400                                                                                                                                                                   
Lex                  17000      16400                                                                                                                                                                   
Alexander             9000       8400                                                                                                                                                                   
Bruce                 6000       5400                                                                                                                                                                   
Diana                 4200       3600                                                                                                                                                                   
Kevin                 5800       5200                                                                                                                                                                   
Trenna                3500       2900                                                                                                                                                                   
Curtis                3100       2500                                                                                                                                                                   
Randall               2600       2000                                                                                                                                                                   
Peter                 2500       1900                                                                                                                                                                   
Eleni                10500       9900                                                                                                                                                                   
Ellen                11000      10400                                                                                                                                                                   
Jonathon              8600       8000                                                                                                                                                                   
Kimerely              7000       6400                                                                                                                                                                   
Jennifer              4400       3800                                                                                                                                                                   
Michael              13000      12400                                                                                                                                                                   
Pat                   6000       5400                                                                                                                                                                   
Shelley              12000      11400                                                                                                                                                                   
William               8300       7700                                                                                                                                                                   

20 rows selected.

SQL> REM CONCATENATION OPERATOR
SQL> 
SQL> REM CONCATENATION OPERATOR : ||
SQL> 
SQL> REM CONCATENATION OPERATOR IS USED TO JOIN/CLUB TWO ITEMS OF ANY DATA TYPES
SQL> 
SQL> 
SQL> SELECT FIRST_NAME , LAST_NAME FROM EMPLOYEES;

FIRST_NAME      LAST_NAME                                                                                                                                                                               
--------------- ---------------                                                                                                                                                                         
Alexander       Hunold                                                                                                                                                                                  
Bruce           Ernst                                                                                                                                                                                   
Curtis          Davies                                                                                                                                                                                  
Diana           Lorentz                                                                                                                                                                                 
Eleni           Zlotkey                                                                                                                                                                                 
Ellen           Abel                                                                                                                                                                                    
Jennifer        Whalen                                                                                                                                                                                  
Jonathon        Taylor                                                                                                                                                                                  
Kevin           Mourgos                                                                                                                                                                                 
Kimerely        Grant                                                                                                                                                                                   
Lex             De Haan                                                                                                                                                                                 
Michael         Hartstein                                                                                                                                                                               
Neena           Kochhar                                                                                                                                                                                 
Pat             Fay                                                                                                                                                                                     
Peter           Vargas                                                                                                                                                                                  
Randall         Matos                                                                                                                                                                                   
Shelley         Higgins                                                                                                                                                                                 
Steven          King                                                                                                                                                                                    
Trenna          Rajs                                                                                                                                                                                    
William         Gietz                                                                                                                                                                                   

20 rows selected.

SQL> SELECT FIRST_NAME || LAST_NAME FROM EMPLOYEES;

FIRST_NAME||LAST_NAME                                                                                                                                                                                   
------------------------------                                                                                                                                                                          
AlexanderHunold                                                                                                                                                                                         
BruceErnst                                                                                                                                                                                              
CurtisDavies                                                                                                                                                                                            
DianaLorentz                                                                                                                                                                                            
EleniZlotkey                                                                                                                                                                                            
EllenAbel                                                                                                                                                                                               
JenniferWhalen                                                                                                                                                                                          
JonathonTaylor                                                                                                                                                                                          
KevinMourgos                                                                                                                                                                                            
KimerelyGrant                                                                                                                                                                                           
LexDe Haan                                                                                                                                                                                              
MichaelHartstein                                                                                                                                                                                        
NeenaKochhar                                                                                                                                                                                            
PatFay                                                                                                                                                                                                  
PeterVargas                                                                                                                                                                                             
RandallMatos                                                                                                                                                                                            
ShelleyHiggins                                                                                                                                                                                          
StevenKing                                                                                                                                                                                              
TrennaRajs                                                                                                                                                                                              
WilliamGietz                                                                                                                                                                                            

20 rows selected.

SQL> SELECT FIRST_NAME || LAST_NAME "FULL NAME" FROM EMPLOYEES;

FULL NAME                                                                                                                                                                                               
------------------------------                                                                                                                                                                          
AlexanderHunold                                                                                                                                                                                         
BruceErnst                                                                                                                                                                                              
CurtisDavies                                                                                                                                                                                            
DianaLorentz                                                                                                                                                                                            
EleniZlotkey                                                                                                                                                                                            
EllenAbel                                                                                                                                                                                               
JenniferWhalen                                                                                                                                                                                          
JonathonTaylor                                                                                                                                                                                          
KevinMourgos                                                                                                                                                                                            
KimerelyGrant                                                                                                                                                                                           
LexDe Haan                                                                                                                                                                                              
MichaelHartstein                                                                                                                                                                                        
NeenaKochhar                                                                                                                                                                                            
PatFay                                                                                                                                                                                                  
PeterVargas                                                                                                                                                                                             
RandallMatos                                                                                                                                                                                            
ShelleyHiggins                                                                                                                                                                                          
StevenKing                                                                                                                                                                                              
TrennaRajs                                                                                                                                                                                              
WilliamGietz                                                                                                                                                                                            

20 rows selected.

SQL> SELECT FIRST_NAME | | LAST_NAME "FULL NAME" FROM EMPLOYEES;

FULL NAME                                                                                                                                                                                               
------------------------------                                                                                                                                                                          
AlexanderHunold                                                                                                                                                                                         
BruceErnst                                                                                                                                                                                              
CurtisDavies                                                                                                                                                                                            
DianaLorentz                                                                                                                                                                                            
EleniZlotkey                                                                                                                                                                                            
EllenAbel                                                                                                                                                                                               
JenniferWhalen                                                                                                                                                                                          
JonathonTaylor                                                                                                                                                                                          
KevinMourgos                                                                                                                                                                                            
KimerelyGrant                                                                                                                                                                                           
LexDe Haan                                                                                                                                                                                              
MichaelHartstein                                                                                                                                                                                        
NeenaKochhar                                                                                                                                                                                            
PatFay                                                                                                                                                                                                  
PeterVargas                                                                                                                                                                                             
RandallMatos                                                                                                                                                                                            
ShelleyHiggins                                                                                                                                                                                          
StevenKing                                                                                                                                                                                              
TrennaRajs                                                                                                                                                                                              
WilliamGietz                                                                                                                                                                                            

20 rows selected.

SQL> SELECT FIRST_NAME || ' ' || LAST_NAME "FULL NAME" FROM EMPLOYEES;

FULL NAME                                                                                                                                                                                               
-------------------------------                                                                                                                                                                         
Alexander Hunold                                                                                                                                                                                        
Bruce Ernst                                                                                                                                                                                             
Curtis Davies                                                                                                                                                                                           
Diana Lorentz                                                                                                                                                                                           
Eleni Zlotkey                                                                                                                                                                                           
Ellen Abel                                                                                                                                                                                              
Jennifer Whalen                                                                                                                                                                                         
Jonathon Taylor                                                                                                                                                                                         
Kevin Mourgos                                                                                                                                                                                           
Kimerely Grant                                                                                                                                                                                          
Lex De Haan                                                                                                                                                                                             
Michael Hartstein                                                                                                                                                                                       
Neena Kochhar                                                                                                                                                                                           
Pat Fay                                                                                                                                                                                                 
Peter Vargas                                                                                                                                                                                            
Randall Matos                                                                                                                                                                                           
Shelley Higgins                                                                                                                                                                                         
Steven King                                                                                                                                                                                             
Trenna Rajs                                                                                                                                                                                             
William Gietz                                                                                                                                                                                           

20 rows selected.

SQL> SELECT FIRST_NAME || ',' || LAST_NAME "FULL NAME" FROM EMPLOYEES;

FULL NAME                                                                                                                                                                                               
-------------------------------                                                                                                                                                                         
Alexander,Hunold                                                                                                                                                                                        
Bruce,Ernst                                                                                                                                                                                             
Curtis,Davies                                                                                                                                                                                           
Diana,Lorentz                                                                                                                                                                                           
Eleni,Zlotkey                                                                                                                                                                                           
Ellen,Abel                                                                                                                                                                                              
Jennifer,Whalen                                                                                                                                                                                         
Jonathon,Taylor                                                                                                                                                                                         
Kevin,Mourgos                                                                                                                                                                                           
Kimerely,Grant                                                                                                                                                                                          
Lex,De Haan                                                                                                                                                                                             
Michael,Hartstein                                                                                                                                                                                       
Neena,Kochhar                                                                                                                                                                                           
Pat,Fay                                                                                                                                                                                                 
Peter,Vargas                                                                                                                                                                                            
Randall,Matos                                                                                                                                                                                           
Shelley,Higgins                                                                                                                                                                                         
Steven,King                                                                                                                                                                                             
Trenna,Rajs                                                                                                                                                                                             
William,Gietz                                                                                                                                                                                           

20 rows selected.

SQL> SELECT FIRST_NAME || ' : ' || LAST_NAME "FULL NAME" FROM EMPLOYEES;

FULL NAME                                                                                                                                                                                               
---------------------------------                                                                                                                                                                       
Alexander : Hunold                                                                                                                                                                                      
Bruce : Ernst                                                                                                                                                                                           
Curtis : Davies                                                                                                                                                                                         
Diana : Lorentz                                                                                                                                                                                         
Eleni : Zlotkey                                                                                                                                                                                         
Ellen : Abel                                                                                                                                                                                            
Jennifer : Whalen                                                                                                                                                                                       
Jonathon : Taylor                                                                                                                                                                                       
Kevin : Mourgos                                                                                                                                                                                         
Kimerely : Grant                                                                                                                                                                                        
Lex : De Haan                                                                                                                                                                                           
Michael : Hartstein                                                                                                                                                                                     
Neena : Kochhar                                                                                                                                                                                         
Pat : Fay                                                                                                                                                                                               
Peter : Vargas                                                                                                                                                                                          
Randall : Matos                                                                                                                                                                                         
Shelley : Higgins                                                                                                                                                                                       
Steven : King                                                                                                                                                                                           
Trenna : Rajs                                                                                                                                                                                           
William : Gietz                                                                                                                                                                                         

20 rows selected.

SQL> SELECT FIRST_NAME || ' -> ' || LAST_NAME "FULL NAME" FROM EMPLOYEES;

FULL NAME                                                                                                                                                                                               
----------------------------------                                                                                                                                                                      
Alexander -> Hunold                                                                                                                                                                                     
Bruce -> Ernst                                                                                                                                                                                          
Curtis -> Davies                                                                                                                                                                                        
Diana -> Lorentz                                                                                                                                                                                        
Eleni -> Zlotkey                                                                                                                                                                                        
Ellen -> Abel                                                                                                                                                                                           
Jennifer -> Whalen                                                                                                                                                                                      
Jonathon -> Taylor                                                                                                                                                                                      
Kevin -> Mourgos                                                                                                                                                                                        
Kimerely -> Grant                                                                                                                                                                                       
Lex -> De Haan                                                                                                                                                                                          
Michael -> Hartstein                                                                                                                                                                                    
Neena -> Kochhar                                                                                                                                                                                        
Pat -> Fay                                                                                                                                                                                              
Peter -> Vargas                                                                                                                                                                                         
Randall -> Matos                                                                                                                                                                                        
Shelley -> Higgins                                                                                                                                                                                      
Steven -> King                                                                                                                                                                                          
Trenna -> Rajs                                                                                                                                                                                          
William -> Gietz                                                                                                                                                                                        

20 rows selected.

SQL> SELECT FIRST_NAME || " -> " || LAST_NAME 'FULL NAME' FROM EMPLOYEES;
SELECT FIRST_NAME || " -> " || LAST_NAME 'FULL NAME' FROM EMPLOYEES
                                         *
ERROR at line 1:
ORA-00923: FROM keyword not found where expected 


SQL> SELECT FIRST_NAME , JOB_ID FROM EMPLOYEES;

FIRST_NAME      JOB_ID                                                                                                                                                                                  
--------------- ----------                                                                                                                                                                              
Alexander       IT_PROG                                                                                                                                                                                 
Bruce           IT_PROG                                                                                                                                                                                 
Curtis          ST_CLERK                                                                                                                                                                                
Diana           IT_PROG                                                                                                                                                                                 
Eleni           SA_MAN                                                                                                                                                                                  
Ellen           SA_REP                                                                                                                                                                                  
Jennifer        AD_ASST                                                                                                                                                                                 
Jonathon        SA_REP                                                                                                                                                                                  
Kevin           ST_MAN                                                                                                                                                                                  
Kimerely        SA_REP                                                                                                                                                                                  
Lex             AD_VP                                                                                                                                                                                   
Michael         MK_MAN                                                                                                                                                                                  
Neena           AD_VP                                                                                                                                                                                   
Pat             MK_REP                                                                                                                                                                                  
Peter           ST_CLERK                                                                                                                                                                                
Randall         ST_CLERK                                                                                                                                                                                
Shelley         AC_MGR                                                                                                                                                                                  
Steven          AD_PRES                                                                                                                                                                                 
Trenna          ST_CLERK                                                                                                                                                                                
William         AC_ACCOUNT                                                                                                                                                                              

20 rows selected.

SQL> REM Alexandar works as IT_PROG.
SQL> REM Bruce works as IT_PROG.
SQL> 
SQL> 
SQL> REM William works as AC_ACCOUNT.
SQL> 
SQL> 
SQL> SELECT FIRST_NAME || ' works as ' || JOB_ID || '.' FROM EMPLOYEES;

FIRST_NAME||'WORKSAS'||JOB_ID||'.'                                                                                                                                                                      
------------------------------------                                                                                                                                                                    
Alexander works as IT_PROG.                                                                                                                                                                             
Bruce works as IT_PROG.                                                                                                                                                                                 
Curtis works as ST_CLERK.                                                                                                                                                                               
Diana works as IT_PROG.                                                                                                                                                                                 
Eleni works as SA_MAN.                                                                                                                                                                                  
Ellen works as SA_REP.                                                                                                                                                                                  
Jennifer works as AD_ASST.                                                                                                                                                                              
Jonathon works as SA_REP.                                                                                                                                                                               
Kevin works as ST_MAN.                                                                                                                                                                                  
Kimerely works as SA_REP.                                                                                                                                                                               
Lex works as AD_VP.                                                                                                                                                                                     
Michael works as MK_MAN.                                                                                                                                                                                
Neena works as AD_VP.                                                                                                                                                                                   
Pat works as MK_REP.                                                                                                                                                                                    
Peter works as ST_CLERK.                                                                                                                                                                                
Randall works as ST_CLERK.                                                                                                                                                                              
Shelley works as AC_MGR.                                                                                                                                                                                
Steven works as AD_PRES.                                                                                                                                                                                
Trenna works as ST_CLERK.                                                                                                                                                                               
William works as AC_ACCOUNT.                                                                                                                                                                            

20 rows selected.

SQL> SELECT FIRST_NAME || 'works as' || JOB_ID || '.' FROM EMPLOYEES;

FIRST_NAME||'WORKSAS'||JOB_ID||'.'                                                                                                                                                                      
----------------------------------                                                                                                                                                                      
Alexanderworks asIT_PROG.                                                                                                                                                                               
Bruceworks asIT_PROG.                                                                                                                                                                                   
Curtisworks asST_CLERK.                                                                                                                                                                                 
Dianaworks asIT_PROG.                                                                                                                                                                                   
Eleniworks asSA_MAN.                                                                                                                                                                                    
Ellenworks asSA_REP.                                                                                                                                                                                    
Jenniferworks asAD_ASST.                                                                                                                                                                                
Jonathonworks asSA_REP.                                                                                                                                                                                 
Kevinworks asST_MAN.                                                                                                                                                                                    
Kimerelyworks asSA_REP.                                                                                                                                                                                 
Lexworks asAD_VP.                                                                                                                                                                                       
Michaelworks asMK_MAN.                                                                                                                                                                                  
Neenaworks asAD_VP.                                                                                                                                                                                     
Patworks asMK_REP.                                                                                                                                                                                      
Peterworks asST_CLERK.                                                                                                                                                                                  
Randallworks asST_CLERK.                                                                                                                                                                                
Shelleyworks asAC_MGR.                                                                                                                                                                                  
Stevenworks asAD_PRES.                                                                                                                                                                                  
Trennaworks asST_CLERK.                                                                                                                                                                                 
Williamworks asAC_ACCOUNT.                                                                                                                                                                              

20 rows selected.

SQL> SELECT * FROM EMPLOYEES;

EMPLOYEE_ID FIRST_NAME      LAST_NAME       EMAIL      PHONE_NUMBER         HIRE_DATE JOB_ID         SALARY COMMISSION_PCT MANAGER_ID DEPARTMENT_ID                                                     
----------- --------------- --------------- ---------- -------------------- --------- ---------- ---------- -------------- ---------- -------------                                                     
        100 Steven          King            SKING      515.123.4567         17-JUL-87 AD_PRES         24000                                      90                                                     
        101 Neena           Kochhar         NKOCHHAR   515.123.4568         21-SEP-89 AD_VP           17000                       100            90                                                     
        102 Lex             De Haan         LDEHAAN    515.123.4569         13-JAN-93 AD_VP           17000                       100            90                                                     
        103 Alexander       Hunold          AHUNOLD    590.423.4567         03-JAN-90 IT_PROG          9000                       102            60                                                     
        104 Bruce           Ernst           BERNST     590.423.4568         21-MAY-91 IT_PROG          6000                       103            60                                                     
        107 Diana           Lorentz         DLORENTZ   590.423.5567         07-FEB-99 IT_PROG          4200                       103            60                                                     
        124 Kevin           Mourgos         KMOURGOS   650.123.5234         16-NOV-99 ST_MAN           5800                       100            50                                                     
        141 Trenna          Rajs            TRAJS      650.121.8009         17-OCT-95 ST_CLERK         3500                       124            50                                                     
        142 Curtis          Davies          CDAVIES    650.121.2994         29-JAN-97 ST_CLERK         3100                       124            50                                                     
        143 Randall         Matos           RMATOS     650.121.2874         15-MAR-98 ST_CLERK         2600                       124            50                                                     
        144 Peter           Vargas          PVARGAS    650.121.2004         09-JUL-98 ST_CLERK         2500                       124            50                                                     
        149 Eleni           Zlotkey         EZLOTKEY   011.44.1344.429018   29-JAN-00 SA_MAN          10500             .2        100            80                                                     
        174 Ellen           Abel            EABEL      011.44.1644.429267   11-MAY-96 SA_REP          11000             .3        149            80                                                     
        176 Jonathon        Taylor          JTAYLOR    011.44.1644.429265   24-MAR-98 SA_REP           8600             .3        149            80                                                     
        178 Kimerely        Grant           KGRANT     011.44.1644.429263   24-MAY-99 SA_REP           7000            .15        149                                                                   
        200 Jennifer        Whalen          JWHALEN    515.123.4444         17-SEP-87 AD_ASST          4400                       101            10                                                     
        201 Michael         Hartstein       MHARTSTE   515.123.5555         17-FEB-96 MK_MAN          13000                       100            20                                                     
        202 Pat             Fay             PFAY       603.123.6666         17-AUG-97 MK_REP           6000                       201            20                                                     
        205 Shelley         Higgins         SHIGGINS   515.123.8080         07-JUN-94 AC_MGR          12000                       101           110                                                     
        206 William         Gietz           WGIETZ     515.123.8181         07-JUN-94 AC_ACCOUNT       8300                       205           110                                                     

20 rows selected.

SQL> REM King has joined the company on 17-JUL-87.
SQL> 
SQL> REM Gietz has joined the company on 07-JUN-94.
SQL> 
SQL> 
SQL> ' ' || hire_date from employees;
SP2-0734: unknown command beginning "' ' || hir..." - rest of line ignored.
SQL> select last_name || ' has joined the company on ' || ' ' || hire_date || '.' || from employees;
select last_name || ' has joined the company on ' || ' ' || hire_date || '.' || from employees
                                                                                *
ERROR at line 1:
ORA-00936: missing expression 


SQL> select last_name || ' has joined the company on ' || ' ' || hire_date || '.' from employees;

LAST_NAME||'HASJOINEDTHECOMPANYON'||''||HIRE_DATE||'.'                                                                                                                                                  
--------------------------------------------------------------                                                                                                                                          
King has joined the company on  17-JUL-87.                                                                                                                                                              
Kochhar has joined the company on  21-SEP-89.                                                                                                                                                           
De Haan has joined the company on  13-JAN-93.                                                                                                                                                           
Hunold has joined the company on  03-JAN-90.                                                                                                                                                            
Ernst has joined the company on  21-MAY-91.                                                                                                                                                             
Lorentz has joined the company on  07-FEB-99.                                                                                                                                                           
Mourgos has joined the company on  16-NOV-99.                                                                                                                                                           
Rajs has joined the company on  17-OCT-95.                                                                                                                                                              
Davies has joined the company on  29-JAN-97.                                                                                                                                                            
Matos has joined the company on  15-MAR-98.                                                                                                                                                             
Vargas has joined the company on  09-JUL-98.                                                                                                                                                            
Zlotkey has joined the company on  29-JAN-00.                                                                                                                                                           
Abel has joined the company on  11-MAY-96.                                                                                                                                                              
Taylor has joined the company on  24-MAR-98.                                                                                                                                                            
Grant has joined the company on  24-MAY-99.                                                                                                                                                             
Whalen has joined the company on  17-SEP-87.                                                                                                                                                            
Hartstein has joined the company on  17-FEB-96.                                                                                                                                                         
Fay has joined the company on  17-AUG-97.                                                                                                                                                               
Higgins has joined the company on  07-JUN-94.                                                                                                                                                           
Gietz has joined the company on  07-JUN-94.                                                                                                                                                             

20 rows selected.

SQL> select last_name || ' has joined the company on ' || hire_date || '.' from employees;

LAST_NAME||'HASJOINEDTHECOMPANYON'||HIRE_DATE||'.'                                                                                                                                                      
-------------------------------------------------------------                                                                                                                                           
King has joined the company on 17-JUL-87.                                                                                                                                                               
Kochhar has joined the company on 21-SEP-89.                                                                                                                                                            
De Haan has joined the company on 13-JAN-93.                                                                                                                                                            
Hunold has joined the company on 03-JAN-90.                                                                                                                                                             
Ernst has joined the company on 21-MAY-91.                                                                                                                                                              
Lorentz has joined the company on 07-FEB-99.                                                                                                                                                            
Mourgos has joined the company on 16-NOV-99.                                                                                                                                                            
Rajs has joined the company on 17-OCT-95.                                                                                                                                                               
Davies has joined the company on 29-JAN-97.                                                                                                                                                             
Matos has joined the company on 15-MAR-98.                                                                                                                                                              
Vargas has joined the company on 09-JUL-98.                                                                                                                                                             
Zlotkey has joined the company on 29-JAN-00.                                                                                                                                                            
Abel has joined the company on 11-MAY-96.                                                                                                                                                               
Taylor has joined the company on 24-MAR-98.                                                                                                                                                             
Grant has joined the company on 24-MAY-99.                                                                                                                                                              
Whalen has joined the company on 17-SEP-87.                                                                                                                                                             
Hartstein has joined the company on 17-FEB-96.                                                                                                                                                          
Fay has joined the company on 17-AUG-97.                                                                                                                                                                
Higgins has joined the company on 07-JUN-94.                                                                                                                                                            
Gietz has joined the company on 07-JUN-94.                                                                                                                                                              

20 rows selected.

SQL> REM  ROWID , ROWNUM : PSEUDOCOLUMNS
SQL> 
SQL> REM PSEUDOCOLUMNS : ARE THE VARIABLES WHICH ARE DEFINED/DECLARED, INITIALIZED, USED AND DISCARDED BY ORACLE AS AND WHEN REQUIRED.
SQL> 
SQL> SELECT ROWID , * FROM EMPLOYEES;
SELECT ROWID , * FROM EMPLOYEES
               *
ERROR at line 1:
ORA-00936: missing expression 


SQL> REM  * HAS TWO MEANINGS
SQL> 
SQL> REM 1 * IS META CHARACTER
SQL> 
SQL> REM 2 * ARITHMETIC OPERATOR FOR MULTIPLICATION
SQL> 
SQL> REM WHENEVER WE USE ONLY * BETWEEN SELECT AND FROM KEY WORDS, IT IS CONSIDERED/USED AS META CHARACTER
SQL> 
SQL> REM BUT IF WE USE ANY EXTRA ITEM WITH * BETWEEN SELECT AND FROM KEY WORDS THEN IT IS CONSIDERED/USED AS MULTPLICATION OPERATOR
SQL> 
SQL> 
SQL> REM IF WE WANT ORACLE TO SPECIFY * AS META CHARACTER, WE NEED TO QUALIFY IT WITH 1 TABLE ALIAS 2 TABLE NAME
SQL> 
SQL> SELECT ROWID , * FROM EMPLOYEES;
SELECT ROWID , * FROM EMPLOYEES
               *
ERROR at line 1:
ORA-00936: missing expression 


SQL> SELECT ROWID , EMPLOYEES.* FROM EMPLOYEES;

ROWID              EMPLOYEE_ID FIRST_NAME      LAST_NAME       EMAIL      PHONE_NUMBER         HIRE_DATE JOB_ID         SALARY COMMISSION_PCT MANAGER_ID DEPARTMENT_ID                                  
------------------ ----------- --------------- --------------- ---------- -------------------- --------- ---------- ---------- -------------- ---------- -------------                                  
AAAaElAAHAAAAaEAAA         100 Steven          King            SKING      515.123.4567         17-JUL-87 AD_PRES         24000                                      90                                  
AAAaElAAHAAAAaEAAB         101 Neena           Kochhar         NKOCHHAR   515.123.4568         21-SEP-89 AD_VP           17000                       100            90                                  
AAAaElAAHAAAAaEAAC         102 Lex             De Haan         LDEHAAN    515.123.4569         13-JAN-93 AD_VP           17000                       100            90                                  
AAAaElAAHAAAAaEAAD         103 Alexander       Hunold          AHUNOLD    590.423.4567         03-JAN-90 IT_PROG          9000                       102            60                                  
AAAaElAAHAAAAaEAAE         104 Bruce           Ernst           BERNST     590.423.4568         21-MAY-91 IT_PROG          6000                       103            60                                  
AAAaElAAHAAAAaEAAF         107 Diana           Lorentz         DLORENTZ   590.423.5567         07-FEB-99 IT_PROG          4200                       103            60                                  
AAAaElAAHAAAAaEAAG         124 Kevin           Mourgos         KMOURGOS   650.123.5234         16-NOV-99 ST_MAN           5800                       100            50                                  
AAAaElAAHAAAAaEAAH         141 Trenna          Rajs            TRAJS      650.121.8009         17-OCT-95 ST_CLERK         3500                       124            50                                  
AAAaElAAHAAAAaEAAI         142 Curtis          Davies          CDAVIES    650.121.2994         29-JAN-97 ST_CLERK         3100                       124            50                                  
AAAaElAAHAAAAaEAAJ         143 Randall         Matos           RMATOS     650.121.2874         15-MAR-98 ST_CLERK         2600                       124            50                                  
AAAaElAAHAAAAaEAAK         144 Peter           Vargas          PVARGAS    650.121.2004         09-JUL-98 ST_CLERK         2500                       124            50                                  
AAAaElAAHAAAAaEAAL         149 Eleni           Zlotkey         EZLOTKEY   011.44.1344.429018   29-JAN-00 SA_MAN          10500             .2        100            80                                  
AAAaElAAHAAAAaEAAM         174 Ellen           Abel            EABEL      011.44.1644.429267   11-MAY-96 SA_REP          11000             .3        149            80                                  
AAAaElAAHAAAAaEAAN         176 Jonathon        Taylor          JTAYLOR    011.44.1644.429265   24-MAR-98 SA_REP           8600             .3        149            80                                  
AAAaElAAHAAAAaEAAO         178 Kimerely        Grant           KGRANT     011.44.1644.429263   24-MAY-99 SA_REP           7000            .15        149                                                
AAAaElAAHAAAAaEAAP         200 Jennifer        Whalen          JWHALEN    515.123.4444         17-SEP-87 AD_ASST          4400                       101            10                                  
AAAaElAAHAAAAaEAAQ         201 Michael         Hartstein       MHARTSTE   515.123.5555         17-FEB-96 MK_MAN          13000                       100            20                                  
AAAaElAAHAAAAaEAAR         202 Pat             Fay             PFAY       603.123.6666         17-AUG-97 MK_REP           6000                       201            20                                  
AAAaElAAHAAAAaEAAS         205 Shelley         Higgins         SHIGGINS   515.123.8080         07-JUN-94 AC_MGR          12000                       101           110                                  
AAAaElAAHAAAAaEAAT         206 William         Gietz           WGIETZ     515.123.8181         07-JUN-94 AC_ACCOUNT       8300                       205           110                                  

20 rows selected.

SQL> SELECT ROWID , E.* FROM EMPLOYEES E;

ROWID              EMPLOYEE_ID FIRST_NAME      LAST_NAME       EMAIL      PHONE_NUMBER         HIRE_DATE JOB_ID         SALARY COMMISSION_PCT MANAGER_ID DEPARTMENT_ID                                  
------------------ ----------- --------------- --------------- ---------- -------------------- --------- ---------- ---------- -------------- ---------- -------------                                  
AAAaElAAHAAAAaEAAA         100 Steven          King            SKING      515.123.4567         17-JUL-87 AD_PRES         24000                                      90                                  
AAAaElAAHAAAAaEAAB         101 Neena           Kochhar         NKOCHHAR   515.123.4568         21-SEP-89 AD_VP           17000                       100            90                                  
AAAaElAAHAAAAaEAAC         102 Lex             De Haan         LDEHAAN    515.123.4569         13-JAN-93 AD_VP           17000                       100            90                                  
AAAaElAAHAAAAaEAAD         103 Alexander       Hunold          AHUNOLD    590.423.4567         03-JAN-90 IT_PROG          9000                       102            60                                  
AAAaElAAHAAAAaEAAE         104 Bruce           Ernst           BERNST     590.423.4568         21-MAY-91 IT_PROG          6000                       103            60                                  
AAAaElAAHAAAAaEAAF         107 Diana           Lorentz         DLORENTZ   590.423.5567         07-FEB-99 IT_PROG          4200                       103            60                                  
AAAaElAAHAAAAaEAAG         124 Kevin           Mourgos         KMOURGOS   650.123.5234         16-NOV-99 ST_MAN           5800                       100            50                                  
AAAaElAAHAAAAaEAAH         141 Trenna          Rajs            TRAJS      650.121.8009         17-OCT-95 ST_CLERK         3500                       124            50                                  
AAAaElAAHAAAAaEAAI         142 Curtis          Davies          CDAVIES    650.121.2994         29-JAN-97 ST_CLERK         3100                       124            50                                  
AAAaElAAHAAAAaEAAJ         143 Randall         Matos           RMATOS     650.121.2874         15-MAR-98 ST_CLERK         2600                       124            50                                  
AAAaElAAHAAAAaEAAK         144 Peter           Vargas          PVARGAS    650.121.2004         09-JUL-98 ST_CLERK         2500                       124            50                                  
AAAaElAAHAAAAaEAAL         149 Eleni           Zlotkey         EZLOTKEY   011.44.1344.429018   29-JAN-00 SA_MAN          10500             .2        100            80                                  
AAAaElAAHAAAAaEAAM         174 Ellen           Abel            EABEL      011.44.1644.429267   11-MAY-96 SA_REP          11000             .3        149            80                                  
AAAaElAAHAAAAaEAAN         176 Jonathon        Taylor          JTAYLOR    011.44.1644.429265   24-MAR-98 SA_REP           8600             .3        149            80                                  
AAAaElAAHAAAAaEAAO         178 Kimerely        Grant           KGRANT     011.44.1644.429263   24-MAY-99 SA_REP           7000            .15        149                                                
AAAaElAAHAAAAaEAAP         200 Jennifer        Whalen          JWHALEN    515.123.4444         17-SEP-87 AD_ASST          4400                       101            10                                  
AAAaElAAHAAAAaEAAQ         201 Michael         Hartstein       MHARTSTE   515.123.5555         17-FEB-96 MK_MAN          13000                       100            20                                  
AAAaElAAHAAAAaEAAR         202 Pat             Fay             PFAY       603.123.6666         17-AUG-97 MK_REP           6000                       201            20                                  
AAAaElAAHAAAAaEAAS         205 Shelley         Higgins         SHIGGINS   515.123.8080         07-JUN-94 AC_MGR          12000                       101           110                                  
AAAaElAAHAAAAaEAAT         206 William         Gietz           WGIETZ     515.123.8181         07-JUN-94 AC_ACCOUNT       8300                       205           110                                  

20 rows selected.

SQL> SELECT ROWID , E.* FROM EMPLOYEES;
SELECT ROWID , E.* FROM EMPLOYEES
                 *
ERROR at line 1:
ORA-00904: "E": invalid identifier 


SQL> SELECT ROWID , EMPLOYEES.* FROM EMPLOYEES E;
SELECT ROWID , EMPLOYEES.* FROM EMPLOYEES E
                         *
ERROR at line 1:
ORA-00904: "EMPLOYEES": invalid identifier 


SQL> REM ROWID IS NOTHING BUT UNIQUE ROW ADDRESS TO EACH ROW
SQL> 
SQL> REM ROWID = OFBR : OBJECT ID , FILE ID , BLOCK ID , RECORD ID : 6 + 3 + 6 +3 = 18 CHARACTERS
SQL> 
SQL> 
SQL> SELECT ROWNUM , ROWID , E.* FROM EMPLOYEES;
SELECT ROWNUM , ROWID , E.* FROM EMPLOYEES
                          *
ERROR at line 1:
ORA-00904: "E": invalid identifier 


SQL> SELECT ROWNUM , ROWID , E.* FROM EMPLOYEES E;

    ROWNUM ROWID              EMPLOYEE_ID FIRST_NAME      LAST_NAME       EMAIL      PHONE_NUMBER         HIRE_DATE JOB_ID         SALARY COMMISSION_PCT MANAGER_ID DEPARTMENT_ID                       
---------- ------------------ ----------- --------------- --------------- ---------- -------------------- --------- ---------- ---------- -------------- ---------- -------------                       
         1 AAAaElAAHAAAAaEAAA         100 Steven          King            SKING      515.123.4567         17-JUL-87 AD_PRES         24000                                      90                       
         2 AAAaElAAHAAAAaEAAB         101 Neena           Kochhar         NKOCHHAR   515.123.4568         21-SEP-89 AD_VP           17000                       100            90                       
         3 AAAaElAAHAAAAaEAAC         102 Lex             De Haan         LDEHAAN    515.123.4569         13-JAN-93 AD_VP           17000                       100            90                       
         4 AAAaElAAHAAAAaEAAD         103 Alexander       Hunold          AHUNOLD    590.423.4567         03-JAN-90 IT_PROG          9000                       102            60                       
         5 AAAaElAAHAAAAaEAAE         104 Bruce           Ernst           BERNST     590.423.4568         21-MAY-91 IT_PROG          6000                       103            60                       
         6 AAAaElAAHAAAAaEAAF         107 Diana           Lorentz         DLORENTZ   590.423.5567         07-FEB-99 IT_PROG          4200                       103            60                       
         7 AAAaElAAHAAAAaEAAG         124 Kevin           Mourgos         KMOURGOS   650.123.5234         16-NOV-99 ST_MAN           5800                       100            50                       
         8 AAAaElAAHAAAAaEAAH         141 Trenna          Rajs            TRAJS      650.121.8009         17-OCT-95 ST_CLERK         3500                       124            50                       
         9 AAAaElAAHAAAAaEAAI         142 Curtis          Davies          CDAVIES    650.121.2994         29-JAN-97 ST_CLERK         3100                       124            50                       
        10 AAAaElAAHAAAAaEAAJ         143 Randall         Matos           RMATOS     650.121.2874         15-MAR-98 ST_CLERK         2600                       124            50                       
        11 AAAaElAAHAAAAaEAAK         144 Peter           Vargas          PVARGAS    650.121.2004         09-JUL-98 ST_CLERK         2500                       124            50                       
        12 AAAaElAAHAAAAaEAAL         149 Eleni           Zlotkey         EZLOTKEY   011.44.1344.429018   29-JAN-00 SA_MAN          10500             .2        100            80                       
        13 AAAaElAAHAAAAaEAAM         174 Ellen           Abel            EABEL      011.44.1644.429267   11-MAY-96 SA_REP          11000             .3        149            80                       
        14 AAAaElAAHAAAAaEAAN         176 Jonathon        Taylor          JTAYLOR    011.44.1644.429265   24-MAR-98 SA_REP           8600             .3        149            80                       
        15 AAAaElAAHAAAAaEAAO         178 Kimerely        Grant           KGRANT     011.44.1644.429263   24-MAY-99 SA_REP           7000            .15        149                                     
        16 AAAaElAAHAAAAaEAAP         200 Jennifer        Whalen          JWHALEN    515.123.4444         17-SEP-87 AD_ASST          4400                       101            10                       
        17 AAAaElAAHAAAAaEAAQ         201 Michael         Hartstein       MHARTSTE   515.123.5555         17-FEB-96 MK_MAN          13000                       100            20                       
        18 AAAaElAAHAAAAaEAAR         202 Pat             Fay             PFAY       603.123.6666         17-AUG-97 MK_REP           6000                       201            20                       
        19 AAAaElAAHAAAAaEAAS         205 Shelley         Higgins         SHIGGINS   515.123.8080         07-JUN-94 AC_MGR          12000                       101           110                       
        20 AAAaElAAHAAAAaEAAT         206 William         Gietz           WGIETZ     515.123.8181         07-JUN-94 AC_ACCOUNT       8300                       205           110                       

20 rows selected.

SQL> REM ROWNUM CAN BE USED TO DEVELOP/GENERATE SERIAL NUMBER FOR EACH ROW IN RESULT SET
SQL> 
SQL> SELECT * , SALARY * 12 YEARLY_SALARY FROM EMPLOYEES;
SELECT * , SALARY * 12 YEARLY_SALARY FROM EMPLOYEES
         *
ERROR at line 1:
ORA-00923: FROM keyword not found where expected 


SQL> SELECT EMPLOYEES.* , SALARY * 12 YEARLY_SALARY FROM EMPLOYEES;

EMPLOYEE_ID FIRST_NAME      LAST_NAME       EMAIL      PHONE_NUMBER         HIRE_DATE JOB_ID         SALARY COMMISSION_PCT MANAGER_ID DEPARTMENT_ID YEARLY_SALARY                                       
----------- --------------- --------------- ---------- -------------------- --------- ---------- ---------- -------------- ---------- ------------- -------------                                       
        100 Steven          King            SKING      515.123.4567         17-JUL-87 AD_PRES         24000                                      90        288000                                       
        101 Neena           Kochhar         NKOCHHAR   515.123.4568         21-SEP-89 AD_VP           17000                       100            90        204000                                       
        102 Lex             De Haan         LDEHAAN    515.123.4569         13-JAN-93 AD_VP           17000                       100            90        204000                                       
        103 Alexander       Hunold          AHUNOLD    590.423.4567         03-JAN-90 IT_PROG          9000                       102            60        108000                                       
        104 Bruce           Ernst           BERNST     590.423.4568         21-MAY-91 IT_PROG          6000                       103            60         72000                                       
        107 Diana           Lorentz         DLORENTZ   590.423.5567         07-FEB-99 IT_PROG          4200                       103            60         50400                                       
        124 Kevin           Mourgos         KMOURGOS   650.123.5234         16-NOV-99 ST_MAN           5800                       100            50         69600                                       
        141 Trenna          Rajs            TRAJS      650.121.8009         17-OCT-95 ST_CLERK         3500                       124            50         42000                                       
        142 Curtis          Davies          CDAVIES    650.121.2994         29-JAN-97 ST_CLERK         3100                       124            50         37200                                       
        143 Randall         Matos           RMATOS     650.121.2874         15-MAR-98 ST_CLERK         2600                       124            50         31200                                       
        144 Peter           Vargas          PVARGAS    650.121.2004         09-JUL-98 ST_CLERK         2500                       124            50         30000                                       
        149 Eleni           Zlotkey         EZLOTKEY   011.44.1344.429018   29-JAN-00 SA_MAN          10500             .2        100            80        126000                                       
        174 Ellen           Abel            EABEL      011.44.1644.429267   11-MAY-96 SA_REP          11000             .3        149            80        132000                                       
        176 Jonathon        Taylor          JTAYLOR    011.44.1644.429265   24-MAR-98 SA_REP           8600             .3        149            80        103200                                       
        178 Kimerely        Grant           KGRANT     011.44.1644.429263   24-MAY-99 SA_REP           7000            .15        149                       84000                                       
        200 Jennifer        Whalen          JWHALEN    515.123.4444         17-SEP-87 AD_ASST          4400                       101            10         52800                                       
        201 Michael         Hartstein       MHARTSTE   515.123.5555         17-FEB-96 MK_MAN          13000                       100            20        156000                                       
        202 Pat             Fay             PFAY       603.123.6666         17-AUG-97 MK_REP           6000                       201            20         72000                                       
        205 Shelley         Higgins         SHIGGINS   515.123.8080         07-JUN-94 AC_MGR          12000                       101           110        144000                                       
        206 William         Gietz           WGIETZ     515.123.8181         07-JUN-94 AC_ACCOUNT       8300                       205           110         99600                                       

20 rows selected.

SQL> SELECT SALARY * 12 YEARLY_SALARY , EMPLOYEES.* FROM EMPLOYEES;

YEARLY_SALARY EMPLOYEE_ID FIRST_NAME      LAST_NAME       EMAIL      PHONE_NUMBER         HIRE_DATE JOB_ID         SALARY COMMISSION_PCT MANAGER_ID DEPARTMENT_ID                                       
------------- ----------- --------------- --------------- ---------- -------------------- --------- ---------- ---------- -------------- ---------- -------------                                       
       288000         100 Steven          King            SKING      515.123.4567         17-JUL-87 AD_PRES         24000                                      90                                       
       204000         101 Neena           Kochhar         NKOCHHAR   515.123.4568         21-SEP-89 AD_VP           17000                       100            90                                       
       204000         102 Lex             De Haan         LDEHAAN    515.123.4569         13-JAN-93 AD_VP           17000                       100            90                                       
       108000         103 Alexander       Hunold          AHUNOLD    590.423.4567         03-JAN-90 IT_PROG          9000                       102            60                                       
        72000         104 Bruce           Ernst           BERNST     590.423.4568         21-MAY-91 IT_PROG          6000                       103            60                                       
        50400         107 Diana           Lorentz         DLORENTZ   590.423.5567         07-FEB-99 IT_PROG          4200                       103            60                                       
        69600         124 Kevin           Mourgos         KMOURGOS   650.123.5234         16-NOV-99 ST_MAN           5800                       100            50                                       
        42000         141 Trenna          Rajs            TRAJS      650.121.8009         17-OCT-95 ST_CLERK         3500                       124            50                                       
        37200         142 Curtis          Davies          CDAVIES    650.121.2994         29-JAN-97 ST_CLERK         3100                       124            50                                       
        31200         143 Randall         Matos           RMATOS     650.121.2874         15-MAR-98 ST_CLERK         2600                       124            50                                       
        30000         144 Peter           Vargas          PVARGAS    650.121.2004         09-JUL-98 ST_CLERK         2500                       124            50                                       
       126000         149 Eleni           Zlotkey         EZLOTKEY   011.44.1344.429018   29-JAN-00 SA_MAN          10500             .2        100            80                                       
       132000         174 Ellen           Abel            EABEL      011.44.1644.429267   11-MAY-96 SA_REP          11000             .3        149            80                                       
       103200         176 Jonathon        Taylor          JTAYLOR    011.44.1644.429265   24-MAR-98 SA_REP           8600             .3        149            80                                       
        84000         178 Kimerely        Grant           KGRANT     011.44.1644.429263   24-MAY-99 SA_REP           7000            .15        149                                                     
        52800         200 Jennifer        Whalen          JWHALEN    515.123.4444         17-SEP-87 AD_ASST          4400                       101            10                                       
       156000         201 Michael         Hartstein       MHARTSTE   515.123.5555         17-FEB-96 MK_MAN          13000                       100            20                                       
        72000         202 Pat             Fay             PFAY       603.123.6666         17-AUG-97 MK_REP           6000                       201            20                                       
       144000         205 Shelley         Higgins         SHIGGINS   515.123.8080         07-JUN-94 AC_MGR          12000                       101           110                                       
        99600         206 William         Gietz           WGIETZ     515.123.8181         07-JUN-94 AC_ACCOUNT       8300                       205           110                                       

20 rows selected.

SQL> SELECT ROWNUM , E.* , SALARY * 12 YEARLY_sALARY FROM EMPLOYEES E;

    ROWNUM EMPLOYEE_ID FIRST_NAME      LAST_NAME       EMAIL      PHONE_NUMBER         HIRE_DATE JOB_ID         SALARY COMMISSION_PCT MANAGER_ID DEPARTMENT_ID YEARLY_SALARY                            
---------- ----------- --------------- --------------- ---------- -------------------- --------- ---------- ---------- -------------- ---------- ------------- -------------                            
         1         100 Steven          King            SKING      515.123.4567         17-JUL-87 AD_PRES         24000                                      90        288000                            
         2         101 Neena           Kochhar         NKOCHHAR   515.123.4568         21-SEP-89 AD_VP           17000                       100            90        204000                            
         3         102 Lex             De Haan         LDEHAAN    515.123.4569         13-JAN-93 AD_VP           17000                       100            90        204000                            
         4         103 Alexander       Hunold          AHUNOLD    590.423.4567         03-JAN-90 IT_PROG          9000                       102            60        108000                            
         5         104 Bruce           Ernst           BERNST     590.423.4568         21-MAY-91 IT_PROG          6000                       103            60         72000                            
         6         107 Diana           Lorentz         DLORENTZ   590.423.5567         07-FEB-99 IT_PROG          4200                       103            60         50400                            
         7         124 Kevin           Mourgos         KMOURGOS   650.123.5234         16-NOV-99 ST_MAN           5800                       100            50         69600                            
         8         141 Trenna          Rajs            TRAJS      650.121.8009         17-OCT-95 ST_CLERK         3500                       124            50         42000                            
         9         142 Curtis          Davies          CDAVIES    650.121.2994         29-JAN-97 ST_CLERK         3100                       124            50         37200                            
        10         143 Randall         Matos           RMATOS     650.121.2874         15-MAR-98 ST_CLERK         2600                       124            50         31200                            
        11         144 Peter           Vargas          PVARGAS    650.121.2004         09-JUL-98 ST_CLERK         2500                       124            50         30000                            
        12         149 Eleni           Zlotkey         EZLOTKEY   011.44.1344.429018   29-JAN-00 SA_MAN          10500             .2        100            80        126000                            
        13         174 Ellen           Abel            EABEL      011.44.1644.429267   11-MAY-96 SA_REP          11000             .3        149            80        132000                            
        14         176 Jonathon        Taylor          JTAYLOR    011.44.1644.429265   24-MAR-98 SA_REP           8600             .3        149            80        103200                            
        15         178 Kimerely        Grant           KGRANT     011.44.1644.429263   24-MAY-99 SA_REP           7000            .15        149                       84000                            
        16         200 Jennifer        Whalen          JWHALEN    515.123.4444         17-SEP-87 AD_ASST          4400                       101            10         52800                            
        17         201 Michael         Hartstein       MHARTSTE   515.123.5555         17-FEB-96 MK_MAN          13000                       100            20        156000                            
        18         202 Pat             Fay             PFAY       603.123.6666         17-AUG-97 MK_REP           6000                       201            20         72000                            
        19         205 Shelley         Higgins         SHIGGINS   515.123.8080         07-JUN-94 AC_MGR          12000                       101           110        144000                            
        20         206 William         Gietz           WGIETZ     515.123.8181         07-JUN-94 AC_ACCOUNT       8300                       205           110         99600                            

20 rows selected.

SQL> REM PRECEDENCE OF OPERATORS
SQL> 
SQL> REM PRECEDENCE : SEQUENCE OF EXECUTION
SQL> 
SQL> 
SQL> REM 1 () BRACKET : (   )   (    ) : LEFT TO RIGHT , (    (    )    ) : NESTED BRACKET : INNER TO OUTER
SQL> 
SQL> REM 2 POWER
SQL> 
SQL> REM 3 / * (LEFT TO RIGHT WITHIN EXPRESSION)
SQL> 
SQL> REM 4 + - || : (LEFT TO RIGHT WITHIN EXPRESSION/FORMULA)
SQL> 
SQL> 
SQL> SELECT 6 - 2 * 3 FROM DUAL;

     6-2*3                                                                                                                                                                                              
----------                                                                                                                                                                                              
         0                                                                                                                                                                                              

SQL> SELECT (6 - 2) * 3 FROM DUAL;

   (6-2)*3                                                                                                                                                                                              
----------                                                                                                                                                                                              
        12                                                                                                                                                                                              

SQL> SELECT 20 - (6 / 2) * 3 FROM DUAL;

20-(6/2)*3                                                                                                                                                                                              
----------                                                                                                                                                                                              
        11                                                                                                                                                                                              

SQL> SELECT (20 - (6 / 2)) * 3 FROM DUAL;

(20-(6/2))*3                                                                                                                                                                                            
------------                                                                                                                                                                                            
          51                                                                                                                                                                                            

SQL> SELECT 'SHRI' || 210 + 210 FROM DUAL;
SELECT 'SHRI' || 210 + 210 FROM DUAL
               *
ERROR at line 1:
ORA-01722: invalid number 


SQL> SELECT 'SHRI' || (210 + 210) FROM DUAL;

'SHRI'|                                                                                                                                                                                                 
-------                                                                                                                                                                                                 
SHRI420                                                                                                                                                                                                 

SQL> SELECT 'SHRI' || 210 * 2 FROM DUAL;

'SHRI'|                                                                                                                                                                                                 
-------                                                                                                                                                                                                 
SHRI420                                                                                                                                                                                                 

SQL> REM DUAL IS A DUMMY TABLE
SQL> 
SQL> REM DUAL IS SYSTEM GENERATED TABLE
SQL> 
SQL> REM DUAL HAS SINGLE ROW AND SINGLE COLUMN
SQL> 
SQL> SELECT * FROM DUAL;

D                                                                                                                                                                                                       
-                                                                                                                                                                                                       
X                                                                                                                                                                                                       

SQL> REM DUAL IS GENERALLY USED TO DISPLAY THOSE DATA WHICH ARE NOT STORED IN ANY TABLE.
SQL> 
SQL> SELECT 10 * 3 FROM DUAL;

      10*3                                                                                                                                                                                              
----------                                                                                                                                                                                              
        30                                                                                                                                                                                              

SQL> SELECT 10 * 3 FROM DEPARTMENTS;

      10*3                                                                                                                                                                                              
----------                                                                                                                                                                                              
        30                                                                                                                                                                                              
        30                                                                                                                                                                                              
        30                                                                                                                                                                                              
        30                                                                                                                                                                                              
        30                                                                                                                                                                                              
        30                                                                                                                                                                                              
        30                                                                                                                                                                                              
        30                                                                                                                                                                                              

8 rows selected.

SQL> SELECT * FROM DEPARTMENTS;

DEPARTMENT_ID DEPARTMENT_NAME                MANAGER_ID LOCATION_ID                                                                                                                                     
------------- ------------------------------ ---------- -----------                                                                                                                                     
           10 Administration                        200        1700                                                                                                                                     
           20 Marketing                             201        1800                                                                                                                                     
           50 Shiping                               124        1500                                                                                                                                     
           60 IT                                    103        1400                                                                                                                                     
           80 Sales                                 149        2500                                                                                                                                     
           90 Executive                             100        1700                                                                                                                                     
          110 Accounting                            205        1700                                                                                                                                     
          190 Contracting                                      1700                                                                                                                                     

8 rows selected.

SQL> SELECT UNIQUE 10 * 3 FROM DEPARTMENTS;

      10*3                                                                                                                                                                                              
----------                                                                                                                                                                                              
        30                                                                                                                                                                                              

SQL> SELECT DISTINCT 10 * 3 FROM DEPARTMENTS;

      10*3                                                                                                                                                                                              
----------                                                                                                                                                                                              
        30                                                                                                                                                                                              

SQL> SELECT JOB_ID FROM EMPLOYEES;

JOB_ID                                                                                                                                                                                                  
----------                                                                                                                                                                                              
AC_ACCOUNT                                                                                                                                                                                              
AC_MGR                                                                                                                                                                                                  
AD_ASST                                                                                                                                                                                                 
AD_PRES                                                                                                                                                                                                 
AD_VP                                                                                                                                                                                                   
AD_VP                                                                                                                                                                                                   
IT_PROG                                                                                                                                                                                                 
IT_PROG                                                                                                                                                                                                 
IT_PROG                                                                                                                                                                                                 
MK_MAN                                                                                                                                                                                                  
MK_REP                                                                                                                                                                                                  
SA_MAN                                                                                                                                                                                                  
SA_REP                                                                                                                                                                                                  
SA_REP                                                                                                                                                                                                  
SA_REP                                                                                                                                                                                                  
ST_CLERK                                                                                                                                                                                                
ST_CLERK                                                                                                                                                                                                
ST_CLERK                                                                                                                                                                                                
ST_CLERK                                                                                                                                                                                                
ST_MAN                                                                                                                                                                                                  

20 rows selected.

SQL> SELECT DISTINCT JOB_ID FROM EMPLOYEES;

JOB_ID                                                                                                                                                                                                  
----------                                                                                                                                                                                              
AC_ACCOUNT                                                                                                                                                                                              
AC_MGR                                                                                                                                                                                                  
IT_PROG                                                                                                                                                                                                 
ST_MAN                                                                                                                                                                                                  
AD_ASST                                                                                                                                                                                                 
AD_VP                                                                                                                                                                                                   
MK_MAN                                                                                                                                                                                                  
SA_MAN                                                                                                                                                                                                  
AD_PRES                                                                                                                                                                                                 
MK_REP                                                                                                                                                                                                  
SA_REP                                                                                                                                                                                                  
ST_CLERK                                                                                                                                                                                                

12 rows selected.

SQL> REM DISTINCT/UNIQUE CAN BE USED TO REMOVE DUPLICATE ROWS FROM RESULT SET.
SQL> 
SQL> 
SQL> SELECT DEPARTMENT_ID FROM EMPLOYEES;

DEPARTMENT_ID                                                                                                                                                                                           
-------------                                                                                                                                                                                           
           90                                                                                                                                                                                           
           90                                                                                                                                                                                           
           90                                                                                                                                                                                           
           60                                                                                                                                                                                           
           60                                                                                                                                                                                           
           60                                                                                                                                                                                           
           50                                                                                                                                                                                           
           50                                                                                                                                                                                           
           50                                                                                                                                                                                           
           50                                                                                                                                                                                           
           50                                                                                                                                                                                           
           80                                                                                                                                                                                           
           80                                                                                                                                                                                           
           80                                                                                                                                                                                           
                                                                                                                                                                                                        
           10                                                                                                                                                                                           
           20                                                                                                                                                                                           
           20                                                                                                                                                                                           
          110                                                                                                                                                                                           
          110                                                                                                                                                                                           

20 rows selected.

SQL> SELECT DISTINCT DEPARTMENT_ID FROM EMPLOYEES;

DEPARTMENT_ID                                                                                                                                                                                           
-------------                                                                                                                                                                                           
                                                                                                                                                                                                        
           90                                                                                                                                                                                           
           20                                                                                                                                                                                           
          110                                                                                                                                                                                           
           50                                                                                                                                                                                           
           80                                                                                                                                                                                           
           60                                                                                                                                                                                           
           10                                                                                                                                                                                           

8 rows selected.

SQL> SELECT MANAGER_ID FROM EMPLOYEES;

MANAGER_ID                                                                                                                                                                                              
----------                                                                                                                                                                                              
                                                                                                                                                                                                        
       100                                                                                                                                                                                              
       100                                                                                                                                                                                              
       102                                                                                                                                                                                              
       103                                                                                                                                                                                              
       103                                                                                                                                                                                              
       100                                                                                                                                                                                              
       124                                                                                                                                                                                              
       124                                                                                                                                                                                              
       124                                                                                                                                                                                              
       124                                                                                                                                                                                              
       100                                                                                                                                                                                              
       149                                                                                                                                                                                              
       149                                                                                                                                                                                              
       149                                                                                                                                                                                              
       101                                                                                                                                                                                              
       100                                                                                                                                                                                              
       201                                                                                                                                                                                              
       101                                                                                                                                                                                              
       205                                                                                                                                                                                              

20 rows selected.

SQL> SELECT UNIQUE MANAGER_ID FROM EMPLOYEES;

MANAGER_ID                                                                                                                                                                                              
----------                                                                                                                                                                                              
                                                                                                                                                                                                        
       100                                                                                                                                                                                              
       149                                                                                                                                                                                              
       205                                                                                                                                                                                              
       102                                                                                                                                                                                              
       201                                                                                                                                                                                              
       101                                                                                                                                                                                              
       124                                                                                                                                                                                              
       103                                                                                                                                                                                              

9 rows selected.

SQL> SELECT DEPARTMENT_ID , JOB_ID FROM EMPLOYEES ORDER BY 1,2;

DEPARTMENT_ID JOB_ID                                                                                                                                                                                    
------------- ----------                                                                                                                                                                                
           10 AD_ASST                                                                                                                                                                                   
           20 MK_MAN                                                                                                                                                                                    
           20 MK_REP                                                                                                                                                                                    
           50 ST_CLERK                                                                                                                                                                                  
           50 ST_CLERK                                                                                                                                                                                  
           50 ST_CLERK                                                                                                                                                                                  
           50 ST_CLERK                                                                                                                                                                                  
           50 ST_MAN                                                                                                                                                                                    
           60 IT_PROG                                                                                                                                                                                   
           60 IT_PROG                                                                                                                                                                                   
           60 IT_PROG                                                                                                                                                                                   
           80 SA_MAN                                                                                                                                                                                    
           80 SA_REP                                                                                                                                                                                    
           80 SA_REP                                                                                                                                                                                    
           90 AD_PRES                                                                                                                                                                                   
           90 AD_VP                                                                                                                                                                                     
           90 AD_VP                                                                                                                                                                                     
          110 AC_ACCOUNT                                                                                                                                                                                
          110 AC_MGR                                                                                                                                                                                    
              SA_REP                                                                                                                                                                                    

20 rows selected.

SQL> SELECT DISTINCT DEPARTMENT_ID , DISTINCT JOB_ID FROM EMPLOYEES ORDER BY 1,2;
SELECT DISTINCT DEPARTMENT_ID , DISTINCT JOB_ID FROM EMPLOYEES ORDER BY 1,2
                                *
ERROR at line 1:
ORA-00936: missing expression 


SQL> SELECT DEPARTMENT_ID , DISTINCT JOB_ID FROM EMPLOYEES ORDER BY 1,2;
SELECT DEPARTMENT_ID , DISTINCT JOB_ID FROM EMPLOYEES ORDER BY 1,2
                       *
ERROR at line 1:
ORA-00936: missing expression 


SQL> SELECT DISTINCT DEPARTMENT_ID , JOB_ID FROM EMPLOYEES ORDER BY 1,2;

DEPARTMENT_ID JOB_ID                                                                                                                                                                                    
------------- ----------                                                                                                                                                                                
           10 AD_ASST                                                                                                                                                                                   
           20 MK_MAN                                                                                                                                                                                    
           20 MK_REP                                                                                                                                                                                    
           50 ST_CLERK                                                                                                                                                                                  
           50 ST_MAN                                                                                                                                                                                    
           60 IT_PROG                                                                                                                                                                                   
           80 SA_MAN                                                                                                                                                                                    
           80 SA_REP                                                                                                                                                                                    
           90 AD_PRES                                                                                                                                                                                   
           90 AD_VP                                                                                                                                                                                     
          110 AC_ACCOUNT                                                                                                                                                                                
          110 AC_MGR                                                                                                                                                                                    
              SA_REP                                                                                                                                                                                    

13 rows selected.

SQL> SELECT DEPARTMENT_ID , MANAGER_ID FROM EMPLOYEES ORDER BY 1,2;

DEPARTMENT_ID MANAGER_ID                                                                                                                                                                                
------------- ----------                                                                                                                                                                                
           10        101                                                                                                                                                                                
           20        100                                                                                                                                                                                
           20        201                                                                                                                                                                                
           50        100                                                                                                                                                                                
           50        124                                                                                                                                                                                
           50        124                                                                                                                                                                                
           50        124                                                                                                                                                                                
           50        124                                                                                                                                                                                
           60        102                                                                                                                                                                                
           60        103                                                                                                                                                                                
           60        103                                                                                                                                                                                
           80        100                                                                                                                                                                                
           80        149                                                                                                                                                                                
           80        149                                                                                                                                                                                
           90        100                                                                                                                                                                                
           90        100                                                                                                                                                                                
           90                                                                                                                                                                                           
          110        101                                                                                                                                                                                
          110        205                                                                                                                                                                                
                     149                                                                                                                                                                                

20 rows selected.

SQL> SELECT UNIQUE DEPARTMENT_ID , MANAGER_ID FROM EMPLOYEES ORDER BY 1,2;

DEPARTMENT_ID MANAGER_ID                                                                                                                                                                                
------------- ----------                                                                                                                                                                                
           10        101                                                                                                                                                                                
           20        100                                                                                                                                                                                
           20        201                                                                                                                                                                                
           50        100                                                                                                                                                                                
           50        124                                                                                                                                                                                
           60        102                                                                                                                                                                                
           60        103                                                                                                                                                                                
           80        100                                                                                                                                                                                
           80        149                                                                                                                                                                                
           90        100                                                                                                                                                                                
           90                                                                                                                                                                                           
          110        101                                                                                                                                                                                
          110        205                                                                                                                                                                                
                     149                                                                                                                                                                                

14 rows selected.

SQL> SELECT DEPARTMENT_ID , JOB_ID , MANAGER_ID FROM EMPLOYEES ORDER BY 1,2,3;

DEPARTMENT_ID JOB_ID     MANAGER_ID                                                                                                                                                                     
------------- ---------- ----------                                                                                                                                                                     
           10 AD_ASST           101                                                                                                                                                                     
           20 MK_MAN            100                                                                                                                                                                     
           20 MK_REP            201                                                                                                                                                                     
           50 ST_CLERK          124                                                                                                                                                                     
           50 ST_CLERK          124                                                                                                                                                                     
           50 ST_CLERK          124                                                                                                                                                                     
           50 ST_CLERK          124                                                                                                                                                                     
           50 ST_MAN            100                                                                                                                                                                     
           60 IT_PROG           102                                                                                                                                                                     
           60 IT_PROG           103                                                                                                                                                                     
           60 IT_PROG           103                                                                                                                                                                     
           80 SA_MAN            100                                                                                                                                                                     
           80 SA_REP            149                                                                                                                                                                     
           80 SA_REP            149                                                                                                                                                                     
           90 AD_PRES                                                                                                                                                                                   
           90 AD_VP             100                                                                                                                                                                     
           90 AD_VP             100                                                                                                                                                                     
          110 AC_ACCOUNT        205                                                                                                                                                                     
          110 AC_MGR            101                                                                                                                                                                     
              SA_REP            149                                                                                                                                                                     

20 rows selected.

SQL> SELECT DISTINCT DEPARTMENT_ID , JOB_ID , MANAGER_ID FROM EMPLOYEES ORDER BY 1,2,3;

DEPARTMENT_ID JOB_ID     MANAGER_ID                                                                                                                                                                     
------------- ---------- ----------                                                                                                                                                                     
           10 AD_ASST           101                                                                                                                                                                     
           20 MK_MAN            100                                                                                                                                                                     
           20 MK_REP            201                                                                                                                                                                     
           50 ST_CLERK          124                                                                                                                                                                     
           50 ST_MAN            100                                                                                                                                                                     
           60 IT_PROG           102                                                                                                                                                                     
           60 IT_PROG           103                                                                                                                                                                     
           80 SA_MAN            100                                                                                                                                                                     
           80 SA_REP            149                                                                                                                                                                     
           90 AD_PRES                                                                                                                                                                                   
           90 AD_VP             100                                                                                                                                                                     
          110 AC_ACCOUNT        205                                                                                                                                                                     
          110 AC_MGR            101                                                                                                                                                                     
              SA_REP            149                                                                                                                                                                     

14 rows selected.

SQL> REM Q OPERATOR
SQL> 
SQL> SELECT FIRST_NAME , SALARY FROM EMPLOYEES;

FIRST_NAME          SALARY                                                                                                                                                                              
--------------- ----------                                                                                                                                                                              
Steven               24000                                                                                                                                                                              
Neena                17000                                                                                                                                                                              
Lex                  17000                                                                                                                                                                              
Alexander             9000                                                                                                                                                                              
Bruce                 6000                                                                                                                                                                              
Diana                 4200                                                                                                                                                                              
Kevin                 5800                                                                                                                                                                              
Trenna                3500                                                                                                                                                                              
Curtis                3100                                                                                                                                                                              
Randall               2600                                                                                                                                                                              
Peter                 2500                                                                                                                                                                              
Eleni                10500                                                                                                                                                                              
Ellen                11000                                                                                                                                                                              
Jonathon              8600                                                                                                                                                                              
Kimerely              7000                                                                                                                                                                              
Jennifer              4400                                                                                                                                                                              
Michael              13000                                                                                                                                                                              
Pat                   6000                                                                                                                                                                              
Shelley              12000                                                                                                                                                                              
William               8300                                                                                                                                                                              

20 rows selected.

SQL> REM Steven gets Rs.24000 as monthly salary.
SQL> 
SQL> SELECT FIRST_NAME || ' gets Rs.' || SALARY || ' as monthly salary.' FROM EMPLOYEES;

FIRST_NAME||'GETSRS.'||SALARY||'ASMONTHLYSALARY.'                                                                                                                                                       
-----------------------------------------------------------------------------------                                                                                                                     
Steven gets Rs.24000 as monthly salary.                                                                                                                                                                 
Neena gets Rs.17000 as monthly salary.                                                                                                                                                                  
Lex gets Rs.17000 as monthly salary.                                                                                                                                                                    
Alexander gets Rs.9000 as monthly salary.                                                                                                                                                               
Bruce gets Rs.6000 as monthly salary.                                                                                                                                                                   
Diana gets Rs.4200 as monthly salary.                                                                                                                                                                   
Kevin gets Rs.5800 as monthly salary.                                                                                                                                                                   
Trenna gets Rs.3500 as monthly salary.                                                                                                                                                                  
Curtis gets Rs.3100 as monthly salary.                                                                                                                                                                  
Randall gets Rs.2600 as monthly salary.                                                                                                                                                                 
Peter gets Rs.2500 as monthly salary.                                                                                                                                                                   
Eleni gets Rs.10500 as monthly salary.                                                                                                                                                                  
Ellen gets Rs.11000 as monthly salary.                                                                                                                                                                  
Jonathon gets Rs.8600 as monthly salary.                                                                                                                                                                
Kimerely gets Rs.7000 as monthly salary.                                                                                                                                                                
Jennifer gets Rs.4400 as monthly salary.                                                                                                                                                                
Michael gets Rs.13000 as monthly salary.                                                                                                                                                                
Pat gets Rs.6000 as monthly salary.                                                                                                                                                                     
Shelley gets Rs.12000 as monthly salary.                                                                                                                                                                
William gets Rs.8300 as monthly salary.                                                                                                                                                                 

20 rows selected.

SQL> REM Steven's monthly salary is Rs.24000/-.
SQL> 
SQL> 
SQL> SELECT FIRST_NAME || 's monthly salary is Rs.' || SALARY || '/-.' FROM EMPLOYEES;

FIRST_NAME||'SMONTHLYSALARYISRS.'||SALARY||'/-.'                                                                                                                                                        
---------------------------------------------------------------------------------                                                                                                                       
Stevens monthly salary is Rs.24000/-.                                                                                                                                                                   
Neenas monthly salary is Rs.17000/-.                                                                                                                                                                    
Lexs monthly salary is Rs.17000/-.                                                                                                                                                                      
Alexanders monthly salary is Rs.9000/-.                                                                                                                                                                 
Bruces monthly salary is Rs.6000/-.                                                                                                                                                                     
Dianas monthly salary is Rs.4200/-.                                                                                                                                                                     
Kevins monthly salary is Rs.5800/-.                                                                                                                                                                     
Trennas monthly salary is Rs.3500/-.                                                                                                                                                                    
Curtiss monthly salary is Rs.3100/-.                                                                                                                                                                    
Randalls monthly salary is Rs.2600/-.                                                                                                                                                                   
Peters monthly salary is Rs.2500/-.                                                                                                                                                                     
Elenis monthly salary is Rs.10500/-.                                                                                                                                                                    
Ellens monthly salary is Rs.11000/-.                                                                                                                                                                    
Jonathons monthly salary is Rs.8600/-.                                                                                                                                                                  
Kimerelys monthly salary is Rs.7000/-.                                                                                                                                                                  
Jennifers monthly salary is Rs.4400/-.                                                                                                                                                                  
Michaels monthly salary is Rs.13000/-.                                                                                                                                                                  
Pats monthly salary is Rs.6000/-.                                                                                                                                                                       
Shelleys monthly salary is Rs.12000/-.                                                                                                                                                                  
Williams monthly salary is Rs.8300/-.                                                                                                                                                                   

20 rows selected.

SQL> SELECT FIRST_NAME || ''s monthly salary is Rs.' || SALARY || '/-.' FROM EMPLOYEES;
ERROR:
ORA-01756: quoted string not properly terminated 


SQL> SELECT FIRST_NAME || '''s monthly salary is Rs.' || SALARY || '/-.' FROM EMPLOYEES;

FIRST_NAME||'''SMONTHLYSALARYISRS.'||SALARY||'/-.'                                                                                                                                                      
----------------------------------------------------------------------------------                                                                                                                      
Steven's monthly salary is Rs.24000/-.                                                                                                                                                                  
Neena's monthly salary is Rs.17000/-.                                                                                                                                                                   
Lex's monthly salary is Rs.17000/-.                                                                                                                                                                     
Alexander's monthly salary is Rs.9000/-.                                                                                                                                                                
Bruce's monthly salary is Rs.6000/-.                                                                                                                                                                    
Diana's monthly salary is Rs.4200/-.                                                                                                                                                                    
Kevin's monthly salary is Rs.5800/-.                                                                                                                                                                    
Trenna's monthly salary is Rs.3500/-.                                                                                                                                                                   
Curtis's monthly salary is Rs.3100/-.                                                                                                                                                                   
Randall's monthly salary is Rs.2600/-.                                                                                                                                                                  
Peter's monthly salary is Rs.2500/-.                                                                                                                                                                    
Eleni's monthly salary is Rs.10500/-.                                                                                                                                                                   
Ellen's monthly salary is Rs.11000/-.                                                                                                                                                                   
Jonathon's monthly salary is Rs.8600/-.                                                                                                                                                                 
Kimerely's monthly salary is Rs.7000/-.                                                                                                                                                                 
Jennifer's monthly salary is Rs.4400/-.                                                                                                                                                                 
Michael's monthly salary is Rs.13000/-.                                                                                                                                                                 
Pat's monthly salary is Rs.6000/-.                                                                                                                                                                      
Shelley's monthly salary is Rs.12000/-.                                                                                                                                                                 
William's monthly salary is Rs.8300/-.                                                                                                                                                                  

20 rows selected.

SQL> REM Q OPERATOR
SQL> 
SQL> REM Q/QUOTE OPERATOR IS USED TO CHANGE THE DELIMITER CHARACTER
SQL> 
SQL> 
SQL> SELECT FIRST_NAME || Q'"'s monthly salary is Rs."' || SALARY || '/-.' FROM EMPLOYEES;

FIRST_NAME||Q'"'SMONTHLYSALARYISRS."'||SALARY||'/-.'                                                                                                                                                    
----------------------------------------------------------------------------------                                                                                                                      
Steven's monthly salary is Rs.24000/-.                                                                                                                                                                  
Neena's monthly salary is Rs.17000/-.                                                                                                                                                                   
Lex's monthly salary is Rs.17000/-.                                                                                                                                                                     
Alexander's monthly salary is Rs.9000/-.                                                                                                                                                                
Bruce's monthly salary is Rs.6000/-.                                                                                                                                                                    
Diana's monthly salary is Rs.4200/-.                                                                                                                                                                    
Kevin's monthly salary is Rs.5800/-.                                                                                                                                                                    
Trenna's monthly salary is Rs.3500/-.                                                                                                                                                                   
Curtis's monthly salary is Rs.3100/-.                                                                                                                                                                   
Randall's monthly salary is Rs.2600/-.                                                                                                                                                                  
Peter's monthly salary is Rs.2500/-.                                                                                                                                                                    
Eleni's monthly salary is Rs.10500/-.                                                                                                                                                                   
Ellen's monthly salary is Rs.11000/-.                                                                                                                                                                   
Jonathon's monthly salary is Rs.8600/-.                                                                                                                                                                 
Kimerely's monthly salary is Rs.7000/-.                                                                                                                                                                 
Jennifer's monthly salary is Rs.4400/-.                                                                                                                                                                 
Michael's monthly salary is Rs.13000/-.                                                                                                                                                                 
Pat's monthly salary is Rs.6000/-.                                                                                                                                                                      
Shelley's monthly salary is Rs.12000/-.                                                                                                                                                                 
William's monthly salary is Rs.8300/-.                                                                                                                                                                  

20 rows selected.

SQL> SELECT FIRST_NAME || Q'*'s monthly salary is Rs.*' || SALARY || '/-.' FROM EMPLOYEES;

FIRST_NAME||Q'*'SMONTHLYSALARYISRS.*'||SALARY||'/-.'                                                                                                                                                    
----------------------------------------------------------------------------------                                                                                                                      
Steven's monthly salary is Rs.24000/-.                                                                                                                                                                  
Neena's monthly salary is Rs.17000/-.                                                                                                                                                                   
Lex's monthly salary is Rs.17000/-.                                                                                                                                                                     
Alexander's monthly salary is Rs.9000/-.                                                                                                                                                                
Bruce's monthly salary is Rs.6000/-.                                                                                                                                                                    
Diana's monthly salary is Rs.4200/-.                                                                                                                                                                    
Kevin's monthly salary is Rs.5800/-.                                                                                                                                                                    
Trenna's monthly salary is Rs.3500/-.                                                                                                                                                                   
Curtis's monthly salary is Rs.3100/-.                                                                                                                                                                   
Randall's monthly salary is Rs.2600/-.                                                                                                                                                                  
Peter's monthly salary is Rs.2500/-.                                                                                                                                                                    
Eleni's monthly salary is Rs.10500/-.                                                                                                                                                                   
Ellen's monthly salary is Rs.11000/-.                                                                                                                                                                   
Jonathon's monthly salary is Rs.8600/-.                                                                                                                                                                 
Kimerely's monthly salary is Rs.7000/-.                                                                                                                                                                 
Jennifer's monthly salary is Rs.4400/-.                                                                                                                                                                 
Michael's monthly salary is Rs.13000/-.                                                                                                                                                                 
Pat's monthly salary is Rs.6000/-.                                                                                                                                                                      
Shelley's monthly salary is Rs.12000/-.                                                                                                                                                                 
William's monthly salary is Rs.8300/-.                                                                                                                                                                  

20 rows selected.

SQL> SELECT FIRST_NAME || Q'A's monthly salary is Rs.A' || SALARY || '/-.' FROM EMPLOYEES;

FIRST_NAME||Q'A'SMONTHLYSALARYISRS.A'||SALARY||'/-.'                                                                                                                                                    
----------------------------------------------------------------------------------                                                                                                                      
Steven's monthly salary is Rs.24000/-.                                                                                                                                                                  
Neena's monthly salary is Rs.17000/-.                                                                                                                                                                   
Lex's monthly salary is Rs.17000/-.                                                                                                                                                                     
Alexander's monthly salary is Rs.9000/-.                                                                                                                                                                
Bruce's monthly salary is Rs.6000/-.                                                                                                                                                                    
Diana's monthly salary is Rs.4200/-.                                                                                                                                                                    
Kevin's monthly salary is Rs.5800/-.                                                                                                                                                                    
Trenna's monthly salary is Rs.3500/-.                                                                                                                                                                   
Curtis's monthly salary is Rs.3100/-.                                                                                                                                                                   
Randall's monthly salary is Rs.2600/-.                                                                                                                                                                  
Peter's monthly salary is Rs.2500/-.                                                                                                                                                                    
Eleni's monthly salary is Rs.10500/-.                                                                                                                                                                   
Ellen's monthly salary is Rs.11000/-.                                                                                                                                                                   
Jonathon's monthly salary is Rs.8600/-.                                                                                                                                                                 
Kimerely's monthly salary is Rs.7000/-.                                                                                                                                                                 
Jennifer's monthly salary is Rs.4400/-.                                                                                                                                                                 
Michael's monthly salary is Rs.13000/-.                                                                                                                                                                 
Pat's monthly salary is Rs.6000/-.                                                                                                                                                                      
Shelley's monthly salary is Rs.12000/-.                                                                                                                                                                 
William's monthly salary is Rs.8300/-.                                                                                                                                                                  

20 rows selected.

SQL> SELECT FIRST_NAME || Q'5's monthly salary is Rs.5' || SALARY || '/-.' FROM EMPLOYEES;

FIRST_NAME||Q'5'SMONTHLYSALARYISRS.5'||SALARY||'/-.'                                                                                                                                                    
----------------------------------------------------------------------------------                                                                                                                      
Steven's monthly salary is Rs.24000/-.                                                                                                                                                                  
Neena's monthly salary is Rs.17000/-.                                                                                                                                                                   
Lex's monthly salary is Rs.17000/-.                                                                                                                                                                     
Alexander's monthly salary is Rs.9000/-.                                                                                                                                                                
Bruce's monthly salary is Rs.6000/-.                                                                                                                                                                    
Diana's monthly salary is Rs.4200/-.                                                                                                                                                                    
Kevin's monthly salary is Rs.5800/-.                                                                                                                                                                    
Trenna's monthly salary is Rs.3500/-.                                                                                                                                                                   
Curtis's monthly salary is Rs.3100/-.                                                                                                                                                                   
Randall's monthly salary is Rs.2600/-.                                                                                                                                                                  
Peter's monthly salary is Rs.2500/-.                                                                                                                                                                    
Eleni's monthly salary is Rs.10500/-.                                                                                                                                                                   
Ellen's monthly salary is Rs.11000/-.                                                                                                                                                                   
Jonathon's monthly salary is Rs.8600/-.                                                                                                                                                                 
Kimerely's monthly salary is Rs.7000/-.                                                                                                                                                                 
Jennifer's monthly salary is Rs.4400/-.                                                                                                                                                                 
Michael's monthly salary is Rs.13000/-.                                                                                                                                                                 
Pat's monthly salary is Rs.6000/-.                                                                                                                                                                      
Shelley's monthly salary is Rs.12000/-.                                                                                                                                                                 
William's monthly salary is Rs.8300/-.                                                                                                                                                                  

20 rows selected.

SQL> SELECT FIRST_NAME || Q 5's monthly salary is Rs. ' || SALARY || '/-.' FROM EMPLOYEES;
SELECT FIRST_NAME || Q 5's monthly salary is Rs. ' || SALARY || '/-.' FROM EMPLOYEES
                       *
ERROR at line 1:
ORA-00923: FROM keyword not found where expected 


SQL> SELECT FIRST_NAME || Q' 's monthly salary is Rs. ' || SALARY || '/-.' FROM EMPLOYEES;
SELECT FIRST_NAME || Q' 's monthly salary is Rs. ' || SALARY || '/-.' FROM EMPLOYEES
                     *
ERROR at line 1:
ORA-00911: invalid character 


SQL> SELECT FIRST_NAME || Q'''s monthly salary is Rs.'' || SALARY || '/-.' FROM EMPLOYEES;

FIRST_NAME||Q'''SMONTHLYSALARYISRS.''||SALARY||'/-.'                                                                                                                                                    
----------------------------------------------------------------------------------                                                                                                                      
Steven's monthly salary is Rs.24000/-.                                                                                                                                                                  
Neena's monthly salary is Rs.17000/-.                                                                                                                                                                   
Lex's monthly salary is Rs.17000/-.                                                                                                                                                                     
Alexander's monthly salary is Rs.9000/-.                                                                                                                                                                
Bruce's monthly salary is Rs.6000/-.                                                                                                                                                                    
Diana's monthly salary is Rs.4200/-.                                                                                                                                                                    
Kevin's monthly salary is Rs.5800/-.                                                                                                                                                                    
Trenna's monthly salary is Rs.3500/-.                                                                                                                                                                   
Curtis's monthly salary is Rs.3100/-.                                                                                                                                                                   
Randall's monthly salary is Rs.2600/-.                                                                                                                                                                  
Peter's monthly salary is Rs.2500/-.                                                                                                                                                                    
Eleni's monthly salary is Rs.10500/-.                                                                                                                                                                   
Ellen's monthly salary is Rs.11000/-.                                                                                                                                                                   
Jonathon's monthly salary is Rs.8600/-.                                                                                                                                                                 
Kimerely's monthly salary is Rs.7000/-.                                                                                                                                                                 
Jennifer's monthly salary is Rs.4400/-.                                                                                                                                                                 
Michael's monthly salary is Rs.13000/-.                                                                                                                                                                 
Pat's monthly salary is Rs.6000/-.                                                                                                                                                                      
Shelley's monthly salary is Rs.12000/-.                                                                                                                                                                 
William's monthly salary is Rs.8300/-.                                                                                                                                                                  

20 rows selected.

SQL> SELECT FIRST_NAME || Q'['s monthly salary is Rs.]' || SALARY || '/-.' FROM EMPLOYEES;

FIRST_NAME||Q'['SMONTHLYSALARYISRS.]'||SALARY||'/-.'                                                                                                                                                    
----------------------------------------------------------------------------------                                                                                                                      
Steven's monthly salary is Rs.24000/-.                                                                                                                                                                  
Neena's monthly salary is Rs.17000/-.                                                                                                                                                                   
Lex's monthly salary is Rs.17000/-.                                                                                                                                                                     
Alexander's monthly salary is Rs.9000/-.                                                                                                                                                                
Bruce's monthly salary is Rs.6000/-.                                                                                                                                                                    
Diana's monthly salary is Rs.4200/-.                                                                                                                                                                    
Kevin's monthly salary is Rs.5800/-.                                                                                                                                                                    
Trenna's monthly salary is Rs.3500/-.                                                                                                                                                                   
Curtis's monthly salary is Rs.3100/-.                                                                                                                                                                   
Randall's monthly salary is Rs.2600/-.                                                                                                                                                                  
Peter's monthly salary is Rs.2500/-.                                                                                                                                                                    
Eleni's monthly salary is Rs.10500/-.                                                                                                                                                                   
Ellen's monthly salary is Rs.11000/-.                                                                                                                                                                   
Jonathon's monthly salary is Rs.8600/-.                                                                                                                                                                 
Kimerely's monthly salary is Rs.7000/-.                                                                                                                                                                 
Jennifer's monthly salary is Rs.4400/-.                                                                                                                                                                 
Michael's monthly salary is Rs.13000/-.                                                                                                                                                                 
Pat's monthly salary is Rs.6000/-.                                                                                                                                                                      
Shelley's monthly salary is Rs.12000/-.                                                                                                                                                                 
William's monthly salary is Rs.8300/-.                                                                                                                                                                  

20 rows selected.

SQL> SELECT FIRST_NAME || Q'['s monthly salary is Rs.[' || SALARY || '/-.' FROM EMPLOYEES;
ERROR:
ORA-01756: quoted string not properly terminated 


SQL> SELECT FIRST_NAME || Q']'s monthly salary is Rs.[' || SALARY || '/-.' FROM EMPLOYEES;
ERROR:
ORA-01756: quoted string not properly terminated 


SQL> SELECT FIRST_NAME || Q']'s monthly salary is Rs.]' || SALARY || '/-.' FROM EMPLOYEES;

FIRST_NAME||Q']'SMONTHLYSALARYISRS.]'||SALARY||'/-.'                                                                                                                                                    
----------------------------------------------------------------------------------                                                                                                                      
Steven's monthly salary is Rs.24000/-.                                                                                                                                                                  
Neena's monthly salary is Rs.17000/-.                                                                                                                                                                   
Lex's monthly salary is Rs.17000/-.                                                                                                                                                                     
Alexander's monthly salary is Rs.9000/-.                                                                                                                                                                
Bruce's monthly salary is Rs.6000/-.                                                                                                                                                                    
Diana's monthly salary is Rs.4200/-.                                                                                                                                                                    
Kevin's monthly salary is Rs.5800/-.                                                                                                                                                                    
Trenna's monthly salary is Rs.3500/-.                                                                                                                                                                   
Curtis's monthly salary is Rs.3100/-.                                                                                                                                                                   
Randall's monthly salary is Rs.2600/-.                                                                                                                                                                  
Peter's monthly salary is Rs.2500/-.                                                                                                                                                                    
Eleni's monthly salary is Rs.10500/-.                                                                                                                                                                   
Ellen's monthly salary is Rs.11000/-.                                                                                                                                                                   
Jonathon's monthly salary is Rs.8600/-.                                                                                                                                                                 
Kimerely's monthly salary is Rs.7000/-.                                                                                                                                                                 
Jennifer's monthly salary is Rs.4400/-.                                                                                                                                                                 
Michael's monthly salary is Rs.13000/-.                                                                                                                                                                 
Pat's monthly salary is Rs.6000/-.                                                                                                                                                                      
Shelley's monthly salary is Rs.12000/-.                                                                                                                                                                 
William's monthly salary is Rs.8300/-.                                                                                                                                                                  

20 rows selected.

SQL> REM NULL VALUES WITH ARITHMETIC OPERATORS
SQL> 
SQL> SELECT FIRST_NAME , SALARY , COMMISSION_PCT FROM EMPLOYEES;

FIRST_NAME          SALARY COMMISSION_PCT                                                                                                                                                               
--------------- ---------- --------------                                                                                                                                                               
Steven               24000                                                                                                                                                                              
Neena                17000                                                                                                                                                                              
Lex                  17000                                                                                                                                                                              
Alexander             9000                                                                                                                                                                              
Bruce                 6000                                                                                                                                                                              
Diana                 4200                                                                                                                                                                              
Kevin                 5800                                                                                                                                                                              
Trenna                3500                                                                                                                                                                              
Curtis                3100                                                                                                                                                                              
Randall               2600                                                                                                                                                                              
Peter                 2500                                                                                                                                                                              
Eleni                10500             .2                                                                                                                                                               
Ellen                11000             .3                                                                                                                                                               
Jonathon              8600             .3                                                                                                                                                               
Kimerely              7000            .15                                                                                                                                                               
Jennifer              4400                                                                                                                                                                              
Michael              13000                                                                                                                                                                              
Pat                   6000                                                                                                                                                                              
Shelley              12000                                                                                                                                                                              
William               8300                                                                                                                                                                              

20 rows selected.

SQL> SELECT FIRST_NAME , SALARY , COMMISSION_PCT , SALARY * COMMISSION_PCT COMM_AMOUNT FROM EMPLOYEES;

FIRST_NAME          SALARY COMMISSION_PCT COMM_AMOUNT                                                                                                                                                   
--------------- ---------- -------------- -----------                                                                                                                                                   
Steven               24000                                                                                                                                                                              
Neena                17000                                                                                                                                                                              
Lex                  17000                                                                                                                                                                              
Alexander             9000                                                                                                                                                                              
Bruce                 6000                                                                                                                                                                              
Diana                 4200                                                                                                                                                                              
Kevin                 5800                                                                                                                                                                              
Trenna                3500                                                                                                                                                                              
Curtis                3100                                                                                                                                                                              
Randall               2600                                                                                                                                                                              
Peter                 2500                                                                                                                                                                              
Eleni                10500             .2        2100                                                                                                                                                   
Ellen                11000             .3        3300                                                                                                                                                   
Jonathon              8600             .3        2580                                                                                                                                                   
Kimerely              7000            .15        1050                                                                                                                                                   
Jennifer              4400                                                                                                                                                                              
Michael              13000                                                                                                                                                                              
Pat                   6000                                                                                                                                                                              
Shelley              12000                                                                                                                                                                              
William               8300                                                                                                                                                                              

20 rows selected.

SQL> SELECT FIRST_NAME , SALARY , COMMISSION_PCT , SALARY * COMMISSION_PCT COMM_AMOUNT , SALARY + COMM_AMOUNT TOTAL_PAYMENT FROM EMPLOYEES;
SELECT FIRST_NAME , SALARY , COMMISSION_PCT , SALARY * COMMISSION_PCT COMM_AMOUNT , SALARY + COMM_AMOUNT TOTAL_PAYMENT FROM EMPLOYEES
                                                                                             *
ERROR at line 1:
ORA-00904: "COMM_AMOUNT": invalid identifier 


SQL> SELECT FIRST_NAME , SALARY , COMMISSION_PCT , SALARY * COMMISSION_PCT COMM_AMOUNT , SALARY + SALARY * COMMISSION_PCT TOTAL_PAYMENT FROM EMPLOYEES;

FIRST_NAME          SALARY COMMISSION_PCT COMM_AMOUNT TOTAL_PAYMENT                                                                                                                                     
--------------- ---------- -------------- ----------- -------------                                                                                                                                     
Steven               24000                                                                                                                                                                              
Neena                17000                                                                                                                                                                              
Lex                  17000                                                                                                                                                                              
Alexander             9000                                                                                                                                                                              
Bruce                 6000                                                                                                                                                                              
Diana                 4200                                                                                                                                                                              
Kevin                 5800                                                                                                                                                                              
Trenna                3500                                                                                                                                                                              
Curtis                3100                                                                                                                                                                              
Randall               2600                                                                                                                                                                              
Peter                 2500                                                                                                                                                                              
Eleni                10500             .2        2100         12600                                                                                                                                     
Ellen                11000             .3        3300         14300                                                                                                                                     
Jonathon              8600             .3        2580         11180                                                                                                                                     
Kimerely              7000            .15        1050          8050                                                                                                                                     
Jennifer              4400                                                                                                                                                                              
Michael              13000                                                                                                                                                                              
Pat                   6000                                                                                                                                                                              
Shelley              12000                                                                                                                                                                              
William               8300                                                                                                                                                                              

20 rows selected.

SQL> SELECT FIRST_NAME , SALARY , NVL(COMMISSION_PCT,0) , SALARY * COMMISSION_PCT COMM_AMOUNT , SALARY + SALARY * COMMISSION_PCT TOTAL_PAYMENT FROM EMPLOYEES;

FIRST_NAME          SALARY NVL(COMMISSION_PCT,0) COMM_AMOUNT TOTAL_PAYMENT                                                                                                                              
--------------- ---------- --------------------- ----------- -------------                                                                                                                              
Steven               24000                     0                                                                                                                                                        
Neena                17000                     0                                                                                                                                                        
Lex                  17000                     0                                                                                                                                                        
Alexander             9000                     0                                                                                                                                                        
Bruce                 6000                     0                                                                                                                                                        
Diana                 4200                     0                                                                                                                                                        
Kevin                 5800                     0                                                                                                                                                        
Trenna                3500                     0                                                                                                                                                        
Curtis                3100                     0                                                                                                                                                        
Randall               2600                     0                                                                                                                                                        
Peter                 2500                     0                                                                                                                                                        
Eleni                10500                    .2        2100         12600                                                                                                                              
Ellen                11000                    .3        3300         14300                                                                                                                              
Jonathon              8600                    .3        2580         11180                                                                                                                              
Kimerely              7000                   .15        1050          8050                                                                                                                              
Jennifer              4400                     0                                                                                                                                                        
Michael              13000                     0                                                                                                                                                        
Pat                   6000                     0                                                                                                                                                        
Shelley              12000                     0                                                                                                                                                        
William               8300                     0                                                                                                                                                        

20 rows selected.

SQL> SELECT FIRST_NAME , SALARY , NVL(COMMISSION_PCT,0) , SALARY * NVL(COMMISSION_PCT,0) COMM_AMOUNT , SALARY + SALARY * COMMISSION_PCT TOTAL_PAYMENT FROM EMPLOYEES;

FIRST_NAME          SALARY NVL(COMMISSION_PCT,0) COMM_AMOUNT TOTAL_PAYMENT                                                                                                                              
--------------- ---------- --------------------- ----------- -------------                                                                                                                              
Steven               24000                     0           0                                                                                                                                            
Neena                17000                     0           0                                                                                                                                            
Lex                  17000                     0           0                                                                                                                                            
Alexander             9000                     0           0                                                                                                                                            
Bruce                 6000                     0           0                                                                                                                                            
Diana                 4200                     0           0                                                                                                                                            
Kevin                 5800                     0           0                                                                                                                                            
Trenna                3500                     0           0                                                                                                                                            
Curtis                3100                     0           0                                                                                                                                            
Randall               2600                     0           0                                                                                                                                            
Peter                 2500                     0           0                                                                                                                                            
Eleni                10500                    .2        2100         12600                                                                                                                              
Ellen                11000                    .3        3300         14300                                                                                                                              
Jonathon              8600                    .3        2580         11180                                                                                                                              
Kimerely              7000                   .15        1050          8050                                                                                                                              
Jennifer              4400                     0           0                                                                                                                                            
Michael              13000                     0           0                                                                                                                                            
Pat                   6000                     0           0                                                                                                                                            
Shelley              12000                     0           0                                                                                                                                            
William               8300                     0           0                                                                                                                                            

20 rows selected.

SQL> SELECT FIRST_NAME , SALARY , NVL(COMMISSION_PCT,0) , SALARY * NVL(COMMISSION_PCT,0) COMM_AMOUNT , SALARY + SALARY * NVL(COMMISSION_PCT,0) TOTAL_PAYMENT FROM EMPLOYEES;

FIRST_NAME          SALARY NVL(COMMISSION_PCT,0) COMM_AMOUNT TOTAL_PAYMENT                                                                                                                              
--------------- ---------- --------------------- ----------- -------------                                                                                                                              
Steven               24000                     0           0         24000                                                                                                                              
Neena                17000                     0           0         17000                                                                                                                              
Lex                  17000                     0           0         17000                                                                                                                              
Alexander             9000                     0           0          9000                                                                                                                              
Bruce                 6000                     0           0          6000                                                                                                                              
Diana                 4200                     0           0          4200                                                                                                                              
Kevin                 5800                     0           0          5800                                                                                                                              
Trenna                3500                     0           0          3500                                                                                                                              
Curtis                3100                     0           0          3100                                                                                                                              
Randall               2600                     0           0          2600                                                                                                                              
Peter                 2500                     0           0          2500                                                                                                                              
Eleni                10500                    .2        2100         12600                                                                                                                              
Ellen                11000                    .3        3300         14300                                                                                                                              
Jonathon              8600                    .3        2580         11180                                                                                                                              
Kimerely              7000                   .15        1050          8050                                                                                                                              
Jennifer              4400                     0           0          4400                                                                                                                              
Michael              13000                     0           0         13000                                                                                                                              
Pat                   6000                     0           0          6000                                                                                                                              
Shelley              12000                     0           0         12000                                                                                                                              
William               8300                     0           0          8300                                                                                                                              

20 rows selected.

SQL> REM ANY ARITHMETIC OPERATION WITH NULL WILL RESULT INTO NULL
SQL> 
SQL> SELECT 5 + NULL FROM DUAL;

    5+NULL                                                                                                                                                                                              
----------                                                                                                                                                                                              
                                                                                                                                                                                                        

SQL> SELECT 5 - NULL FROM DUAL;

    5-NULL                                                                                                                                                                                              
----------                                                                                                                                                                                              
                                                                                                                                                                                                        

SQL> SELECT 5 / NULL FROM DUAL;

    5/NULL                                                                                                                                                                                              
----------                                                                                                                                                                                              
                                                                                                                                                                                                        

SQL> SELECT 5 * NULL FROM DUAL;

    5*NULL                                                                                                                                                                                              
----------                                                                                                                                                                                              
                                                                                                                                                                                                        

SQL> SELECT 5 || NULL FROM DUAL;

5                                                                                                                                                                                                       
-                                                                                                                                                                                                       
5                                                                                                                                                                                                       

SQL> SPOOL OFF
