SQL> REM PRIMARY KEY : NOT NULL + UNIQUE : IT WILL NOT ALLOW NULL AS WELL AS DUPLICATE VALUES
SQL> 
SQL> REM PER TABLE, WE CAN USE PRIMARY KEY CONSTRAINT ONLY ONCE.
SQL> 
SQL> DROP TABLE STD5A;

Table dropped.

SQL> CREATE TABLE STD5A(RNO NUMBER(2) CHECK(RNO BETWEEN 1 AND 30) PRIMARY KEY,NM VARCHAR(10) CHECK(NM=INITCAP(NM)));

Table created.

SQL> INSERT INTO STD5A VALUES (1,'Ganesh');

1 row created.

SQL> INSERT INTO STD5A VALUES (1,'Riddhi');
INSERT INTO STD5A VALUES (1,'Riddhi')
*
ERROR at line 1:
ORA-00001: unique constraint (SCOTT.SYS_C0029269) violated 


SQL> INSERT INTO STD5A VALUES (null,'Riddhi');
INSERT INTO STD5A VALUES (null,'Riddhi')
                          *
ERROR at line 1:
ORA-01400: cannot insert NULL into ("SCOTT"."STD5A"."RNO") 


SQL> INSERT INTO STD5A VALUES (0,'Riddhi');
INSERT INTO STD5A VALUES (0,'Riddhi')
*
ERROR at line 1:
ORA-02290: check constraint (SCOTT.SYS_C0029267) violated 


SQL> INSERT INTO STD5A VALUES (31,'Riddhi');
INSERT INTO STD5A VALUES (31,'Riddhi')
*
ERROR at line 1:
ORA-02290: check constraint (SCOTT.SYS_C0029267) violated 


SQL> INSERT INTO STD5A VALUES (3,'SIDDHI');
INSERT INTO STD5A VALUES (3,'SIDDHI')
*
ERROR at line 1:
ORA-02290: check constraint (SCOTT.SYS_C0029268) violated 


SQL> DROP TABLE EMP;
DROP TABLE EMP
           *
ERROR at line 1:
ORA-00942: table or view does not exist 


SQL> DROP TABLE DEPT;
DROP TABLE DEPT
           *
ERROR at line 1:
ORA-00942: table or view does not exist 


SQL> CREATE TABLE EMP(EID NUMBER(3) PRIMARY KEY,NM VARCHAR(15),EMAIL VARCHAR(30) PRIMARY KEY);
CREATE TABLE EMP(EID NUMBER(3) PRIMARY KEY,NM VARCHAR(15),EMAIL VARCHAR(30) PRIMARY KEY)
                                                                            *
ERROR at line 1:
ORA-02260: table can have only one primary key 


SQL> CREATE TABLE EMP(EID NUMBER(3) PRIMARY KEY,NM VARCHAR(15),EMAIL VARCHAR(30) NOT NULL UNIQUE);

Table created.

SQL> DROP TABLE EMP;

Table dropped.

SQL> CREATE TABLE EMP(EID NUMBER(3) PRIMARY KEY,NM VARCHAR(15),EMAIL VARCHAR(30) NOT NULL UNIQUE,MGR NUMBER(3));

Table created.

SQL> INSERT INTO EMP VALUES (1,'GANESH','ganesh@gmail.com',NULL);

1 row created.

SQL> INSERT INTO EMP VALUES (2,'RIDDHI','riddhi@gmail.com',1);

1 row created.

SQL> INSERT INTO EMP VALUES (3,'SIDDHI','siddhi@gmail.com',4);

1 row created.

SQL> SELECT * FROM EMP;

       EID NM              EMAIL                                 MGR                                                                                                                                    
---------- --------------- ------------------------------ ----------                                                                                                                                    
         1 GANESH          ganesh@gmail.com                                                                                                                                                             
         2 RIDDHI          riddhi@gmail.com                        1                                                                                                                                    
         3 SIDDHI          siddhi@gmail.com                        4                                                                                                                                    

SQL> DROP TABLE EMP;

Table dropped.

SQL> CREATE TABLE EMP(EID NUMBER(3),NM VARCHAR(15),EMAIL VARCHAR(30) NOT NULL UNIQUE,MGR NUMBER(3) REFERENCES EMP(EID));
CREATE TABLE EMP(EID NUMBER(3),NM VARCHAR(15),EMAIL VARCHAR(30) NOT NULL UNIQUE,MGR NUMBER(3) REFERENCES EMP(EID))
                                                                                                         *
ERROR at line 1:
ORA-02270: no matching unique or primary key for this column-list 


SQL> CREATE TABLE EMP(EID NUMBER(3) PRIMARY KEY,NM VARCHAR(15),EMAIL VARCHAR(30) NOT NULL UNIQUE,MGR NUMBER(3) REFERENCES EMP(EID));

Table created.

SQL> INSERT INTO EMP VALUES (1,'GANESH','ganesh@gmail.com',NULL);

1 row created.

SQL> INSERT INTO EMP VALUES (2,'RIDDHI','riddhi@gmail.com',1);

1 row created.

SQL> INSERT INTO EMP VALUES (3,'SIDDHI','siddhi@gmail.com',4);
INSERT INTO EMP VALUES (3,'SIDDHI','siddhi@gmail.com',4)
*
ERROR at line 1:
ORA-02291: integrity constraint (SCOTT.SYS_C0029279) violated - parent key not found 


SQL> DROP TABLE EMP;

Table dropped.

SQL> CREATE TABLE DEPT(DID NUMBER(2) PRIMARY KEY,DNM VARCHAR(10));
CREATE TABLE DEPT(DID NUMBER(2) PRIMARY KEY,DNM VARCHAR(10))
             *
ERROR at line 1:
ORA-00955: name is already used by an existing object 


SQL> DROP TABLE DEPT;
DROP TABLE DEPT
           *
ERROR at line 1:
ORA-00942: table or view does not exist 


SQL> SELECT OBJECT_TYPE FROM USER_OBJECTS WHERE OBJECT_NAME = 'DEPT';

OBJECT_TYPE                                                                                                                                                                                             
-----------------------                                                                                                                                                                                 
SYNONYM                                                                                                                                                                                                 

SQL> DROP SYNONYM DEPT;

Synonym dropped.

SQL> CREATE TABLE DEPT(DID NUMBER(2) PRIMARY KEY,DNM VARCHAR(10));

Table created.

SQL> CREATE TABLE EMP(EID NUMBER(3) PRIMARY KEY,NM VARCHAR(15),EMAIL VARCHAR(30) NOT NULL UNIQUE,MGR NUMBER(3) REFERENCES EMP(EID),DID NUMBER(2) REFERENCES DEPT(DID));

Table created.

SQL> INSERT INTO DEPT VALUES (10,'ACC');

1 row created.

SQL> INSERT INTO DEPT VALUES (20,'RES');

1 row created.

SQL> 
SQL> INSERT INTO DEPT VALUES (30,'SAL');

1 row created.

SQL> INSERT INTO DEPT VALUES (40,'PUR');

1 row created.

SQL> 
SQL> SELECT * FROM DEPT;

       DID DNM                                                                                                                                                                                          
---------- ----------                                                                                                                                                                                   
        10 ACC                                                                                                                                                                                          
        20 RES                                                                                                                                                                                          
        30 SAL                                                                                                                                                                                          
        40 PUR                                                                                                                                                                                          

SQL> SELECT * FROM EMP;

no rows selected

SQL> INSERT INTO EMP VALUES (1,'GANESH','ASDASF',NULL,10);

1 row created.

SQL> INSERT INTO EMP VALUES (2,'RIDDHI','DASDASF',1,20);

1 row created.

SQL> INSERT INTO EMP VALUES (3,'SIDDHI','SDASDASF',4,20);
INSERT INTO EMP VALUES (3,'SIDDHI','SDASDASF',4,20)
*
ERROR at line 1:
ORA-02291: integrity constraint (SCOTT.SYS_C0029284) violated - parent key not found 


SQL> INSERT INTO EMP VALUES (3,'SIDDHI','SDASDASF',1,50);
INSERT INTO EMP VALUES (3,'SIDDHI','SDASDASF',1,50)
*
ERROR at line 1:
ORA-02291: integrity constraint (SCOTT.SYS_C0029285) violated - parent key not found 


SQL> DROP TABLE DEPT;
DROP TABLE DEPT
           *
ERROR at line 1:
ORA-02449: unique/primary keys in table referenced by foreign keys 


SQL> REM PARENT TABLE : IS THE TABLE WHICH HAS REFERRED PRIMARY KEY OR UNIQUE CONSTRAINTS
SQL> 
SQL> REM CHILD TABLE : IS THE TABLE WHICH TAKES REFERENCE OF PRIMARY KEYOR UNIQUE CONSTRAINTS
SQL> 
SQL> 
SQL> DROP TABLE DEPT CASCADE CONSTRAINTS;

Table dropped.

SQL> DESC DEPT
ERROR:
ORA-04043: object DEPT does not exist 


SQL> DESC EMP
 Name                                                                                                              Null?    Type
 ----------------------------------------------------------------------------------------------------------------- -------- ----------------------------------------------------------------------------
 EID                                                                                                               NOT NULL NUMBER(3)
 NM                                                                                                                         VARCHAR2(15)
 EMAIL                                                                                                             NOT NULL VARCHAR2(30)
 MGR                                                                                                                        NUMBER(3)
 DID                                                                                                                        NUMBER(2)

SQL> DROP TABLE EMP;

Table dropped.

SQL> CREATE TABLE DEPT(DID NUMBER(2) CONSTRAINT SCOTT_DEPT_DID_PK PRIMARY KEY,DNM VARCHAR(10));

Table created.

SQL> REM USERNAME_TABLENAME_COLUMNNAME_CONSTRAINTTYPE : DATABASE WISE UNIQUE CONSTRAINT NAME
SQL> 
SQL> CREATE TABLE EMP(EID NUMBER(3) CONSTRAINT SCOTT_EMP_EID_PK PRIMARY KEY,NM VARCHAR(15),MGR NUMBER(3) CONSTRAINT SCOTT_EMP_EID_PK_MGR_RK REFERENCES EMP(EID),DID NUMBER(2) CONSTRAINT SCOTT_EMP_DEPT_DID_PK_DID_RK REFERENCES DEPT(DID));

Table created.

SQL> INSERT INTO DEPT VALUES (10,'ACC');

1 row created.

SQL> INSERT INTO DEPT VALUES (10,'RES');
INSERT INTO DEPT VALUES (10,'RES')
*
ERROR at line 1:
ORA-00001: unique constraint (SCOTT.SCOTT_DEPT_DID_PK) violated 


SQL> INSERT INTO DEPT VALUES (NULL,'RES');
INSERT INTO DEPT VALUES (NULL,'RES')
                         *
ERROR at line 1:
ORA-01400: cannot insert NULL into ("SCOTT"."DEPT"."DID") 


SQL> INSERT INTO DEPT VALUES (20,'SAL');

1 row created.

SQL> INSERT INTO DEPT VALUES (30,'PUR');

1 row created.

SQL> SELECT * FROM DEPT;

       DID DNM                                                                                                                                                                                          
---------- ----------                                                                                                                                                                                   
        10 ACC                                                                                                                                                                                          
        20 SAL                                                                                                                                                                                          
        30 PUR                                                                                                                                                                                          

SQL> INSERT INTO EMP VALUES (1,'GANESH',NULL,10);

1 row created.

SQL> INSERT INTO EMP VALUES (2,'RIDDHI',1,20);

1 row created.

SQL> INSERT INTO EMP VALUES (3,'SIDDHI',4,20);
INSERT INTO EMP VALUES (3,'SIDDHI',4,20)
*
ERROR at line 1:
ORA-02291: integrity constraint (SCOTT.SCOTT_EMP_EID_PK_MGR_RK) violated - parent key not found 


SQL> INSERT INTO EMP VALUES (3,'SIDDHI',3,50);
INSERT INTO EMP VALUES (3,'SIDDHI',3,50)
*
ERROR at line 1:
ORA-02291: integrity constraint (SCOTT.SCOTT_EMP_DEPT_DID_PK_DID_RK) violated - parent key not found 




