
SQL> 
SQL> REM DISPLAY IT_PROG ST_CLERK SA_REP
SQL> 
SQL> SELECT FIRST_NAME , JOB_ID FROM EMPLOYEES WHERE JOB_ID = ANY ('IT_PROG','ST_CLERK','SA_REP');

FIRST_NAME JOB_ID                                                                                                                                                                                       
---------- ----------                                                                                                                                                                                   
Alexander  IT_PROG                                                                                                                                                                                      
Bruce      IT_PROG                                                                                                                                                                                      
Diana      IT_PROG                                                                                                                                                                                      
Trenna     ST_CLERK                                                                                                                                                                                     
Curtis     ST_CLERK                                                                                                                                                                                     
Randall    ST_CLERK                                                                                                                                                                                     
Peter      ST_CLERK                                                                                                                                                                                     
Ellen      SA_REP                                                                                                                                                                                       
Jonathon   SA_REP                                                                                                                                                                                       
Kimerely   SA_REP                                                                                                                                                                                       

10 rows selected.

SQL> SELECT FIRST_NAME , JOB_ID FROM EMPLOYEES WHERE JOB_ID = SOME ('IT_PROG','ST_CLERK','SA_REP');

FIRST_NAME JOB_ID                                                                                                                                                                                       
---------- ----------                                                                                                                                                                                   
Alexander  IT_PROG                                                                                                                                                                                      
Bruce      IT_PROG                                                                                                                                                                                      
Diana      IT_PROG                                                                                                                                                                                      
Trenna     ST_CLERK                                                                                                                                                                                     
Curtis     ST_CLERK                                                                                                                                                                                     
Randall    ST_CLERK                                                                                                                                                                                     
Peter      ST_CLERK                                                                                                                                                                                     
Ellen      SA_REP                                                                                                                                                                                       
Jonathon   SA_REP                                                                                                                                                                                       
Kimerely   SA_REP                                                                                                                                                                                       

10 rows selected.

SQL> SELECT FIRST_NAME , JOB_ID FROM EMPLOYEES WHERE JOB_ID IN ('IT_PROG','ST_CLERK','SA_REP');

FIRST_NAME JOB_ID                                                                                                                                                                                       
---------- ----------                                                                                                                                                                                   
Alexander  IT_PROG                                                                                                                                                                                      
Bruce      IT_PROG                                                                                                                                                                                      
Diana      IT_PROG                                                                                                                                                                                      
Trenna     ST_CLERK                                                                                                                                                                                     
Curtis     ST_CLERK                                                                                                                                                                                     
Randall    ST_CLERK                                                                                                                                                                                     
Peter      ST_CLERK                                                                                                                                                                                     
Ellen      SA_REP                                                                                                                                                                                       
Jonathon   SA_REP                                                                                                                                                                                       
Kimerely   SA_REP                                                                                                                                                                                       

10 rows selected.

SQL> REM DISPLAY ALL EXCEPT THOSE WHO REPORTS TO 100 124 AND 149
SQL> 
SQL> SELECT LAST_NAME , MANAGER_ID FROM EMPLOYEES WHERE MANAGER_ID <> ALL (100,124,149);

LAST_NAME  MANAGER_ID                                                                                                                                                                                   
---------- ----------                                                                                                                                                                                   
Hunold            102                                                                                                                                                                                   
Ernst             103                                                                                                                                                                                   
Lorentz           103                                                                                                                                                                                   
Whalen            101                                                                                                                                                                                   
Fay               201                                                                                                                                                                                   
Higgins           101                                                                                                                                                                                   
Gietz             205                                                                                                                                                                                   

7 rows selected.

SQL> SELECT LAST_NAME , MANAGER_ID FROM EMPLOYEES WHERE MANAGER_ID != ALL (100,124,149);

LAST_NAME  MANAGER_ID                                                                                                                                                                                   
---------- ----------                                                                                                                                                                                   
Hunold            102                                                                                                                                                                                   
Ernst             103                                                                                                                                                                                   
Lorentz           103                                                                                                                                                                                   
Whalen            101                                                                                                                                                                                   
Fay               201                                                                                                                                                                                   
Higgins           101                                                                                                                                                                                   
Gietz             205                                                                                                                                                                                   

7 rows selected.

SQL> SELECT LAST_NAME , MANAGER_ID FROM EMPLOYEES WHERE MANAGER_ID ^= ALL (100,124,149);

LAST_NAME  MANAGER_ID                                                                                                                                                                                   
---------- ----------                                                                                                                                                                                   
Hunold            102                                                                                                                                                                                   
Ernst             103                                                                                                                                                                                   
Lorentz           103                                                                                                                                                                                   
Whalen            101                                                                                                                                                                                   
Fay               201                                                                                                                                                                                   
Higgins           101                                                                                                                                                                                   
Gietz             205                                                                                                                                                                                   

7 rows selected.

SQL> SELECT LAST_NAME , MANAGER_ID FROM EMPLOYEES WHERE MANAGER_ID NOT IN (100,124,149);

LAST_NAME  MANAGER_ID                                                                                                                                                                                   
---------- ----------                                                                                                                                                                                   
Hunold            102                                                                                                                                                                                   
Ernst             103                                                                                                                                                                                   
Lorentz           103                                                                                                                                                                                   
Whalen            101                                                                                                                                                                                   
Fay               201                                                                                                                                                                                   
Higgins           101                                                                                                                                                                                   
Gietz             205                                                                                                                                                                                   

7 rows selected.

SQL> REM BETWEEN
SQL> 
SQL> REM DISPLAY THOSE WHO GETS SALARY IN THE RANGE OF 4400 AND 10500
SQL> 
SQL> SELECT FIRST_NAME , SALARY FROM EMPLOYEES WHERE SALARY BETWEEN 4400 AND 10500;

FIRST_NAME     SALARY                                                                                                                                                                                   
---------- ----------                                                                                                                                                                                   
Alexander        9000                                                                                                                                                                                   
Bruce            6000                                                                                                                                                                                   
Kevin            5800                                                                                                                                                                                   
Eleni           10500                                                                                                                                                                                   
Jonathon         8600                                                                                                                                                                                   
Kimerely         7000                                                                                                                                                                                   
Jennifer         4400                                                                                                                                                                                   
Pat              6000                                                                                                                                                                                   
William          8300                                                                                                                                                                                   

9 rows selected.

SQL> SELECT FIRST_NAME , SALARY FROM EMPLOYEES WHERE SALARY BETWEEN 4400 AND 10500 ORDER BY 2;

FIRST_NAME     SALARY                                                                                                                                                                                   
---------- ----------                                                                                                                                                                                   
Jennifer         4400                                                                                                                                                                                   
Kevin            5800                                                                                                                                                                                   
Pat              6000                                                                                                                                                                                   
Bruce            6000                                                                                                                                                                                   
Kimerely         7000                                                                                                                                                                                   
William          8300                                                                                                                                                                                   
Jonathon         8600                                                                                                                                                                                   
Alexander        9000                                                                                                                                                                                   
Eleni           10500                                                                                                                                                                                   

9 rows selected.

SQL> REM DISPLAY ALL EXCEPT THOSE WHO WERE HIRED IN YEAR 94 AND 99
SQL> 
SQL> SELECT FIRST_NAME , HIRE_DATE FROM EMPLOYEES WHERE HIRE_DATE NOT BETWEEN '01/jAn1994' AND '31DEc99';

FIRST_NAME HIRE_DATE                                                                                                                                                                                    
---------- ---------                                                                                                                                                                                    
Steven     17-JUL-87                                                                                                                                                                                    
Neena      21-SEP-89                                                                                                                                                                                    
Lex        13-JAN-93                                                                                                                                                                                    
Alexander  03-JAN-90                                                                                                                                                                                    
Bruce      21-MAY-91                                                                                                                                                                                    
Eleni      29-JAN-00                                                                                                                                                                                    
Jennifer   17-SEP-87                                                                                                                                                                                    

7 rows selected.

SQL> SELECT FIRST_NAME , HIRE_DATE FROM EMPLOYEES WHERE HIRE_DATE NOT BETWEEN '01/jAn1994' AND '31DEc99' order by 2;

FIRST_NAME HIRE_DATE                                                                                                                                                                                    
---------- ---------                                                                                                                                                                                    
Steven     17-JUL-87                                                                                                                                                                                    
Jennifer   17-SEP-87                                                                                                                                                                                    
Neena      21-SEP-89                                                                                                                                                                                    
Alexander  03-JAN-90                                                                                                                                                                                    
Bruce      21-MAY-91                                                                                                                                                                                    
Lex        13-JAN-93                                                                                                                                                                                    
Eleni      29-JAN-00                                                                                                                                                                                    

7 rows selected.

SQL> REM LIKE IS USED FOR PATTERN MATCHING
SQL> 
SQL> REM LIKE SUPPORTS _ AND %
SQL> 
SQL> REM LIKE SUPPORTS _ AND % WILD CARDS
SQL> 
SQL> REM _ IS USED FOR REPRESENTING SINGLE CHARACTERS
SQL> 
SQL> REM % IS USED FOR REPRESENTING ZERO OR MORE CHARACTERS
SQL> 
SQL> 
SQL> REM DISPLAY ALL WHOSE LAST_NAME SPELLING HAS EXACTLY 8 CHARACTERS
SQL> 
SQL> SELECT LAST_NAME FROM EMPLOYEES WHERE LAST_NAME LIKE '________';

no rows selected

SQL> REM DISPLAY ALL WHOSE LAST_NAME SPELLING HAS EXACTLY 7 CHARACTERS
SQL> 
SQL> SELECT LAST_NAME FROM EMPLOYEES WHERE LAST_NAME LIKE '_______';

LAST_NAME                                                                                                                                                                                               
----------                                                                                                                                                                                              
Kochhar                                                                                                                                                                                                 
De Haan                                                                                                                                                                                                 
Lorentz                                                                                                                                                                                                 
Mourgos                                                                                                                                                                                                 
Zlotkey                                                                                                                                                                                                 
Higgins                                                                                                                                                                                                 

6 rows selected.

SQL> REM DISPLAY ALL WHOSE LAST_NAME SPELLING HAS 7 OR MORE CHARACTERS
SQL> 
SQL> SELECT LAST_NAME FROM EMPLOYEES WHERE LAST_NAME LIKE '_______%';

LAST_NAME                                                                                                                                                                                               
----------                                                                                                                                                                                              
Kochhar                                                                                                                                                                                                 
De Haan                                                                                                                                                                                                 
Lorentz                                                                                                                                                                                                 
Mourgos                                                                                                                                                                                                 
Zlotkey                                                                                                                                                                                                 
Hartstein                                                                                                                                                                                               
Higgins                                                                                                                                                                                                 

7 rows selected.

SQL> REM DISPLAY ALL WHOSE LAST_NAME SPELLING HAS 6 OR LESS CHARACTERS
SQL> 
SQL> SELECT LAST_NAME FROM EMPLOYEES WHERE LAST_NAME NOT LIKE '_______%';

LAST_NAME                                                                                                                                                                                               
----------                                                                                                                                                                                              
King                                                                                                                                                                                                    
Hunold                                                                                                                                                                                                  
Ernst                                                                                                                                                                                                   
Rajs                                                                                                                                                                                                    
Davies                                                                                                                                                                                                  
Matos                                                                                                                                                                                                   
Vargas                                                                                                                                                                                                  
Abel                                                                                                                                                                                                    
Taylor                                                                                                                                                                                                  
Grant                                                                                                                                                                                                   
Whalen                                                                                                                                                                                                  
Fay                                                                                                                                                                                                     
Gietz                                                                                                                                                                                                   

13 rows selected.

SQL> REM DISPLAY THOSE WHO GETS SALARY IN 4 FIGURES
SQL> 
SQL> SELECT FIRST_NAME , SALARY FROM EMPLOEES WHERE SALARY LIKE '____';
SELECT FIRST_NAME , SALARY FROM EMPLOEES WHERE SALARY LIKE '____'
                                *
ERROR at line 1:
ORA-00942: table or view does not exist 


SQL> SELECT FIRST_NAME , SALARY FROM EMPLOYEES WHERE SALARY LIKE '____';

FIRST_NAME     SALARY                                                                                                                                                                                   
---------- ----------                                                                                                                                                                                   
Alexander        9000                                                                                                                                                                                   
Bruce            6000                                                                                                                                                                                   
Diana            4200                                                                                                                                                                                   
Kevin            5800                                                                                                                                                                                   
Trenna           3500                                                                                                                                                                                   
Curtis           3100                                                                                                                                                                                   
Randall          2600                                                                                                                                                                                   
Peter            2500                                                                                                                                                                                   
Jonathon         8600                                                                                                                                                                                   
Kimerely         7000                                                                                                                                                                                   
Jennifer         4400                                                                                                                                                                                   
Pat              6000                                                                                                                                                                                   
William          8300                                                                                                                                                                                   

13 rows selected.

SQL> SELECT FIRST_NAME , SALARY FROM EMPLOYEES WHERE SALARY BETWEEN 1000 AND 9999L
  2  
SQL> SELECT FIRST_NAME , SALARY FROM EMPLOYEES WHERE SALARY BETWEEN 1000 AND 9999;

FIRST_NAME     SALARY                                                                                                                                                                                   
---------- ----------                                                                                                                                                                                   
Alexander        9000                                                                                                                                                                                   
Bruce            6000                                                                                                                                                                                   
Diana            4200                                                                                                                                                                                   
Kevin            5800                                                                                                                                                                                   
Trenna           3500                                                                                                                                                                                   
Curtis           3100                                                                                                                                                                                   
Randall          2600                                                                                                                                                                                   
Peter            2500                                                                                                                                                                                   
Jonathon         8600                                                                                                                                                                                   
Kimerely         7000                                                                                                                                                                                   
Jennifer         4400                                                                                                                                                                                   
Pat              6000                                                                                                                                                                                   
William          8300                                                                                                                                                                                   

13 rows selected.

SQL> SELECT FIRST_NAME , SALARY FROM EMPLOYEES WHERE SALARY NOT LIKE '_____%';

FIRST_NAME     SALARY                                                                                                                                                                                   
---------- ----------                                                                                                                                                                                   
Alexander        9000                                                                                                                                                                                   
Bruce            6000                                                                                                                                                                                   
Diana            4200                                                                                                                                                                                   
Kevin            5800                                                                                                                                                                                   
Trenna           3500                                                                                                                                                                                   
Curtis           3100                                                                                                                                                                                   
Randall          2600                                                                                                                                                                                   
Peter            2500                                                                                                                                                                                   
Jonathon         8600                                                                                                                                                                                   
Kimerely         7000                                                                                                                                                                                   
Jennifer         4400                                                                                                                                                                                   
Pat              6000                                                                                                                                                                                   
William          8300                                                                                                                                                                                   

13 rows selected.

SQL> REM DISPLAY THOSE WHO WERE HIRED IN ANY OF THE MONTH JAN , JUN OR JUL.
SQL> 
SQL> REM DATE : DD-MON-RR : TOTAL 9 CHARACTERS
SQL> 
SQL> SELECT FIRST_NAME , HIRE_DATE FROM EMPLOYEES WHERE HIRE_DATE LIKE '___J_____';

FIRST_NAME HIRE_DATE                                                                                                                                                                                    
---------- ---------                                                                                                                                                                                    
Steven     17-JUL-87                                                                                                                                                                                    
Lex        13-JAN-93                                                                                                                                                                                    
Alexander  03-JAN-90                                                                                                                                                                                    
Curtis     29-JAN-97                                                                                                                                                                                    
Peter      09-JUL-98                                                                                                                                                                                    
Eleni      29-JAN-00                                                                                                                                                                                    
Shelley    07-JUN-94                                                                                                                                                                                    
William    07-JUN-94                                                                                                                                                                                    

8 rows selected.

SQL> SELECT FIRST_NAME , HIRE_DATE FROM EMPLOYEES WHERE HIRE_DATE LIKE '%J%';

FIRST_NAME HIRE_DATE                                                                                                                                                                                    
---------- ---------                                                                                                                                                                                    
Steven     17-JUL-87                                                                                                                                                                                    
Lex        13-JAN-93                                                                                                                                                                                    
Alexander  03-JAN-90                                                                                                                                                                                    
Curtis     29-JAN-97                                                                                                                                                                                    
Peter      09-JUL-98                                                                                                                                                                                    
Eleni      29-JAN-00                                                                                                                                                                                    
Shelley    07-JUN-94                                                                                                                                                                                    
William    07-JUN-94                                                                                                                                                                                    

8 rows selected.

SQL> REM DISPLAY THOSE WHO WERE HIRED IN ANY OF THE MONTH JAN OR JUN.
SQL> 
SQL> SELECT HIRE_DATE FROM EMPLOYEES WHERE HIRE_DATE LIKE'___J_N___';

HIRE_DATE                                                                                                                                                                                               
---------                                                                                                                                                                                               
13-JAN-93                                                                                                                                                                                               
03-JAN-90                                                                                                                                                                                               
29-JAN-97                                                                                                                                                                                               
29-JAN-00                                                                                                                                                                                               
07-JUN-94                                                                                                                                                                                               
07-JUN-94                                                                                                                                                                                               

6 rows selected.

SQL> SELECT FIRST_NAME , HIRE_DATE FROM EMPLOYEES WHERE HIRE_DATE LIKE '%J_N%';

FIRST_NAME HIRE_DATE                                                                                                                                                                                    
---------- ---------                                                                                                                                                                                    
Lex        13-JAN-93                                                                                                                                                                                    
Alexander  03-JAN-90                                                                                                                                                                                    
Curtis     29-JAN-97                                                                                                                                                                                    
Eleni      29-JAN-00                                                                                                                                                                                    
Shelley    07-JUN-94                                                                                                                                                                                    
William    07-JUN-94                                                                                                                                                                                    

6 rows selected.

SQL> REM DISPLAY THOSE WHO WERE HIRED IN ANY OF THE MONTH JUN OR JUL.
SQL> 
SQL> SELECT FIRST_NAME, HIRE_DATE FROM EMPLOYEES WHERE HIRE_DATE LIKE '%JU%';

FIRST_NAME HIRE_DATE                                                                                                                                                                                    
---------- ---------                                                                                                                                                                                    
Steven     17-JUL-87                                                                                                                                                                                    
Peter      09-JUL-98                                                                                                                                                                                    
Shelley    07-JUN-94                                                                                                                                                                                    
William    07-JUN-94                                                                                                                                                                                    

SQL> REM 80s : 80 TO 89
SQL> 
SQL> REM DISPLAY THOSE WHO WERE HIRED IN 90s
SQL> 
SQL> SELECT FIRST_NAME.HIRE_DATE FROM EMPLOYEES  WHERE HIRE_DATE LIKE '%9_';
SELECT FIRST_NAME.HIRE_DATE FROM EMPLOYEES  WHERE HIRE_DATE LIKE '%9_'
       *
ERROR at line 1:
ORA-00904: "FIRST_NAME"."HIRE_DATE": invalid identifier 


SQL> SELECT FIRST_NAME,HIRE_DATE FROM EMPLOYEES  WHERE HIRE_DATE LIKE '%9_';

FIRST_NAME HIRE_DATE                                                                                                                                                                                    
---------- ---------                                                                                                                                                                                    
Lex        13-JAN-93                                                                                                                                                                                    
Alexander  03-JAN-90                                                                                                                                                                                    
Bruce      21-MAY-91                                                                                                                                                                                    
Diana      07-FEB-99                                                                                                                                                                                    
Kevin      16-NOV-99                                                                                                                                                                                    
Trenna     17-OCT-95                                                                                                                                                                                    
Curtis     29-JAN-97                                                                                                                                                                                    
Randall    15-MAR-98                                                                                                                                                                                    
Peter      09-JUL-98                                                                                                                                                                                    
Ellen      11-MAY-96                                                                                                                                                                                    
Jonathon   24-MAR-98                                                                                                                                                                                    
Kimerely   24-MAY-99                                                                                                                                                                                    
Michael    17-FEB-96                                                                                                                                                                                    
Pat        17-AUG-97                                                                                                                                                                                    
Shelley    07-JUN-94                                                                                                                                                                                    
William    07-JUN-94                                                                                                                                                                                    

16 rows selected.

SQL> REM DISPLAY THOSE FIRST_NAME WHICH CONTAINS ALPHABET 'e' IN THEIR SPELLING.
SQL> 
SQL> SELECT FIRST_NAME FROM EMPLOYEES;

FIRST_NAME                                                                                                                                                                                              
----------                                                                                                                                                                                              
Steven                                                                                                                                                                                                  
Neena                                                                                                                                                                                                   
Lex                                                                                                                                                                                                     
Alexander                                                                                                                                                                                               
Bruce                                                                                                                                                                                                   
Diana                                                                                                                                                                                                   
Kevin                                                                                                                                                                                                   
Trenna                                                                                                                                                                                                  
Curtis                                                                                                                                                                                                  
Randall                                                                                                                                                                                                 
Peter                                                                                                                                                                                                   
Eleni                                                                                                                                                                                                   
Ellen                                                                                                                                                                                                   
Jonathon                                                                                                                                                                                                
Kimerely                                                                                                                                                                                                
Jennifer                                                                                                                                                                                                
Michael                                                                                                                                                                                                 
Pat                                                                                                                                                                                                     
Shelley                                                                                                                                                                                                 
William                                                                                                                                                                                                 

20 rows selected.

SQL> REM DISPLAY THOSE FIRST_NAME WHICH CONTAINS ALPHABET 'e' AS SECOND CHARACTER.
SQL> 
SQL> SELECT FIRST_NAME  FROM EMPLOYEES WHERE FIRST_NAME LIKE '_e%';

FIRST_NAME                                                                                                                                                                                              
----------                                                                                                                                                                                              
Neena                                                                                                                                                                                                   
Lex                                                                                                                                                                                                     
Kevin                                                                                                                                                                                                   
Peter                                                                                                                                                                                                   
Jennifer                                                                                                                                                                                                

SQL> REM DISPLAY THOSE FIRST_NAME WHICH CONTAINS ALPHABET 'e' AS SECOND LAST CHARACTER.
SQL> 
SQL> SELECT FIRST_NAME, HIRE_ FROM EMPLOYEES WHERE FIRST_NAME LIKE '%e_';
SELECT FIRST_NAME, HIRE_ FROM EMPLOYEES WHERE FIRST_NAME LIKE '%e_'
                   *
ERROR at line 1:
ORA-00904: "HIRE_": invalid identifier 


SQL> SELECT FIRST_NAME, HIRE_DATE FROM EMPLOYEES WHERE FIRST_NAME LIKE '%e_';

FIRST_NAME HIRE_DATE                                                                                                                                                                                    
---------- ---------                                                                                                                                                                                    
Steven     17-JUL-87                                                                                                                                                                                    
Lex        13-JAN-93                                                                                                                                                                                    
Alexander  03-JAN-90                                                                                                                                                                                    
Peter      09-JUL-98                                                                                                                                                                                    
Ellen      11-MAY-96                                                                                                                                                                                    
Jennifer   17-SEP-87                                                                                                                                                                                    
Michael    17-FEB-96                                                                                                                                                                                    
Shelley    07-JUN-94                                                                                                                                                                                    

8 rows selected.

SQL> REM DISPLAY THOSE FIRST_NAME WHICH CONTAINS ALPHABET 'e' AS SECOND AND SECOND LAST CHARACTER.
SQL> 
SQL> 
SQL> select first_name from employees where first_name like '_e%e_';

FIRST_NAME                                                                                                                                                                                              
----------                                                                                                                                                                                              
Peter                                                                                                                                                                                                   
Jennifer                                                                                                                                                                                                

SQL> select first_name from employees where first_name like '_e%e%';

FIRST_NAME                                                                                                                                                                                              
----------                                                                                                                                                                                              
Neena                                                                                                                                                                                                   
Peter                                                                                                                                                                                                   
Jennifer                                                                                                                                                                                                

SQL> REM DISPLAY INFO. ABOUT THOSE EMPLOYEES WHO WERE HIRED IN AUGUST OR APRIL MONTH.
SQL> 
SQL> SELECT HIRE_DATE FROM EMPLOYEES;

HIRE_DATE                                                                                                                                                                                               
---------                                                                                                                                                                                               
17-JUL-87                                                                                                                                                                                               
21-SEP-89                                                                                                                                                                                               
13-JAN-93                                                                                                                                                                                               
03-JAN-90                                                                                                                                                                                               
21-MAY-91                                                                                                                                                                                               
07-FEB-99                                                                                                                                                                                               
16-NOV-99                                                                                                                                                                                               
17-OCT-95                                                                                                                                                                                               
29-JAN-97                                                                                                                                                                                               
15-MAR-98                                                                                                                                                                                               
09-JUL-98                                                                                                                                                                                               
29-JAN-00                                                                                                                                                                                               
11-MAY-96                                                                                                                                                                                               
24-MAR-98                                                                                                                                                                                               
24-MAY-99                                                                                                                                                                                               
17-SEP-87                                                                                                                                                                                               
17-FEB-96                                                                                                                                                                                               
17-AUG-97                                                                                                                                                                                               
07-JUN-94                                                                                                                                                                                               
07-JUN-94                                                                                                                                                                                               

20 rows selected.

SQL> SELECT FIRST_NAME , HIRE_DATE FROM EMPLOYEES WHERE HIER_DATE LIKE '%A__%';
SELECT FIRST_NAME , HIRE_DATE FROM EMPLOYEES WHERE HIER_DATE LIKE '%A__%'
                                                   *
ERROR at line 1:
ORA-00904: "HIER_DATE": invalid identifier 


SQL> SELECT FIRST_NAME , HIRE_DATE FROM EMPLOYEES WHERE HIRE_DATE LIKE '%A__%';

FIRST_NAME HIRE_DATE                                                                                                                                                                                    
---------- ---------                                                                                                                                                                                    
Lex        13-JAN-93                                                                                                                                                                                    
Alexander  03-JAN-90                                                                                                                                                                                    
Bruce      21-MAY-91                                                                                                                                                                                    
Curtis     29-JAN-97                                                                                                                                                                                    
Randall    15-MAR-98                                                                                                                                                                                    
Eleni      29-JAN-00                                                                                                                                                                                    
Ellen      11-MAY-96                                                                                                                                                                                    
Jonathon   24-MAR-98                                                                                                                                                                                    
Kimerely   24-MAY-99                                                                                                                                                                                    
Pat        17-AUG-97                                                                                                                                                                                    

10 rows selected.

SQL> SELECT FIRST_NAME , HIRE_DATE FROM EMPLOYEES WHERE HIRE_DATE LIKE '%-A%';

FIRST_NAME HIRE_DATE                                                                                                                                                                                    
---------- ---------                                                                                                                                                                                    
Pat        17-AUG-97                                                                                                                                                                                    

SQL> SELECT HIRE_DATE FROM EMPLOYEES;

HIRE_DATE                                                                                                                                                                                               
---------                                                                                                                                                                                               
17-JUL-87                                                                                                                                                                                               
21-SEP-89                                                                                                                                                                                               
13-JAN-93                                                                                                                                                                                               
03-JAN-90                                                                                                                                                                                               
21-MAY-91                                                                                                                                                                                               
07-FEB-99                                                                                                                                                                                               
16-NOV-99                                                                                                                                                                                               
17-OCT-95                                                                                                                                                                                               
29-JAN-97                                                                                                                                                                                               
15-MAR-98                                                                                                                                                                                               
09-JUL-98                                                                                                                                                                                               
29-JAN-00                                                                                                                                                                                               
11-MAY-96                                                                                                                                                                                               
24-MAR-98                                                                                                                                                                                               
24-MAY-99                                                                                                                                                                                               
17-SEP-87                                                                                                                                                                                               
17-FEB-96                                                                                                                                                                                               
17-AUG-97                                                                                                                                                                                               
07-JUN-94                                                                                                                                                                                               
07-JUN-94                                                                                                                                                                                               

20 rows selected.

SQL> REM JAN , JUN OR NOV
SQL> 
SQL> SELECT FIRST_NAME , HIRE_DATE FROM EMPLOYEES WHERE HIRE_DATE LIKE '%N%' ;

FIRST_NAME HIRE_DATE                                                                                                                                                                                    
---------- ---------                                                                                                                                                                                    
Lex        13-JAN-93                                                                                                                                                                                    
Alexander  03-JAN-90                                                                                                                                                                                    
Kevin      16-NOV-99                                                                                                                                                                                    
Curtis     29-JAN-97                                                                                                                                                                                    
Eleni      29-JAN-00                                                                                                                                                                                    
Shelley    07-JUN-94                                                                                                                                                                                    
William    07-JUN-94                                                                                                                                                                                    

7 rows selected.

SQL> SELECT FIRST_NAME , HIRE_DATE FROM EMPLOYEES WHERE HIRE_DATE LIKE '%N_N%' ;

no rows selected

SQL> REM NOV , OCT
SQL> 
SQL> SELECT HIRE_DATE FROM EMPLOYEES WHERE HIRE_DATE LIKE '%O%';

HIRE_DATE                                                                                                                                                                                               
---------                                                                                                                                                                                               
16-NOV-99                                                                                                                                                                                               
17-OCT-95                                                                                                                                                                                               

SQL> SELECT HIRE_DATE FROM EMPLOYEES;

HIRE_DATE                                                                                                                                                                                               
---------                                                                                                                                                                                               
17-JUL-87                                                                                                                                                                                               
21-SEP-89                                                                                                                                                                                               
13-JAN-93                                                                                                                                                                                               
03-JAN-90                                                                                                                                                                                               
21-MAY-91                                                                                                                                                                                               
07-FEB-99                                                                                                                                                                                               
16-NOV-99                                                                                                                                                                                               
17-OCT-95                                                                                                                                                                                               
29-JAN-97                                                                                                                                                                                               
15-MAR-98                                                                                                                                                                                               
09-JUL-98                                                                                                                                                                                               
29-JAN-00                                                                                                                                                                                               
11-MAY-96                                                                                                                                                                                               
24-MAR-98                                                                                                                                                                                               
24-MAY-99                                                                                                                                                                                               
17-SEP-87                                                                                                                                                                                               
17-FEB-96                                                                                                                                                                                               
17-AUG-97                                                                                                                                                                                               
07-JUN-94                                                                                                                                                                                               
07-JUN-94                                                                                                                                                                                               

20 rows selected.

SQL> REM ESCAPE
SQL> 
SQL> SELECT * FROM MPSLIKETBL;

NAME                                                                                                                                                                                                    
------------------------------                                                                                                                                                                          
AMIT PATEL                                                                                                                                                                                              
AMIT_PATEL                                                                                                                                                                                              
AMIT%PATEL                                                                                                                                                                                              
AMIT_%PATEL                                                                                                                                                                                             
AMIT  PATEL                                                                                                                                                                                             
TAPAN PATEL                                                                                                                                                                                             
PARMAR TARAK                                                                                                                                                                                            

7 rows selected.

SQL> REM DISPLAY THOSE NAMES WHICH CONTAINS T_P
SQL> 
SQL> SELECT * FROM MPSLIKETBL WHERE NAME LIKE '%T_P%';

NAME                                                                                                                                                                                                    
------------------------------                                                                                                                                                                          
AMIT PATEL                                                                                                                                                                                              
AMIT_PATEL                                                                                                                                                                                              
AMIT%PATEL                                                                                                                                                                                              
TAPAN PATEL                                                                                                                                                                                             

SQL> SELECT * FROM MPSLIKETBL WHERE NAME LIKE '%T\_P%' ESCAPE '\';

NAME                                                                                                                                                                                                    
------------------------------                                                                                                                                                                          
AMIT_PATEL                                                                                                                                                                                              

SQL> SELECT * FROM MPSLIKETBL WHERE NAME LIKE '%T/_P%' ESCAPE '/';

NAME                                                                                                                                                                                                    
------------------------------                                                                                                                                                                          
AMIT_PATEL                                                                                                                                                                                              

SQL> SELECT * FROM MPSLIKETBL WHERE NAME LIKE '%T5_P%' ESCAPE '5';

NAME                                                                                                                                                                                                    
------------------------------                                                                                                                                                                          
AMIT_PATEL                                                                                                                                                                                              

SQL> SELECT * FROM MPSLIKETBL WHERE NAME LIKE '%TY_P%' ESCAPE 'Y';

NAME                                                                                                                                                                                                    
------------------------------                                                                                                                                                                          
AMIT_PATEL                                                                                                                                                                                              

SQL> SELECT * FROM MPSLIKETBL WHERE NAME LIKE '%TT_P%' ESCAPE 'T';

NAME                                                                                                                                                                                                    
------------------------------                                                                                                                                                                          
AMIT PATEL                                                                                                                                                                                              
AMIT_PATEL                                                                                                                                                                                              
AMIT%PATEL                                                                                                                                                                                              
TAPAN PATEL                                                                                                                                                                                             

SQL> SELECT * FROM MPSLIKETBL WHERE NAME LIKE '%PT_P%' ESCAPE 'P';
SELECT * FROM MPSLIKETBL WHERE NAME LIKE '%PT_P%' ESCAPE 'P'
                                         *
ERROR at line 1:
ORA-01424: missing or illegal character following the escape character 


SQL> SELECT * FROM MPSLIKETBL WHERE NAME LIKE '%TP_P%' ESCAPE 'P';

no rows selected

SQL> SELECT * FROM MPSLIKETBL WHERE NAME LIKE '%T__P%' ESCAPE '_';

NAME                                                                                                                                                                                                    
------------------------------                                                                                                                                                                          
AMIT_PATEL                                                                                                                                                                                              

SQL> SELECT * FROM MPSLIKETBL WHERE NAME LIKE '%T%_P%' ESCAPE '%';
SELECT * FROM MPSLIKETBL WHERE NAME LIKE '%T%_P%' ESCAPE '%'
                                         *
ERROR at line 1:
ORA-01424: missing or illegal character following the escape character 


SQL> SELECT * FROM MPSLIKETBL WHERE NAME LIKE '%T''_P%' ESCAPE '''';

NAME                                                                                                                                                                                                    
------------------------------                                                                                                                                                                          
AMIT_PATEL                                                                                                                                                                                              

SQL> SELECT * FROM MPSLIKETBL WHERE NAME LIKE '%T"_P%' ESCAPE '"';

NAME                                                                                                                                                                                                    
------------------------------                                                                                                                                                                          
AMIT_PATEL                                                                                                                                                                                              

SQL> SELECT * FROM MPSLIKETBL WHERE NAME LIKE '%T12_P%' ESCAPE '12';
SELECT * FROM MPSLIKETBL WHERE NAME LIKE '%T12_P%' ESCAPE '12'
                                                          *
ERROR at line 1:
ORA-01425: escape character must be character string of length 1 


SQL> SELECT * FROM MPSLIKETBL;

NAME                                                                                                                                                                                                    
------------------------------                                                                                                                                                                          
AMIT PATEL                                                                                                                                                                                              
AMIT_PATEL                                                                                                                                                                                              
AMIT%PATEL                                                                                                                                                                                              
AMIT_%PATEL                                                                                                                                                                                             
AMIT  PATEL                                                                                                                                                                                             
TAPAN PATEL                                                                                                                                                                                             
PARMAR TARAK                                                                                                                                                                                            

7 rows selected.

SQL> REM DISPLAY THOSE NAMES WHICH CONTAINS T_%P
SQL> 
SQL> select * from mpsliketbl where name like '%T\_\%P'escape '\';

no rows selected

SQL> select * from mpsliketbl where name like '%T\_\%P%'escape '\';

NAME                                                                                                                                                                                                    
------------------------------                                                                                                                                                                          
AMIT_%PATEL                                                                                                                                                                                             

SQL> select * from mpsliketbl where name like '%T\_\%P%' escape '\';

NAME                                                                                                                                                                                                    
------------------------------                                                                                                                                                                          
AMIT_%PATEL                                                                                                                                                                                             

SQL> SELECT NAME FROM MPSLIKETBL WHERE NAME LIKE '%T_\_P% ESCAPE '\'';
SELECT NAME FROM MPSLIKETBL WHERE NAME LIKE '%T_\_P% ESCAPE '\''
                                                             *
ERROR at line 1:
ORA-00911: invalid character 


SQL> SELECT NAME FROM MPSLIKETBL WHERE NAME LIKE '%T_\_P% ESCAPE '\';
ERROR:
ORA-01756: quoted string not properly terminated 


SQL> SELECT NAME FROM MPSLIKETBL WHERE NAME LIKE '%T_\_P%' ESCAPE '\';

no rows selected

SQL> SELECT NAME FROM MPSLIKETBL WHERE NAME LIKE '%T\__P%' ESCAPE '\';

NAME                                                                                                                                                                                                    
------------------------------                                                                                                                                                                          
AMIT_%PATEL                                                                                                                                                                                             

SQL> INSERT INTO MPSLIKETBL VALUES ('AMIT_ PATEL');

1 row created.

SQL> INSERT INTO MPSLIKETBL VALUES ('AMIT_#PATEL');

1 row created.

SQL> SELECT NAME FROM MPSLIKETBL WHERE NAME LIKE '%T\__P%' ESCAPE '\';

NAME                                                                                                                                                                                                    
------------------------------                                                                                                                                                                          
AMIT_ PATEL                                                                                                                                                                                             
AMIT_#PATEL                                                                                                                                                                                             
AMIT_%PATEL                                                                                                                                                                                             

SQL> select * from mpsliketbl where name like '%T\_\%P%' escape '\';

NAME                                                                                                                                                                                                    
------------------------------                                                                                                                                                                          
AMIT_%PATEL                                                                                                                                                                                             

SQL> REM IS NULL : TO COMPARE ANY VALUE WITH NULL.
SQL> 
SQL> REM DISPLAY THOSE WHO GETS COMMISSION.
SQL> 
SQL> SELECT FIRST_NAME , COMMISSION_PCT FROM EMPLOYEES;

FIRST_NAME COMMISSION_PCT                                                                                                                                                                               
---------- --------------                                                                                                                                                                               
Steven                                                                                                                                                                                                  
Neena                                                                                                                                                                                                   
Lex                                                                                                                                                                                                     
Alexander                                                                                                                                                                                               
Bruce                                                                                                                                                                                                   
Diana                                                                                                                                                                                                   
Kevin                                                                                                                                                                                                   
Trenna                                                                                                                                                                                                  
Curtis                                                                                                                                                                                                  
Randall                                                                                                                                                                                                 
Peter                                                                                                                                                                                                   
Eleni                  .2                                                                                                                                                                               
Ellen                  .3                                                                                                                                                                               
Jonathon               .3                                                                                                                                                                               
Kimerely              .15                                                                                                                                                                               
Jennifer                                                                                                                                                                                                
Michael                                                                                                                                                                                                 
Pat                                                                                                                                                                                                     
Shelley                                                                                                                                                                                                 
William                                                                                                                                                                                                 

20 rows selected.

SQL> SELECT FIRST_NAME , COMMISSION_PCT FROM EMPLOYEES WHERE COMMISSION_PCT > 0;

FIRST_NAME COMMISSION_PCT                                                                                                                                                                               
---------- --------------                                                                                                                                                                               
Eleni                  .2                                                                                                                                                                               
Ellen                  .3                                                                                                                                                                               
Jonathon               .3                                                                                                                                                                               
Kimerely              .15                                                                                                                                                                               

SQL> SELECT FIRST_NAME , COMMISSION_PCT FROM EMPLOYEES WHERE COMMISSION_PCT <> 0;

FIRST_NAME COMMISSION_PCT                                                                                                                                                                               
---------- --------------                                                                                                                                                                               
Eleni                  .2                                                                                                                                                                               
Ellen                  .3                                                                                                                                                                               
Jonathon               .3                                                                                                                                                                               
Kimerely              .15                                                                                                                                                                               

SQL> SELECT FIRST_NAME , COMMISSION_PCT FROM EMPLOYEES WHERE COMMISSION_PCT < 1;

FIRST_NAME COMMISSION_PCT                                                                                                                                                                               
---------- --------------                                                                                                                                                                               
Eleni                  .2                                                                                                                                                                               
Ellen                  .3                                                                                                                                                                               
Jonathon               .3                                                                                                                                                                               
Kimerely              .15                                                                                                                                                                               

SQL> SELECT FIRST_NAME , COMMISSION_PCT FROM EMPLOYEES WHERE COMMISSION_PCT BETWEEN 0 AND 1;

FIRST_NAME COMMISSION_PCT                                                                                                                                                                               
---------- --------------                                                                                                                                                                               
Eleni                  .2                                                                                                                                                                               
Ellen                  .3                                                                                                                                                                               
Jonathon               .3                                                                                                                                                                               
Kimerely              .15                                                                                                                                                                               

SQL> SELECT FIRST_NAME , COMMISSION_PCT FROM EMPLOYEES WHERE COMMISSION_PCT LIKE '%';

FIRST_NAME COMMISSION_PCT                                                                                                                                                                               
---------- --------------                                                                                                                                                                               
Eleni                  .2                                                                                                                                                                               
Ellen                  .3                                                                                                                                                                               
Jonathon               .3                                                                                                                                                                               
Kimerely              .15                                                                                                                                                                               

SQL> SELECT FIRST_NAME , NVL(COMMISSION_PCT,0) WHERE NVL(COMMISSION_PCT,0) != ALL(0);
SELECT FIRST_NAME , NVL(COMMISSION_PCT,0) WHERE NVL(COMMISSION_PCT,0) != ALL(0)
                                          *
ERROR at line 1:
ORA-00923: FROM keyword not found where expected 


SQL> SELECT FIRST_NAME , NVL(COMMISSION_PCT,0) FROM EMPLOYEES WHERE NVL(COMMISSION_PCT,0) != ALL(0);

FIRST_NAME NVL(COMMISSION_PCT,0)                                                                                                                                                                        
---------- ---------------------                                                                                                                                                                        
Eleni                         .2                                                                                                                                                                        
Ellen                         .3                                                                                                                                                                        
Jonathon                      .3                                                                                                                                                                        
Kimerely                     .15                                                                                                                                                                        

SQL> SELECT FIRST_NAME , NVL(COMMISSION_PCT,0) FROM EMPLOYEES WHERE COMMISSION_PCT !=  0;

FIRST_NAME NVL(COMMISSION_PCT,0)                                                                                                                                                                        
---------- ---------------------                                                                                                                                                                        
Eleni                         .2                                                                                                                                                                        
Ellen                         .3                                                                                                                                                                        
Jonathon                      .3                                                                                                                                                                        
Kimerely                     .15                                                                                                                                                                        

SQL> SELECT FIRST_NAME , NVL(COMMISSION_PCT,0) FROM EMPLOYEES WHERE COMMISSION_PCT NOT IN  0;

FIRST_NAME NVL(COMMISSION_PCT,0)                                                                                                                                                                        
---------- ---------------------                                                                                                                                                                        
Eleni                         .2                                                                                                                                                                        
Ellen                         .3                                                                                                                                                                        
Jonathon                      .3                                                                                                                                                                        
Kimerely                     .15                                                                                                                                                                        

SQL> REM DISPLAY THOSE WHO DOESN'T GET COMMISSION.
SQL> 
SQL> SELECT FIRST_NAME , COMMISSION_PCT FROM EMPLOYEES WHERE COMMISSION_PCT NOT BETWEEN 0 AND 1;

no rows selected

SQL> SELECT FIRST_NAME , NVL(COMMISSION_PCT,0) FROM EMPLOYEES WHERE NVL(COMMISSION_PCT,0) IN 0;

FIRST_NAME NVL(COMMISSION_PCT,0)                                                                                                                                                                        
---------- ---------------------                                                                                                                                                                        
Steven                         0                                                                                                                                                                        
Neena                          0                                                                                                                                                                        
Lex                            0                                                                                                                                                                        
Alexander                      0                                                                                                                                                                        
Bruce                          0                                                                                                                                                                        
Diana                          0                                                                                                                                                                        
Kevin                          0                                                                                                                                                                        
Trenna                         0                                                                                                                                                                        
Curtis                         0                                                                                                                                                                        
Randall                        0                                                                                                                                                                        
Peter                          0                                                                                                                                                                        
Jennifer                       0                                                                                                                                                                        
Michael                        0                                                                                                                                                                        
Pat                            0                                                                                                                                                                        
Shelley                        0                                                                                                                                                                        
William                        0                                                                                                                                                                        

16 rows selected.

SQL> SELECT FIRST_NAME , COMMISSION_PCT FROM EMPLOYEES WHERE NVL(COMMISSION_PCT,0) IN 0;

FIRST_NAME COMMISSION_PCT                                                                                                                                                                               
---------- --------------                                                                                                                                                                               
Steven                                                                                                                                                                                                  
Neena                                                                                                                                                                                                   
Lex                                                                                                                                                                                                     
Alexander                                                                                                                                                                                               
Bruce                                                                                                                                                                                                   
Diana                                                                                                                                                                                                   
Kevin                                                                                                                                                                                                   
Trenna                                                                                                                                                                                                  
Curtis                                                                                                                                                                                                  
Randall                                                                                                                                                                                                 
Peter                                                                                                                                                                                                   
Jennifer                                                                                                                                                                                                
Michael                                                                                                                                                                                                 
Pat                                                                                                                                                                                                     
Shelley                                                                                                                                                                                                 
William                                                                                                                                                                                                 

16 rows selected.

SQL> SELECT FIRST_NAME , COMMISSION_PCT FROM EMPLOYEES WHERE NVL(COMMISSION_PCT,0) = 0;

FIRST_NAME COMMISSION_PCT                                                                                                                                                                               
---------- --------------                                                                                                                                                                               
Steven                                                                                                                                                                                                  
Neena                                                                                                                                                                                                   
Lex                                                                                                                                                                                                     
Alexander                                                                                                                                                                                               
Bruce                                                                                                                                                                                                   
Diana                                                                                                                                                                                                   
Kevin                                                                                                                                                                                                   
Trenna                                                                                                                                                                                                  
Curtis                                                                                                                                                                                                  
Randall                                                                                                                                                                                                 
Peter                                                                                                                                                                                                   
Jennifer                                                                                                                                                                                                
Michael                                                                                                                                                                                                 
Pat                                                                                                                                                                                                     
Shelley                                                                                                                                                                                                 
William                                                                                                                                                                                                 

16 rows selected.

SQL> SELECT FIRST_NAME , COMMISSION_PCT FROM EMPLOYEES WHERE COMMISSION_PCT IN 0;

no rows selected

SQL> SELECT FIRST_NAME , COMMISSION_PCT FROM EMPLOYEES WHERE COMMISSION_PCT IS NULL;

FIRST_NAME COMMISSION_PCT                                                                                                                                                                               
---------- --------------                                                                                                                                                                               
Steven                                                                                                                                                                                                  
Neena                                                                                                                                                                                                   
Lex                                                                                                                                                                                                     
Alexander                                                                                                                                                                                               
Bruce                                                                                                                                                                                                   
Diana                                                                                                                                                                                                   
Kevin                                                                                                                                                                                                   
Trenna                                                                                                                                                                                                  
Curtis                                                                                                                                                                                                  
Randall                                                                                                                                                                                                 
Peter                                                                                                                                                                                                   
Jennifer                                                                                                                                                                                                
Michael                                                                                                                                                                                                 
Pat                                                                                                                                                                                                     
Shelley                                                                                                                                                                                                 
William                                                                                                                                                                                                 

16 rows selected.

SQL> SELECT FIRST_NAME , COMMISSION_PCT FROM EMPLOYEES WHERE COMMISSION_PCT IS NOT NULL;

FIRST_NAME COMMISSION_PCT                                                                                                                                                                               
---------- --------------                                                                                                                                                                               
Eleni                  .2                                                                                                                                                                               
Ellen                  .3                                                                                                                                                                               
Jonathon               .3                                                                                                                                                                               
Kimerely              .15                                                                                                                                                                               

SQL> SPOOL OFF
