SQL> 
SQL> CL SCR

SQL> REM FUNCTIONS :
SQL> 
SQL> REM POWER , NVL
SQL> 
SQL> SELECT POWER(5,2) FROM DUAL;

POWER(5,2)                                                                                                                                                                                              
----------                                                                                                                                                                                              
        25                                                                                                                                                                                              

SQL> SELECT POWER(5,3) FROM DUAL;

POWER(5,3)                                                                                                                                                                                              
----------                                                                                                                                                                                              
       125                                                                                                                                                                                              

SQL> SELECT POWER(125,1/2) FROM DUAL;

POWER(125,1/2)                                                                                                                                                                                          
--------------                                                                                                                                                                                          
    11.1803399                                                                                                                                                                                          

SQL> 
SQL> SELECT POWER(125,1/3) FROM DUAL;

POWER(125,1/3)                                                                                                                                                                                          
--------------                                                                                                                                                                                          
             5                                                                                                                                                                                          

SQL> SELECT POWER(25,1/2) FROM DUAL;

POWER(25,1/2)                                                                                                                                                                                           
-------------                                                                                                                                                                                           
            5                                                                                                                                                                                           

SQL> REM TYPES OF FUNCTIONS : 1 SINGLE ROW 2 MULTI ROW
SQL> 
SQL> REM SINGLE ROW : IT TAKES SINGLE ROW AS INPUT AND RETURNS SINGLE ROW. COUNT OF INPUT ROWS ARE ALWAYS EQUAL TO COUNT OF OUTPUT ROWS.
SQL> 
SQL> SELECT POWER(25,1/2) FROM DUAL;

POWER(25,1/2)                                                                                                                                                                                           
-------------                                                                                                                                                                                           
            5                                                                                                                                                                                           

SQL> SELECT POWER(25,1/2) FROM EMPLOYEES;

POWER(25,1/2)                                                                                                                                                                                           
-------------                                                                                                                                                                                           
            5                                                                                                                                                                                           
            5                                                                                                                                                                                           
            5                                                                                                                                                                                           
            5                                                                                                                                                                                           
            5                                                                                                                                                                                           
            5                                                                                                                                                                                           
            5                                                                                                                                                                                           
            5                                                                                                                                                                                           
            5                                                                                                                                                                                           
            5                                                                                                                                                                                           
            5                                                                                                                                                                                           
            5                                                                                                                                                                                           
            5                                                                                                                                                                                           
            5                                                                                                                                                                                           
            5                                                                                                                                                                                           
            5                                                                                                                                                                                           
            5                                                                                                                                                                                           
            5                                                                                                                                                                                           
            5                                                                                                                                                                                           
            5                                                                                                                                                                                           

20 rows selected.

SQL> SELECT DISTINCT POWER(25,1/2) FROM EMPLOYEES;

POWER(25,1/2)                                                                                                                                                                                           
-------------                                                                                                                                                                                           
            5                                                                                                                                                                                           

SQL> REM SINGLE ROW : IT TAKES SINGLE ROW AS INPUT AND RETURNS SINGLE ROW. COUNT OF INPUT ROWS ARE ALWAYS EQUAL TO COUNT OF OUTPUT ROWS.
SQL> 
SQL> SELECT FIRST_NAME , UPPER(FIRST_NAME) EMPLOYEES;
SELECT FIRST_NAME , UPPER(FIRST_NAME) EMPLOYEES
                                              *
ERROR at line 1:
ORA-00923: FROM keyword not found where expected 


SQL> SELECT FIRST_NAME , UPPER(FIRST_NAME) FROM EMPLOYEES;

FIRST_NAME UPPER(FIRS                                                                                                                                                                                   
---------- ----------                                                                                                                                                                                   
Steven     STEVEN                                                                                                                                                                                       
Neena      NEENA                                                                                                                                                                                        
Lex        LEX                                                                                                                                                                                          
Alexander  ALEXANDER                                                                                                                                                                                    
Bruce      BRUCE                                                                                                                                                                                        
Diana      DIANA                                                                                                                                                                                        
Kevin      KEVIN                                                                                                                                                                                        
Trenna     TRENNA                                                                                                                                                                                       
Curtis     CURTIS                                                                                                                                                                                       
Randall    RANDALL                                                                                                                                                                                      
Peter      PETER                                                                                                                                                                                        
Eleni      ELENI                                                                                                                                                                                        
Ellen      ELLEN                                                                                                                                                                                        
Jonathon   JONATHON                                                                                                                                                                                     
Kimerely   KIMERELY                                                                                                                                                                                     
Jennifer   JENNIFER                                                                                                                                                                                     
Michael    MICHAEL                                                                                                                                                                                      
Pat        PAT                                                                                                                                                                                          
Shelley    SHELLEY                                                                                                                                                                                      
William    WILLIAM                                                                                                                                                                                      

20 rows selected.

SQL> SELECT FIRST_NAME , UPPER(FIRST_NAME) FROM EMPLOYEES WHERE SALARY >= 10500;

FIRST_NAME UPPER(FIRS                                                                                                                                                                                   
---------- ----------                                                                                                                                                                                   
Steven     STEVEN                                                                                                                                                                                       
Neena      NEENA                                                                                                                                                                                        
Lex        LEX                                                                                                                                                                                          
Eleni      ELENI                                                                                                                                                                                        
Ellen      ELLEN                                                                                                                                                                                        
Michael    MICHAEL                                                                                                                                                                                      
Shelley    SHELLEY                                                                                                                                                                                      

7 rows selected.

SQL> REM TYPES OF SINGLE ROW FUNCTIONS : 1 CHARACTER 2 NUMBER 3 DATE 4 CONVERSION 5 GENERAL
SQL> 
SQL> REM CHAPTER 3 : 1 CHARACTER 2 NUMBER 3 DATE
SQL> 
SQL> REM CHAPTER 4 : 4 CONVERSION 5 GENERAL
SQL> 
SQL> REM CHAPTER 5 : MULTI ROW FUNCTIONS MIN MAX COUNT SUM AVG + ...
SQL> 
SQL> 
SQL> REM TYPES OF CHARACTER FUNCTIONS : 1 CASE MANIPULATION 2 CHARACTER MANIPULATION
SQL> 
SQL> REM MANIPULATION : ANY TYPE OF CHANGES
SQL> 
SQL> REM TYPE OF CASES : 1 CAPITAL 2 SMALL 3 INITIAL CAPITAL/PROPER CASE/CAMEL CASE/TITLE CASE 4 MIXED CASE
SQL> 
SQL> REM CAPITAL : A - Z
SQL> 
SQL> REM SMALL : a - z
SQL> 
SQL> REM CAPITAL : A - Z : I LOVE MY INDIA.
SQL> 
SQL> REM SMALL  : a - z : i love my india.
SQL> 
SQL> REM INITCAP : I Love My India.
SQL> 
SQL> REM MIXED : I LOve My inDIa.
SQL> 
SQL> 
SQL> 
SQL> REM LIST OF CASE MANIPULATION FUNCTIONS : 1 UPPER 2 LOWER 3 INITCAP
SQL> 
SQL> SELECT FIRST_NAME , UPPER(FIRST_NAME) FROM EMPLOYEES;

FIRST_NAME UPPER(FIRS                                                                                                                                                                                   
---------- ----------                                                                                                                                                                                   
Steven     STEVEN                                                                                                                                                                                       
Neena      NEENA                                                                                                                                                                                        
Lex        LEX                                                                                                                                                                                          
Alexander  ALEXANDER                                                                                                                                                                                    
Bruce      BRUCE                                                                                                                                                                                        
Diana      DIANA                                                                                                                                                                                        
Kevin      KEVIN                                                                                                                                                                                        
Trenna     TRENNA                                                                                                                                                                                       
Curtis     CURTIS                                                                                                                                                                                       
Randall    RANDALL                                                                                                                                                                                      
Peter      PETER                                                                                                                                                                                        
Eleni      ELENI                                                                                                                                                                                        
Ellen      ELLEN                                                                                                                                                                                        
Jonathon   JONATHON                                                                                                                                                                                     
Kimerely   KIMERELY                                                                                                                                                                                     
Jennifer   JENNIFER                                                                                                                                                                                     
Michael    MICHAEL                                                                                                                                                                                      
Pat        PAT                                                                                                                                                                                          
Shelley    SHELLEY                                                                                                                                                                                      
William    WILLIAM                                                                                                                                                                                      

20 rows selected.

SQL> SELECT FIRST_NAME , LOWER(FIRST_NAME) FROM EMPLOYEES;

FIRST_NAME LOWER(FIRS                                                                                                                                                                                   
---------- ----------                                                                                                                                                                                   
Steven     steven                                                                                                                                                                                       
Neena      neena                                                                                                                                                                                        
Lex        lex                                                                                                                                                                                          
Alexander  alexander                                                                                                                                                                                    
Bruce      bruce                                                                                                                                                                                        
Diana      diana                                                                                                                                                                                        
Kevin      kevin                                                                                                                                                                                        
Trenna     trenna                                                                                                                                                                                       
Curtis     curtis                                                                                                                                                                                       
Randall    randall                                                                                                                                                                                      
Peter      peter                                                                                                                                                                                        
Eleni      eleni                                                                                                                                                                                        
Ellen      ellen                                                                                                                                                                                        
Jonathon   jonathon                                                                                                                                                                                     
Kimerely   kimerely                                                                                                                                                                                     
Jennifer   jennifer                                                                                                                                                                                     
Michael    michael                                                                                                                                                                                      
Pat        pat                                                                                                                                                                                          
Shelley    shelley                                                                                                                                                                                      
William    william                                                                                                                                                                                      

20 rows selected.

SQL> SELECT INITCAP('AmaR akBAr ANthoNY') FROM DUAL;

INITCAP('AMARAKBAR                                                                                                                                                                                      
------------------                                                                                                                                                                                      
Amar Akbar Anthony                                                                                                                                                                                      

SQL> SELECT INITCAP('AmaR_akBAr#ANthoNY') FROM DUAL;

INITCAP('AMAR_AKBA                                                                                                                                                                                      
------------------                                                                                                                                                                                      
Amar_Akbar#Anthony                                                                                                                                                                                      

SQL> REM SPECIAL CHARACTERS ARE CONSIDERED AS WORD SEPARATOR. BUT DIGITS ARE NOT CONSIDERED AS WORD SEPARATOR.
SQL> 
SQL> SELECT INITCAP('AmaR5akBAr7ANthoNY') FROM DUAL;

INITCAP('AMAR5AKBA                                                                                                                                                                                      
------------------                                                                                                                                                                                      
Amar5akbar7anthony                                                                                                                                                                                      

SQL> SELECT INITCAP('AmaR5akBAr^ANthoNY') FROM DUAL;

INITCAP('AMAR5AKBA                                                                                                                                                                                      
------------------                                                                                                                                                                                      
Amar5akbar^Anthony                                                                                                                                                                                      

SQL> REM LIST OF CHARACTER MANIPULATION FUNCTIONS : CONCAT LPAD RPAD LTRIM RTRIM TRIM LENGTH TRANSLATE REPLACE SUBSTR INSTR
SQL> 
SQL> REM CONCAT : IT IS USED TO CLUB/JOIN TWO ITEMS.
SQL> 
SQL> SELECT FIRST_NAME , LAST_NAME FROM EMPLOYEES;

FIRST_NAME LAST_NAME                                                                                                                                                                                    
---------- ----------                                                                                                                                                                                   
Steven     King                                                                                                                                                                                         
Neena      Kochhar                                                                                                                                                                                      
Lex        De Haan                                                                                                                                                                                      
Alexander  Hunold                                                                                                                                                                                       
Bruce      Ernst                                                                                                                                                                                        
Diana      Lorentz                                                                                                                                                                                      
Kevin      Mourgos                                                                                                                                                                                      
Trenna     Rajs                                                                                                                                                                                         
Curtis     Davies                                                                                                                                                                                       
Randall    Matos                                                                                                                                                                                        
Peter      Vargas                                                                                                                                                                                       
Eleni      Zlotkey                                                                                                                                                                                      
Ellen      Abel                                                                                                                                                                                         
Jonathon   Taylor                                                                                                                                                                                       
Kimerely   Grant                                                                                                                                                                                        
Jennifer   Whalen                                                                                                                                                                                       
Michael    Hartstein                                                                                                                                                                                    
Pat        Fay                                                                                                                                                                                          
Shelley    Higgins                                                                                                                                                                                      
William    Gietz                                                                                                                                                                                        

20 rows selected.

SQL> SELECT FIRST_NAME || LAST_NAME FULLNAME FROM EMPLOYEES;

FULLNAME                                                                                                                                                                                                
--------------------                                                                                                                                                                                    
StevenKing                                                                                                                                                                                              
NeenaKochhar                                                                                                                                                                                            
LexDe Haan                                                                                                                                                                                              
AlexanderHunold                                                                                                                                                                                         
BruceErnst                                                                                                                                                                                              
DianaLorentz                                                                                                                                                                                            
KevinMourgos                                                                                                                                                                                            
TrennaRajs                                                                                                                                                                                              
CurtisDavies                                                                                                                                                                                            
RandallMatos                                                                                                                                                                                            
PeterVargas                                                                                                                                                                                             
EleniZlotkey                                                                                                                                                                                            
EllenAbel                                                                                                                                                                                               
JonathonTaylor                                                                                                                                                                                          
KimerelyGrant                                                                                                                                                                                           
JenniferWhalen                                                                                                                                                                                          
MichaelHartstein                                                                                                                                                                                        
PatFay                                                                                                                                                                                                  
ShelleyHiggins                                                                                                                                                                                          
WilliamGietz                                                                                                                                                                                            

20 rows selected.

SQL> SELECT CONCAT(FIRST_NAME , LAST_NAME) FULLNAME FROM EMPLOYEES;

FULLNAME                                                                                                                                                                                                
--------------------                                                                                                                                                                                    
StevenKing                                                                                                                                                                                              
NeenaKochhar                                                                                                                                                                                            
LexDe Haan                                                                                                                                                                                              
AlexanderHunold                                                                                                                                                                                         
BruceErnst                                                                                                                                                                                              
DianaLorentz                                                                                                                                                                                            
KevinMourgos                                                                                                                                                                                            
TrennaRajs                                                                                                                                                                                              
CurtisDavies                                                                                                                                                                                            
RandallMatos                                                                                                                                                                                            
PeterVargas                                                                                                                                                                                             
EleniZlotkey                                                                                                                                                                                            
EllenAbel                                                                                                                                                                                               
JonathonTaylor                                                                                                                                                                                          
KimerelyGrant                                                                                                                                                                                           
JenniferWhalen                                                                                                                                                                                          
MichaelHartstein                                                                                                                                                                                        
PatFay                                                                                                                                                                                                  
ShelleyHiggins                                                                                                                                                                                          
WilliamGietz                                                                                                                                                                                            

20 rows selected.

SQL> SELECT FIRST_NAME || ' ' || LAST_NAME FULLNAME FROM EMPLOYEES;

FULLNAME                                                                                                                                                                                                
---------------------                                                                                                                                                                                   
Steven King                                                                                                                                                                                             
Neena Kochhar                                                                                                                                                                                           
Lex De Haan                                                                                                                                                                                             
Alexander Hunold                                                                                                                                                                                        
Bruce Ernst                                                                                                                                                                                             
Diana Lorentz                                                                                                                                                                                           
Kevin Mourgos                                                                                                                                                                                           
Trenna Rajs                                                                                                                                                                                             
Curtis Davies                                                                                                                                                                                           
Randall Matos                                                                                                                                                                                           
Peter Vargas                                                                                                                                                                                            
Eleni Zlotkey                                                                                                                                                                                           
Ellen Abel                                                                                                                                                                                              
Jonathon Taylor                                                                                                                                                                                         
Kimerely Grant                                                                                                                                                                                          
Jennifer Whalen                                                                                                                                                                                         
Michael Hartstein                                                                                                                                                                                       
Pat Fay                                                                                                                                                                                                 
Shelley Higgins                                                                                                                                                                                         
William Gietz                                                                                                                                                                                           

20 rows selected.

SQL> SELECT CONCAT(FIRST_NAME , ' ' , LAST_NAME) FULLNAME FROM EMPLOYEES;
SELECT CONCAT(FIRST_NAME , ' ' , LAST_NAME) FULLNAME FROM EMPLOYEES
       *
ERROR at line 1:
ORA-00909: invalid number of arguments 


SQL> SELECT CONCAT(FIRST_NAME || ' ' , LAST_NAME) FULLNAME FROM EMPLOYEES;

FULLNAME                                                                                                                                                                                                
---------------------                                                                                                                                                                                   
Steven King                                                                                                                                                                                             
Neena Kochhar                                                                                                                                                                                           
Lex De Haan                                                                                                                                                                                             
Alexander Hunold                                                                                                                                                                                        
Bruce Ernst                                                                                                                                                                                             
Diana Lorentz                                                                                                                                                                                           
Kevin Mourgos                                                                                                                                                                                           
Trenna Rajs                                                                                                                                                                                             
Curtis Davies                                                                                                                                                                                           
Randall Matos                                                                                                                                                                                           
Peter Vargas                                                                                                                                                                                            
Eleni Zlotkey                                                                                                                                                                                           
Ellen Abel                                                                                                                                                                                              
Jonathon Taylor                                                                                                                                                                                         
Kimerely Grant                                                                                                                                                                                          
Jennifer Whalen                                                                                                                                                                                         
Michael Hartstein                                                                                                                                                                                       
Pat Fay                                                                                                                                                                                                 
Shelley Higgins                                                                                                                                                                                         
William Gietz                                                                                                                                                                                           

20 rows selected.

SQL> SELECT CONCAT(FIRST_NAME , ' ' || LAST_NAME) FULLNAME FROM EMPLOYEES;

FULLNAME                                                                                                                                                                                                
---------------------                                                                                                                                                                                   
Steven King                                                                                                                                                                                             
Neena Kochhar                                                                                                                                                                                           
Lex De Haan                                                                                                                                                                                             
Alexander Hunold                                                                                                                                                                                        
Bruce Ernst                                                                                                                                                                                             
Diana Lorentz                                                                                                                                                                                           
Kevin Mourgos                                                                                                                                                                                           
Trenna Rajs                                                                                                                                                                                             
Curtis Davies                                                                                                                                                                                           
Randall Matos                                                                                                                                                                                           
Peter Vargas                                                                                                                                                                                            
Eleni Zlotkey                                                                                                                                                                                           
Ellen Abel                                                                                                                                                                                              
Jonathon Taylor                                                                                                                                                                                         
Kimerely Grant                                                                                                                                                                                          
Jennifer Whalen                                                                                                                                                                                         
Michael Hartstein                                                                                                                                                                                       
Pat Fay                                                                                                                                                                                                 
Shelley Higgins                                                                                                                                                                                         
William Gietz                                                                                                                                                                                           

20 rows selected.

SQL> SELECT CONCAT(FIRST_NAME , CONCAT(' ',  LAST_NAME)) FULLNAME FROM EMPLOYEES;

FULLNAME                                                                                                                                                                                                
---------------------                                                                                                                                                                                   
Steven King                                                                                                                                                                                             
Neena Kochhar                                                                                                                                                                                           
Lex De Haan                                                                                                                                                                                             
Alexander Hunold                                                                                                                                                                                        
Bruce Ernst                                                                                                                                                                                             
Diana Lorentz                                                                                                                                                                                           
Kevin Mourgos                                                                                                                                                                                           
Trenna Rajs                                                                                                                                                                                             
Curtis Davies                                                                                                                                                                                           
Randall Matos                                                                                                                                                                                           
Peter Vargas                                                                                                                                                                                            
Eleni Zlotkey                                                                                                                                                                                           
Ellen Abel                                                                                                                                                                                              
Jonathon Taylor                                                                                                                                                                                         
Kimerely Grant                                                                                                                                                                                          
Jennifer Whalen                                                                                                                                                                                         
Michael Hartstein                                                                                                                                                                                       
Pat Fay                                                                                                                                                                                                 
Shelley Higgins                                                                                                                                                                                         
William Gietz                                                                                                                                                                                           

20 rows selected.

SQL> SELECT CONCAT(CONCAT( FIRST_NAME , ' ' ),  LAST_NAME) FULLNAME FROM EMPLOYEES;

FULLNAME                                                                                                                                                                                                
---------------------                                                                                                                                                                                   
Steven King                                                                                                                                                                                             
Neena Kochhar                                                                                                                                                                                           
Lex De Haan                                                                                                                                                                                             
Alexander Hunold                                                                                                                                                                                        
Bruce Ernst                                                                                                                                                                                             
Diana Lorentz                                                                                                                                                                                           
Kevin Mourgos                                                                                                                                                                                           
Trenna Rajs                                                                                                                                                                                             
Curtis Davies                                                                                                                                                                                           
Randall Matos                                                                                                                                                                                           
Peter Vargas                                                                                                                                                                                            
Eleni Zlotkey                                                                                                                                                                                           
Ellen Abel                                                                                                                                                                                              
Jonathon Taylor                                                                                                                                                                                         
Kimerely Grant                                                                                                                                                                                          
Jennifer Whalen                                                                                                                                                                                         
Michael Hartstein                                                                                                                                                                                       
Pat Fay                                                                                                                                                                                                 
Shelley Higgins                                                                                                                                                                                         
William Gietz                                                                                                                                                                                           

20 rows selected.

SQL> REM FIRST_NAME , HIRE_DATE , SALARY
SQL> 
SQL> SELECT CONCAT(FIRST_NAME || HIRE_DATE , SALARY) FROM EMPLOYEES;

CONCAT(FIRST_NAME||HIRE_DATE,SALARY)                                                                                                                                                                    
--------------------------------------------------------------------                                                                                                                                    
Steven17-JUL-8724000                                                                                                                                                                                    
Neena21-SEP-8917000                                                                                                                                                                                     
Lex13-JAN-9317000                                                                                                                                                                                       
Alexander03-JAN-909000                                                                                                                                                                                  
Bruce21-MAY-916000                                                                                                                                                                                      
Diana07-FEB-994200                                                                                                                                                                                      
Kevin16-NOV-995800                                                                                                                                                                                      
Trenna17-OCT-953500                                                                                                                                                                                     
Curtis29-JAN-973100                                                                                                                                                                                     
Randall15-MAR-982600                                                                                                                                                                                    
Peter09-JUL-982500                                                                                                                                                                                      
Eleni29-JAN-0010500                                                                                                                                                                                     
Ellen11-MAY-9611000                                                                                                                                                                                     
Jonathon24-MAR-988600                                                                                                                                                                                   
Kimerely24-MAY-997000                                                                                                                                                                                   
Jennifer17-SEP-874400                                                                                                                                                                                   
Michael17-FEB-9613000                                                                                                                                                                                   
Pat17-AUG-976000                                                                                                                                                                                        
Shelley07-JUN-9412000                                                                                                                                                                                   
William07-JUN-948300                                                                                                                                                                                    

20 rows selected.

SQL> SELECT CONCAT(FIRST_NAME || HIRE_DATE || SALARY) FROM EMPLOYEES;
SELECT CONCAT(FIRST_NAME || HIRE_DATE || SALARY) FROM EMPLOYEES
       *
ERROR at line 1:
ORA-00909: invalid number of arguments 


SQL> SELECT CONCAT(FIRST_NAME || HIRE_DATE || SALARY, NULL) FROM EMPLOYEES;

CONCAT(FIRST_NAME||HIRE_DATE||SALARY,NULL)                                                                                                                                                              
--------------------------------------------------------------------                                                                                                                                    
Steven17-JUL-8724000                                                                                                                                                                                    
Neena21-SEP-8917000                                                                                                                                                                                     
Lex13-JAN-9317000                                                                                                                                                                                       
Alexander03-JAN-909000                                                                                                                                                                                  
Bruce21-MAY-916000                                                                                                                                                                                      
Diana07-FEB-994200                                                                                                                                                                                      
Kevin16-NOV-995800                                                                                                                                                                                      
Trenna17-OCT-953500                                                                                                                                                                                     
Curtis29-JAN-973100                                                                                                                                                                                     
Randall15-MAR-982600                                                                                                                                                                                    
Peter09-JUL-982500                                                                                                                                                                                      
Eleni29-JAN-0010500                                                                                                                                                                                     
Ellen11-MAY-9611000                                                                                                                                                                                     
Jonathon24-MAR-988600                                                                                                                                                                                   
Kimerely24-MAY-997000                                                                                                                                                                                   
Jennifer17-SEP-874400                                                                                                                                                                                   
Michael17-FEB-9613000                                                                                                                                                                                   
Pat17-AUG-976000                                                                                                                                                                                        
Shelley07-JUN-9412000                                                                                                                                                                                   
William07-JUN-948300                                                                                                                                                                                    

20 rows selected.

SQL> REM LPAD :
SQL> 
SQL> REM ***1,50,000.00
SQL> 
SQL> SELECT SALARY , LPAD(SALARY , 10 , '*') FROM EMPLOYEES;

    SALARY LPAD(SALARY,10,'*')                                                                                                                                                                          
---------- ----------------------------------------                                                                                                                                                     
     24000 *****24000                                                                                                                                                                                   
     17000 *****17000                                                                                                                                                                                   
     17000 *****17000                                                                                                                                                                                   
      9000 ******9000                                                                                                                                                                                   
      6000 ******6000                                                                                                                                                                                   
      4200 ******4200                                                                                                                                                                                   
      5800 ******5800                                                                                                                                                                                   
      3500 ******3500                                                                                                                                                                                   
      3100 ******3100                                                                                                                                                                                   
      2600 ******2600                                                                                                                                                                                   
      2500 ******2500                                                                                                                                                                                   
     10500 *****10500                                                                                                                                                                                   
     11000 *****11000                                                                                                                                                                                   
      8600 ******8600                                                                                                                                                                                   
      7000 ******7000                                                                                                                                                                                   
      4400 ******4400                                                                                                                                                                                   
     13000 *****13000                                                                                                                                                                                   
      6000 ******6000                                                                                                                                                                                   
     12000 *****12000                                                                                                                                                                                   
      8300 ******8300                                                                                                                                                                                   

20 rows selected.

SQL> SELECT SALARY , LPAD(SALARY , 10 , '*#') FROM EMPLOYEES;

    SALARY LPAD(SALARY,10,'*#')                                                                                                                                                                         
---------- ----------------------------------------                                                                                                                                                     
     24000 *#*#*24000                                                                                                                                                                                   
     17000 *#*#*17000                                                                                                                                                                                   
     17000 *#*#*17000                                                                                                                                                                                   
      9000 *#*#*#9000                                                                                                                                                                                   
      6000 *#*#*#6000                                                                                                                                                                                   
      4200 *#*#*#4200                                                                                                                                                                                   
      5800 *#*#*#5800                                                                                                                                                                                   
      3500 *#*#*#3500                                                                                                                                                                                   
      3100 *#*#*#3100                                                                                                                                                                                   
      2600 *#*#*#2600                                                                                                                                                                                   
      2500 *#*#*#2500                                                                                                                                                                                   
     10500 *#*#*10500                                                                                                                                                                                   
     11000 *#*#*11000                                                                                                                                                                                   
      8600 *#*#*#8600                                                                                                                                                                                   
      7000 *#*#*#7000                                                                                                                                                                                   
      4400 *#*#*#4400                                                                                                                                                                                   
     13000 *#*#*13000                                                                                                                                                                                   
      6000 *#*#*#6000                                                                                                                                                                                   
     12000 *#*#*12000                                                                                                                                                                                   
      8300 *#*#*#8300                                                                                                                                                                                   

20 rows selected.

SQL> SELECT SALARY , LPAD(SALARY , 10 , 'A') FROM EMPLOYEES;

    SALARY LPAD(SALARY,10,'A')                                                                                                                                                                          
---------- ----------------------------------------                                                                                                                                                     
     24000 AAAAA24000                                                                                                                                                                                   
     17000 AAAAA17000                                                                                                                                                                                   
     17000 AAAAA17000                                                                                                                                                                                   
      9000 AAAAAA9000                                                                                                                                                                                   
      6000 AAAAAA6000                                                                                                                                                                                   
      4200 AAAAAA4200                                                                                                                                                                                   
      5800 AAAAAA5800                                                                                                                                                                                   
      3500 AAAAAA3500                                                                                                                                                                                   
      3100 AAAAAA3100                                                                                                                                                                                   
      2600 AAAAAA2600                                                                                                                                                                                   
      2500 AAAAAA2500                                                                                                                                                                                   
     10500 AAAAA10500                                                                                                                                                                                   
     11000 AAAAA11000                                                                                                                                                                                   
      8600 AAAAAA8600                                                                                                                                                                                   
      7000 AAAAAA7000                                                                                                                                                                                   
      4400 AAAAAA4400                                                                                                                                                                                   
     13000 AAAAA13000                                                                                                                                                                                   
      6000 AAAAAA6000                                                                                                                                                                                   
     12000 AAAAA12000                                                                                                                                                                                   
      8300 AAAAAA8300                                                                                                                                                                                   

20 rows selected.

SQL> SELECT SALARY , LPAD(SALARY , 10 , '6') FROM EMPLOYEES;

    SALARY LPAD(SALARY,10,'6')                                                                                                                                                                          
---------- ----------------------------------------                                                                                                                                                     
     24000 6666624000                                                                                                                                                                                   
     17000 6666617000                                                                                                                                                                                   
     17000 6666617000                                                                                                                                                                                   
      9000 6666669000                                                                                                                                                                                   
      6000 6666666000                                                                                                                                                                                   
      4200 6666664200                                                                                                                                                                                   
      5800 6666665800                                                                                                                                                                                   
      3500 6666663500                                                                                                                                                                                   
      3100 6666663100                                                                                                                                                                                   
      2600 6666662600                                                                                                                                                                                   
      2500 6666662500                                                                                                                                                                                   
     10500 6666610500                                                                                                                                                                                   
     11000 6666611000                                                                                                                                                                                   
      8600 6666668600                                                                                                                                                                                   
      7000 6666667000                                                                                                                                                                                   
      4400 6666664400                                                                                                                                                                                   
     13000 6666613000                                                                                                                                                                                   
      6000 6666666000                                                                                                                                                                                   
     12000 6666612000                                                                                                                                                                                   
      8300 6666668300                                                                                                                                                                                   

20 rows selected.

SQL> SELECT SALARY , LPAD(SALARY , 10 , '!@#$%^*()_') FROM EMPLOYEES;

    SALARY LPAD(SALARY,10,'!@#$%^*()_')                                                                                                                                                                 
---------- ----------------------------------------                                                                                                                                                     
     24000 !@#$%24000                                                                                                                                                                                   
     17000 !@#$%17000                                                                                                                                                                                   
     17000 !@#$%17000                                                                                                                                                                                   
      9000 !@#$%^9000                                                                                                                                                                                   
      6000 !@#$%^6000                                                                                                                                                                                   
      4200 !@#$%^4200                                                                                                                                                                                   
      5800 !@#$%^5800                                                                                                                                                                                   
      3500 !@#$%^3500                                                                                                                                                                                   
      3100 !@#$%^3100                                                                                                                                                                                   
      2600 !@#$%^2600                                                                                                                                                                                   
      2500 !@#$%^2500                                                                                                                                                                                   
     10500 !@#$%10500                                                                                                                                                                                   
     11000 !@#$%11000                                                                                                                                                                                   
      8600 !@#$%^8600                                                                                                                                                                                   
      7000 !@#$%^7000                                                                                                                                                                                   
      4400 !@#$%^4400                                                                                                                                                                                   
     13000 !@#$%13000                                                                                                                                                                                   
      6000 !@#$%^6000                                                                                                                                                                                   
     12000 !@#$%12000                                                                                                                                                                                   
      8300 !@#$%^8300                                                                                                                                                                                   

20 rows selected.

SQL> SELECT SALARY , LPAD(SALARY , 4 , '*' ) FROM EMPLOYEES;

    SALARY LPAD(SALARY,4,'*                                                                                                                                                                             
---------- ----------------                                                                                                                                                                             
     24000 2400                                                                                                                                                                                         
     17000 1700                                                                                                                                                                                         
     17000 1700                                                                                                                                                                                         
      9000 9000                                                                                                                                                                                         
      6000 6000                                                                                                                                                                                         
      4200 4200                                                                                                                                                                                         
      5800 5800                                                                                                                                                                                         
      3500 3500                                                                                                                                                                                         
      3100 3100                                                                                                                                                                                         
      2600 2600                                                                                                                                                                                         
      2500 2500                                                                                                                                                                                         
     10500 1050                                                                                                                                                                                         
     11000 1100                                                                                                                                                                                         
      8600 8600                                                                                                                                                                                         
      7000 7000                                                                                                                                                                                         
      4400 4400                                                                                                                                                                                         
     13000 1300                                                                                                                                                                                         
      6000 6000                                                                                                                                                                                         
     12000 1200                                                                                                                                                                                         
      8300 8300                                                                                                                                                                                         

20 rows selected.

SQL> SELECT SALARY , LPAD(SALARY , 15 ) FROM EMPLOYEES;

    SALARY LPAD(SALARY,15)                                                                                                                                                                              
---------- ------------------------------------------------------------                                                                                                                                 
     24000           24000                                                                                                                                                                              
     17000           17000                                                                                                                                                                              
     17000           17000                                                                                                                                                                              
      9000            9000                                                                                                                                                                              
      6000            6000                                                                                                                                                                              
      4200            4200                                                                                                                                                                              
      5800            5800                                                                                                                                                                              
      3500            3500                                                                                                                                                                              
      3100            3100                                                                                                                                                                              
      2600            2600                                                                                                                                                                              
      2500            2500                                                                                                                                                                              
     10500           10500                                                                                                                                                                              
     11000           11000                                                                                                                                                                              
      8600            8600                                                                                                                                                                              
      7000            7000                                                                                                                                                                              
      4400            4400                                                                                                                                                                              
     13000           13000                                                                                                                                                                              
      6000            6000                                                                                                                                                                              
     12000           12000                                                                                                                                                                              
      8300            8300                                                                                                                                                                              

20 rows selected.

SQL> SELECT SALARY , RPAD(SALARY , 10 , '*') FROM EMPLOYEES;

    SALARY RPAD(SALARY,10,'*')                                                                                                                                                                          
---------- ----------------------------------------                                                                                                                                                     
     24000 24000*****                                                                                                                                                                                   
     17000 17000*****                                                                                                                                                                                   
     17000 17000*****                                                                                                                                                                                   
      9000 9000******                                                                                                                                                                                   
      6000 6000******                                                                                                                                                                                   
      4200 4200******                                                                                                                                                                                   
      5800 5800******                                                                                                                                                                                   
      3500 3500******                                                                                                                                                                                   
      3100 3100******                                                                                                                                                                                   
      2600 2600******                                                                                                                                                                                   
      2500 2500******                                                                                                                                                                                   
     10500 10500*****                                                                                                                                                                                   
     11000 11000*****                                                                                                                                                                                   
      8600 8600******                                                                                                                                                                                   
      7000 7000******                                                                                                                                                                                   
      4400 4400******                                                                                                                                                                                   
     13000 13000*****                                                                                                                                                                                   
      6000 6000******                                                                                                                                                                                   
     12000 12000*****                                                                                                                                                                                   
      8300 8300******                                                                                                                                                                                   

20 rows selected.

SQL> SELECT SALARY , RPAD(SALARY , 10 , '*#') FROM EMPLOYEES;

    SALARY RPAD(SALARY,10,'*#')                                                                                                                                                                         
---------- ----------------------------------------                                                                                                                                                     
     24000 24000*#*#*                                                                                                                                                                                   
     17000 17000*#*#*                                                                                                                                                                                   
     17000 17000*#*#*                                                                                                                                                                                   
      9000 9000*#*#*#                                                                                                                                                                                   
      6000 6000*#*#*#                                                                                                                                                                                   
      4200 4200*#*#*#                                                                                                                                                                                   
      5800 5800*#*#*#                                                                                                                                                                                   
      3500 3500*#*#*#                                                                                                                                                                                   
      3100 3100*#*#*#                                                                                                                                                                                   
      2600 2600*#*#*#                                                                                                                                                                                   
      2500 2500*#*#*#                                                                                                                                                                                   
     10500 10500*#*#*                                                                                                                                                                                   
     11000 11000*#*#*                                                                                                                                                                                   
      8600 8600*#*#*#                                                                                                                                                                                   
      7000 7000*#*#*#                                                                                                                                                                                   
      4400 4400*#*#*#                                                                                                                                                                                   
     13000 13000*#*#*                                                                                                                                                                                   
      6000 6000*#*#*#                                                                                                                                                                                   
     12000 12000*#*#*                                                                                                                                                                                   
      8300 8300*#*#*#                                                                                                                                                                                   

20 rows selected.

SQL> SELECT SALARY , RPAD(SALARY , 10 , '!@#$%^*()_') FROM EMPLOYEES;

    SALARY RPAD(SALARY,10,'!@#$%^*()_')                                                                                                                                                                 
---------- ----------------------------------------                                                                                                                                                     
     24000 24000!@#$%                                                                                                                                                                                   
     17000 17000!@#$%                                                                                                                                                                                   
     17000 17000!@#$%                                                                                                                                                                                   
      9000 9000!@#$%^                                                                                                                                                                                   
      6000 6000!@#$%^                                                                                                                                                                                   
      4200 4200!@#$%^                                                                                                                                                                                   
      5800 5800!@#$%^                                                                                                                                                                                   
      3500 3500!@#$%^                                                                                                                                                                                   
      3100 3100!@#$%^                                                                                                                                                                                   
      2600 2600!@#$%^                                                                                                                                                                                   
      2500 2500!@#$%^                                                                                                                                                                                   
     10500 10500!@#$%                                                                                                                                                                                   
     11000 11000!@#$%                                                                                                                                                                                   
      8600 8600!@#$%^                                                                                                                                                                                   
      7000 7000!@#$%^                                                                                                                                                                                   
      4400 4400!@#$%^                                                                                                                                                                                   
     13000 13000!@#$%                                                                                                                                                                                   
      6000 6000!@#$%^                                                                                                                                                                                   
     12000 12000!@#$%                                                                                                                                                                                   
      8300 8300!@#$%^                                                                                                                                                                                   

20 rows selected.

SQL> SELECT SALARY , RPAD(SALARY , 4 ) FROM EMPLOYEES;

    SALARY RPAD(SALARY,4)                                                                                                                                                                               
---------- ----------------                                                                                                                                                                             
     24000 2400                                                                                                                                                                                         
     17000 1700                                                                                                                                                                                         
     17000 1700                                                                                                                                                                                         
      9000 9000                                                                                                                                                                                         
      6000 6000                                                                                                                                                                                         
      4200 4200                                                                                                                                                                                         
      5800 5800                                                                                                                                                                                         
      3500 3500                                                                                                                                                                                         
      3100 3100                                                                                                                                                                                         
      2600 2600                                                                                                                                                                                         
      2500 2500                                                                                                                                                                                         
     10500 1050                                                                                                                                                                                         
     11000 1100                                                                                                                                                                                         
      8600 8600                                                                                                                                                                                         
      7000 7000                                                                                                                                                                                         
      4400 4400                                                                                                                                                                                         
     13000 1300                                                                                                                                                                                         
      6000 6000                                                                                                                                                                                         
     12000 1200                                                                                                                                                                                         
      8300 8300                                                                                                                                                                                         

20 rows selected.

SQL> SELECT * FROM EMPLOYEES;

EMPLOYEE_ID FIRST_NAME LAST_NAME  EMAIL      PHONE_NUMBER         HIRE_DATE JOB_ID         SALARY COMMISSION_PCT MANAGER_ID DEPARTMENT_ID                                                               
----------- ---------- ---------- ---------- -------------------- --------- ---------- ---------- -------------- ---------- -------------                                                               
        100 Steven     King       SKING      515.123.4567         17-JUL-87 AD_PRES         24000                                      90                                                               
        101 Neena      Kochhar    NKOCHHAR   515.123.4568         21-SEP-89 AD_VP           17000                       100            90                                                               
        102 Lex        De Haan    LDEHAAN    515.123.4569         13-JAN-93 AD_VP           17000                       100            90                                                               
        103 Alexander  Hunold     AHUNOLD    590.423.4567         03-JAN-90 IT_PROG          9000                       102            60                                                               
        104 Bruce      Ernst      BERNST     590.423.4568         21-MAY-91 IT_PROG          6000                       103            60                                                               
        107 Diana      Lorentz    DLORENTZ   590.423.5567         07-FEB-99 IT_PROG          4200                       103            60                                                               
        124 Kevin      Mourgos    KMOURGOS   650.123.5234         16-NOV-99 ST_MAN           5800                       100            50                                                               
        141 Trenna     Rajs       TRAJS      650.121.8009         17-OCT-95 ST_CLERK         3500                       124            50                                                               
        142 Curtis     Davies     CDAVIES    650.121.2994         29-JAN-97 ST_CLERK         3100                       124            50                                                               
        143 Randall    Matos      RMATOS     650.121.2874         15-MAR-98 ST_CLERK         2600                       124            50                                                               
        144 Peter      Vargas     PVARGAS    650.121.2004         09-JUL-98 ST_CLERK         2500                       124            50                                                               
        149 Eleni      Zlotkey    EZLOTKEY   011.44.1344.429018   29-JAN-00 SA_MAN          10500             .2        100            80                                                               
        174 Ellen      Abel       EABEL      011.44.1644.429267   11-MAY-96 SA_REP          11000             .3        149            80                                                               
        176 Jonathon   Taylor     JTAYLOR    011.44.1644.429265   24-MAR-98 SA_REP           8600             .3        149            80                                                               
        178 Kimerely   Grant      KGRANT     011.44.1644.429263   24-MAY-99 SA_REP           7000            .15        149                                                                             
        200 Jennifer   Whalen     JWAHLEN    515.123.4444         17-SEP-87 AD_ASST          4400                       101            10                                                               
        201 Michael    Hartstein  MHARTSTE   515.123.5555         17-FEB-96 MK_MAN          13000                       100            20                                                               
        202 Pat        Fay        PFAY       603.123.6666         17-AUG-97 MK_REP           6000                       201            20                                                               
        205 Shelley    Higgins    SHIGGINS   515.123.8080         07-JUN-94 AC_MGR          12000                       101           110                                                               
        206 William    Gietz      WGIETZ     515.123.8181         07-JUN-94 AC_ACCOUNT       8300                       205           110                                                               

20 rows selected.

SQL> SELECT FIRST_NAME , LPAD(FIRST_NAME,15)  FROM EMPLOYEES;

FIRST_NAME LPAD(FIRST_NAME,15)                                                                                                                                                                          
---------- ------------------------------------------------------------                                                                                                                                 
Steven              Steven                                                                                                                                                                              
Neena                Neena                                                                                                                                                                              
Lex                    Lex                                                                                                                                                                              
Alexander        Alexander                                                                                                                                                                              
Bruce                Bruce                                                                                                                                                                              
Diana                Diana                                                                                                                                                                              
Kevin                Kevin                                                                                                                                                                              
Trenna              Trenna                                                                                                                                                                              
Curtis              Curtis                                                                                                                                                                              
Randall            Randall                                                                                                                                                                              
Peter                Peter                                                                                                                                                                              
Eleni                Eleni                                                                                                                                                                              
Ellen                Ellen                                                                                                                                                                              
Jonathon          Jonathon                                                                                                                                                                              
Kimerely          Kimerely                                                                                                                                                                              
Jennifer          Jennifer                                                                                                                                                                              
Michael            Michael                                                                                                                                                                              
Pat                    Pat                                                                                                                                                                              
Shelley            Shelley                                                                                                                                                                              
William            William                                                                                                                                                                              

20 rows selected.

SQL> REM 17-JUL-87
SQL> 
SQL> REM ***17-JUL-87####
SQL> 
SQL> REM 1 CONCATENATION OPERATOR 2 CONCAT 3 LPAD+RPAD
SQL> 
SQL> SELECT '***' || HIRE_DATE || '####' FROM EMPLOYEES;

'***'||HIRE_DATE||'####'                                                                                                                                                                                
-------------------------                                                                                                                                                                               
***17-JUL-87####                                                                                                                                                                                        
***21-SEP-89####                                                                                                                                                                                        
***13-JAN-93####                                                                                                                                                                                        
***03-JAN-90####                                                                                                                                                                                        
***21-MAY-91####                                                                                                                                                                                        
***07-FEB-99####                                                                                                                                                                                        
***16-NOV-99####                                                                                                                                                                                        
***17-OCT-95####                                                                                                                                                                                        
***29-JAN-97####                                                                                                                                                                                        
***15-MAR-98####                                                                                                                                                                                        
***09-JUL-98####                                                                                                                                                                                        
***29-JAN-00####                                                                                                                                                                                        
***11-MAY-96####                                                                                                                                                                                        
***24-MAR-98####                                                                                                                                                                                        
***24-MAY-99####                                                                                                                                                                                        
***17-SEP-87####                                                                                                                                                                                        
***17-FEB-96####                                                                                                                                                                                        
***17-AUG-97####                                                                                                                                                                                        
***07-JUN-94####                                                                                                                                                                                        
***07-JUN-94####                                                                                                                                                                                        

20 rows selected.

SQL> SELECT CONCAT('***',CONCAT(HIRE_DATE,'####')) FROM EMPLOYEES;

CONCAT('***',CONCAT(HIRE_                                                                                                                                                                               
-------------------------                                                                                                                                                                               
***17-JUL-87####                                                                                                                                                                                        
***21-SEP-89####                                                                                                                                                                                        
***13-JAN-93####                                                                                                                                                                                        
***03-JAN-90####                                                                                                                                                                                        
***21-MAY-91####                                                                                                                                                                                        
***07-FEB-99####                                                                                                                                                                                        
***16-NOV-99####                                                                                                                                                                                        
***17-OCT-95####                                                                                                                                                                                        
***29-JAN-97####                                                                                                                                                                                        
***15-MAR-98####                                                                                                                                                                                        
***09-JUL-98####                                                                                                                                                                                        
***29-JAN-00####                                                                                                                                                                                        
***11-MAY-96####                                                                                                                                                                                        
***24-MAR-98####                                                                                                                                                                                        
***24-MAY-99####                                                                                                                                                                                        
***17-SEP-87####                                                                                                                                                                                        
***17-FEB-96####                                                                                                                                                                                        
***17-AUG-97####                                                                                                                                                                                        
***07-JUN-94####                                                                                                                                                                                        
***07-JUN-94####                                                                                                                                                                                        

20 rows selected.

SQL> SELECT RPAD(LPAD(HIRE_DATE,12,'*'),16,'#') FROM EMPLOYEES;

RPAD(LPAD(HIRE_DATE,12,'*'),16,'#')                                                                                                                                                                     
----------------------------------------------------------------                                                                                                                                        
***17-JUL-87####                                                                                                                                                                                        
***21-SEP-89####                                                                                                                                                                                        
***13-JAN-93####                                                                                                                                                                                        
***03-JAN-90####                                                                                                                                                                                        
***21-MAY-91####                                                                                                                                                                                        
***07-FEB-99####                                                                                                                                                                                        
***16-NOV-99####                                                                                                                                                                                        
***17-OCT-95####                                                                                                                                                                                        
***29-JAN-97####                                                                                                                                                                                        
***15-MAR-98####                                                                                                                                                                                        
***09-JUL-98####                                                                                                                                                                                        
***29-JAN-00####                                                                                                                                                                                        
***11-MAY-96####                                                                                                                                                                                        
***24-MAR-98####                                                                                                                                                                                        
***24-MAY-99####                                                                                                                                                                                        
***17-SEP-87####                                                                                                                                                                                        
***17-FEB-96####                                                                                                                                                                                        
***17-AUG-97####                                                                                                                                                                                        
***07-JUN-94####                                                                                                                                                                                        
***07-JUN-94####                                                                                                                                                                                        

20 rows selected.

SQL> SELECT LPAD(RPAD(HIRE_DATE,13,'#'),16,'*') FROM EMPLOYEES;

LPAD(RPAD(HIRE_DATE,13,'#'),16,'*')                                                                                                                                                                     
----------------------------------------------------------------                                                                                                                                        
***17-JUL-87####                                                                                                                                                                                        
***21-SEP-89####                                                                                                                                                                                        
***13-JAN-93####                                                                                                                                                                                        
***03-JAN-90####                                                                                                                                                                                        
***21-MAY-91####                                                                                                                                                                                        
***07-FEB-99####                                                                                                                                                                                        
***16-NOV-99####                                                                                                                                                                                        
***17-OCT-95####                                                                                                                                                                                        
***29-JAN-97####                                                                                                                                                                                        
***15-MAR-98####                                                                                                                                                                                        
***09-JUL-98####                                                                                                                                                                                        
***29-JAN-00####                                                                                                                                                                                        
***11-MAY-96####                                                                                                                                                                                        
***24-MAR-98####                                                                                                                                                                                        
***24-MAY-99####                                                                                                                                                                                        
***17-SEP-87####                                                                                                                                                                                        
***17-FEB-96####                                                                                                                                                                                        
***17-AUG-97####                                                                                                                                                                                        
***07-JUN-94####                                                                                                                                                                                        
***07-JUN-94####                                                                                                                                                                                        

20 rows selected.

SQL> REM LTRIM :
SQL> 
SQL> SELECT HIRE_DATE , LTRIM(HIRE_DATE,'1') FROM EMPLOYEES;

HIRE_DATE LTRIM(HIRE_DATE,'1                                                                                                                                                                            
--------- ------------------                                                                                                                                                                            
17-JUL-87 7-JUL-87                                                                                                                                                                                      
21-SEP-89 21-SEP-89                                                                                                                                                                                     
13-JAN-93 3-JAN-93                                                                                                                                                                                      
03-JAN-90 03-JAN-90                                                                                                                                                                                     
21-MAY-91 21-MAY-91                                                                                                                                                                                     
07-FEB-99 07-FEB-99                                                                                                                                                                                     
16-NOV-99 6-NOV-99                                                                                                                                                                                      
17-OCT-95 7-OCT-95                                                                                                                                                                                      
29-JAN-97 29-JAN-97                                                                                                                                                                                     
15-MAR-98 5-MAR-98                                                                                                                                                                                      
09-JUL-98 09-JUL-98                                                                                                                                                                                     
29-JAN-00 29-JAN-00                                                                                                                                                                                     
11-MAY-96 -MAY-96                                                                                                                                                                                       
24-MAR-98 24-MAR-98                                                                                                                                                                                     
24-MAY-99 24-MAY-99                                                                                                                                                                                     
17-SEP-87 7-SEP-87                                                                                                                                                                                      
17-FEB-96 7-FEB-96                                                                                                                                                                                      
17-AUG-97 7-AUG-97                                                                                                                                                                                      
07-JUN-94 07-JUN-94                                                                                                                                                                                     
07-JUN-94 07-JUN-94                                                                                                                                                                                     

20 rows selected.

SQL> SELECT HIRE_DATE , LTRIM(HIRE_DATE,'12') FROM EMPLOYEES;

HIRE_DATE LTRIM(HIRE_DATE,'1                                                                                                                                                                            
--------- ------------------                                                                                                                                                                            
17-JUL-87 7-JUL-87                                                                                                                                                                                      
21-SEP-89 -SEP-89                                                                                                                                                                                       
13-JAN-93 3-JAN-93                                                                                                                                                                                      
03-JAN-90 03-JAN-90                                                                                                                                                                                     
21-MAY-91 -MAY-91                                                                                                                                                                                       
07-FEB-99 07-FEB-99                                                                                                                                                                                     
16-NOV-99 6-NOV-99                                                                                                                                                                                      
17-OCT-95 7-OCT-95                                                                                                                                                                                      
29-JAN-97 9-JAN-97                                                                                                                                                                                      
15-MAR-98 5-MAR-98                                                                                                                                                                                      
09-JUL-98 09-JUL-98                                                                                                                                                                                     
29-JAN-00 9-JAN-00                                                                                                                                                                                      
11-MAY-96 -MAY-96                                                                                                                                                                                       
24-MAR-98 4-MAR-98                                                                                                                                                                                      
24-MAY-99 4-MAY-99                                                                                                                                                                                      
17-SEP-87 7-SEP-87                                                                                                                                                                                      
17-FEB-96 7-FEB-96                                                                                                                                                                                      
17-AUG-97 7-AUG-97                                                                                                                                                                                      
07-JUN-94 07-JUN-94                                                                                                                                                                                     
07-JUN-94 07-JUN-94                                                                                                                                                                                     

20 rows selected.

SQL> SELECT HIRE_DATE , RTRIM(HIRE_DATE,'8') FROM EMPLOYEES;

HIRE_DATE RTRIM(HIRE_DATE,'8                                                                                                                                                                            
--------- ------------------                                                                                                                                                                            
17-JUL-87 17-JUL-87                                                                                                                                                                                     
21-SEP-89 21-SEP-89                                                                                                                                                                                     
13-JAN-93 13-JAN-93                                                                                                                                                                                     
03-JAN-90 03-JAN-90                                                                                                                                                                                     
21-MAY-91 21-MAY-91                                                                                                                                                                                     
07-FEB-99 07-FEB-99                                                                                                                                                                                     
16-NOV-99 16-NOV-99                                                                                                                                                                                     
17-OCT-95 17-OCT-95                                                                                                                                                                                     
29-JAN-97 29-JAN-97                                                                                                                                                                                     
15-MAR-98 15-MAR-9                                                                                                                                                                                      
09-JUL-98 09-JUL-9                                                                                                                                                                                      
29-JAN-00 29-JAN-00                                                                                                                                                                                     
11-MAY-96 11-MAY-96                                                                                                                                                                                     
24-MAR-98 24-MAR-9                                                                                                                                                                                      
24-MAY-99 24-MAY-99                                                                                                                                                                                     
17-SEP-87 17-SEP-87                                                                                                                                                                                     
17-FEB-96 17-FEB-96                                                                                                                                                                                     
17-AUG-97 17-AUG-97                                                                                                                                                                                     
07-JUN-94 07-JUN-94                                                                                                                                                                                     
07-JUN-94 07-JUN-94                                                                                                                                                                                     

20 rows selected.

SQL> SELECT HIRE_DATE , RTRIM(HIRE_DATE,'89') FROM EMPLOYEES;

HIRE_DATE RTRIM(HIRE_DATE,'8                                                                                                                                                                            
--------- ------------------                                                                                                                                                                            
17-JUL-87 17-JUL-87                                                                                                                                                                                     
21-SEP-89 21-SEP-                                                                                                                                                                                       
13-JAN-93 13-JAN-93                                                                                                                                                                                     
03-JAN-90 03-JAN-90                                                                                                                                                                                     
21-MAY-91 21-MAY-91                                                                                                                                                                                     
07-FEB-99 07-FEB-                                                                                                                                                                                       
16-NOV-99 16-NOV-                                                                                                                                                                                       
17-OCT-95 17-OCT-95                                                                                                                                                                                     
29-JAN-97 29-JAN-97                                                                                                                                                                                     
15-MAR-98 15-MAR-                                                                                                                                                                                       
09-JUL-98 09-JUL-                                                                                                                                                                                       
29-JAN-00 29-JAN-00                                                                                                                                                                                     
11-MAY-96 11-MAY-96                                                                                                                                                                                     
24-MAR-98 24-MAR-                                                                                                                                                                                       
24-MAY-99 24-MAY-                                                                                                                                                                                       
17-SEP-87 17-SEP-87                                                                                                                                                                                     
17-FEB-96 17-FEB-96                                                                                                                                                                                     
17-AUG-97 17-AUG-97                                                                                                                                                                                     
07-JUN-94 07-JUN-94                                                                                                                                                                                     
07-JUN-94 07-JUN-94                                                                                                                                                                                     

20 rows selected.

SQL> REM JUL
SQL> REM SEP
SQL> REM JAN
SQL> 
SQL> SELECT HIRE_DATE , LTRIM(RTRIM(HIRE_DATE,'-1234567890),'-1234567890') FROM EMPLOYEES;
ERROR:
ORA-01756: quoted string not properly terminated 


SQL> SELECT HIRE_DATE , LTRIM(RTRIM(HIRE_DATE,'-1234567890'),'-1234567890') FROM EMPLOYEES;

HIRE_DATE LTRIM(RTRIM(HIRE_D                                                                                                                                                                            
--------- ------------------                                                                                                                                                                            
17-JUL-87 JUL                                                                                                                                                                                           
21-SEP-89 SEP                                                                                                                                                                                           
13-JAN-93 JAN                                                                                                                                                                                           
03-JAN-90 JAN                                                                                                                                                                                           
21-MAY-91 MAY                                                                                                                                                                                           
07-FEB-99 FEB                                                                                                                                                                                           
16-NOV-99 NOV                                                                                                                                                                                           
17-OCT-95 OCT                                                                                                                                                                                           
29-JAN-97 JAN                                                                                                                                                                                           
15-MAR-98 MAR                                                                                                                                                                                           
09-JUL-98 JUL                                                                                                                                                                                           
29-JAN-00 JAN                                                                                                                                                                                           
11-MAY-96 MAY                                                                                                                                                                                           
24-MAR-98 MAR                                                                                                                                                                                           
24-MAY-99 MAY                                                                                                                                                                                           
17-SEP-87 SEP                                                                                                                                                                                           
17-FEB-96 FEB                                                                                                                                                                                           
17-AUG-97 AUG                                                                                                                                                                                           
07-JUN-94 JUN                                                                                                                                                                                           
07-JUN-94 JUN                                                                                                                                                                                           

20 rows selected.

SQL> SELECT LENGTH('  RAM   ') FROM DUAL;

LENGTH('RAM')                                                                                                                                                                                           
-------------                                                                                                                                                                                           
            8                                                                                                                                                                                           

SQL> SELECT LENGTH(LTRIM('  RAM   ')) FROM DUAL;

LENGTH(LTRIM('RAM'))                                                                                                                                                                                    
--------------------                                                                                                                                                                                    
                   6                                                                                                                                                                                    

SQL> SELECT LENGTH(RTRIM('  RAM   ')) FROM DUAL;

LENGTH(RTRIM('RAM'))                                                                                                                                                                                    
--------------------                                                                                                                                                                                    
                   5                                                                                                                                                                                    

SQL> SELECT LENGTH(LTRIM(RTRIM('  RAM   '))) FROM DUAL;

LENGTH(LTRIM(RTRIM('RAM')))                                                                                                                                                                             
---------------------------                                                                                                                                                                             
                          3                                                                                                                                                                             

SQL> SELECT LENGTH(TRIM('  RAM   ')) FROM DUAL;

LENGTH(TRIM('RAM'))                                                                                                                                                                                     
-------------------                                                                                                                                                                                     
                  3                                                                                                                                                                                     

SQL> SELECT LENGTH(TRIM(LEADING ' ' FROM '  RAM   ')) FROM DUAL;

LENGTH(TRIM(LEADING''FROM'RAM'))                                                                                                                                                                        
--------------------------------                                                                                                                                                                        
                               6                                                                                                                                                                        

SQL> SELECT LENGTH(TRIM(TRAILING ' ' FROM '  RAM   ')) FROM DUAL;

LENGTH(TRIM(TRAILING''FROM'RAM'))                                                                                                                                                                       
---------------------------------                                                                                                                                                                       
                                5                                                                                                                                                                       

SQL> SELECT LENGTH(TRIM(BOTH ' ' FROM '  RAM   ')) FROM DUAL;

LENGTH(TRIM(BOTH''FROM'RAM'))                                                                                                                                                                           
-----------------------------                                                                                                                                                                           
                            3                                                                                                                                                                           

SQL> SELECT LENGTH(TRIM(' ' FROM '  RAM   ')) FROM DUAL;

LENGTH(TRIM(''FROM'RAM'))                                                                                                                                                                               
-------------------------                                                                                                                                                                               
                        3                                                                                                                                                                               

SQL> SELECT HIRE_DATE , TRIM('0' FROM HIRE_DATE) FROM EMPLOYEES;

HIRE_DATE TRIM('0'FROMHIRE_D                                                                                                                                                                            
--------- ------------------                                                                                                                                                                            
17-JUL-87 17-JUL-87                                                                                                                                                                                     
21-SEP-89 21-SEP-89                                                                                                                                                                                     
13-JAN-93 13-JAN-93                                                                                                                                                                                     
03-JAN-90 3-JAN-9                                                                                                                                                                                       
21-MAY-91 21-MAY-91                                                                                                                                                                                     
07-FEB-99 7-FEB-99                                                                                                                                                                                      
16-NOV-99 16-NOV-99                                                                                                                                                                                     
17-OCT-95 17-OCT-95                                                                                                                                                                                     
29-JAN-97 29-JAN-97                                                                                                                                                                                     
15-MAR-98 15-MAR-98                                                                                                                                                                                     
09-JUL-98 9-JUL-98                                                                                                                                                                                      
29-JAN-00 29-JAN-                                                                                                                                                                                       
11-MAY-96 11-MAY-96                                                                                                                                                                                     
24-MAR-98 24-MAR-98                                                                                                                                                                                     
24-MAY-99 24-MAY-99                                                                                                                                                                                     
17-SEP-87 17-SEP-87                                                                                                                                                                                     
17-FEB-96 17-FEB-96                                                                                                                                                                                     
17-AUG-97 17-AUG-97                                                                                                                                                                                     
07-JUN-94 7-JUN-94                                                                                                                                                                                      
07-JUN-94 7-JUN-94                                                                                                                                                                                      

20 rows selected.

SQL> SELECT HIRE_DATE , TRIM(BOTH '0' FROM HIRE_DATE) FROM EMPLOYEES;

HIRE_DATE TRIM(BOTH'0'FROMHI                                                                                                                                                                            
--------- ------------------                                                                                                                                                                            
17-JUL-87 17-JUL-87                                                                                                                                                                                     
21-SEP-89 21-SEP-89                                                                                                                                                                                     
13-JAN-93 13-JAN-93                                                                                                                                                                                     
03-JAN-90 3-JAN-9                                                                                                                                                                                       
21-MAY-91 21-MAY-91                                                                                                                                                                                     
07-FEB-99 7-FEB-99                                                                                                                                                                                      
16-NOV-99 16-NOV-99                                                                                                                                                                                     
17-OCT-95 17-OCT-95                                                                                                                                                                                     
29-JAN-97 29-JAN-97                                                                                                                                                                                     
15-MAR-98 15-MAR-98                                                                                                                                                                                     
09-JUL-98 9-JUL-98                                                                                                                                                                                      
29-JAN-00 29-JAN-                                                                                                                                                                                       
11-MAY-96 11-MAY-96                                                                                                                                                                                     
24-MAR-98 24-MAR-98                                                                                                                                                                                     
24-MAY-99 24-MAY-99                                                                                                                                                                                     
17-SEP-87 17-SEP-87                                                                                                                                                                                     
17-FEB-96 17-FEB-96                                                                                                                                                                                     
17-AUG-97 17-AUG-97                                                                                                                                                                                     
07-JUN-94 7-JUN-94                                                                                                                                                                                      
07-JUN-94 7-JUN-94                                                                                                                                                                                      

20 rows selected.

SQL> SELECT HIRE_DATE , TRIM(LEADING '0' FROM HIRE_DATE) FROM EMPLOYEES;

HIRE_DATE TRIM(LEADING'0'FRO                                                                                                                                                                            
--------- ------------------                                                                                                                                                                            
17-JUL-87 17-JUL-87                                                                                                                                                                                     
21-SEP-89 21-SEP-89                                                                                                                                                                                     
13-JAN-93 13-JAN-93                                                                                                                                                                                     
03-JAN-90 3-JAN-90                                                                                                                                                                                      
21-MAY-91 21-MAY-91                                                                                                                                                                                     
07-FEB-99 7-FEB-99                                                                                                                                                                                      
16-NOV-99 16-NOV-99                                                                                                                                                                                     
17-OCT-95 17-OCT-95                                                                                                                                                                                     
29-JAN-97 29-JAN-97                                                                                                                                                                                     
15-MAR-98 15-MAR-98                                                                                                                                                                                     
09-JUL-98 9-JUL-98                                                                                                                                                                                      
29-JAN-00 29-JAN-00                                                                                                                                                                                     
11-MAY-96 11-MAY-96                                                                                                                                                                                     
24-MAR-98 24-MAR-98                                                                                                                                                                                     
24-MAY-99 24-MAY-99                                                                                                                                                                                     
17-SEP-87 17-SEP-87                                                                                                                                                                                     
17-FEB-96 17-FEB-96                                                                                                                                                                                     
17-AUG-97 17-AUG-97                                                                                                                                                                                     
07-JUN-94 7-JUN-94                                                                                                                                                                                      
07-JUN-94 7-JUN-94                                                                                                                                                                                      

20 rows selected.

SQL> SELECT HIRE_DATE , TRIM(TRAILING '0' FROM HIRE_DATE) FROM EMPLOYEES;

HIRE_DATE TRIM(TRAILING'0'FR                                                                                                                                                                            
--------- ------------------                                                                                                                                                                            
17-JUL-87 17-JUL-87                                                                                                                                                                                     
21-SEP-89 21-SEP-89                                                                                                                                                                                     
13-JAN-93 13-JAN-93                                                                                                                                                                                     
03-JAN-90 03-JAN-9                                                                                                                                                                                      
21-MAY-91 21-MAY-91                                                                                                                                                                                     
07-FEB-99 07-FEB-99                                                                                                                                                                                     
16-NOV-99 16-NOV-99                                                                                                                                                                                     
17-OCT-95 17-OCT-95                                                                                                                                                                                     
29-JAN-97 29-JAN-97                                                                                                                                                                                     
15-MAR-98 15-MAR-98                                                                                                                                                                                     
09-JUL-98 09-JUL-98                                                                                                                                                                                     
29-JAN-00 29-JAN-                                                                                                                                                                                       
11-MAY-96 11-MAY-96                                                                                                                                                                                     
24-MAR-98 24-MAR-98                                                                                                                                                                                     
24-MAY-99 24-MAY-99                                                                                                                                                                                     
17-SEP-87 17-SEP-87                                                                                                                                                                                     
17-FEB-96 17-FEB-96                                                                                                                                                                                     
17-AUG-97 17-AUG-97                                                                                                                                                                                     
07-JUN-94 07-JUN-94                                                                                                                                                                                     
07-JUN-94 07-JUN-94                                                                                                                                                                                     

20 rows selected.

SQL> SELECT HIRE_DATE , TRIM(TRAILING '01' FROM HIRE_DATE) FROM EMPLOYEES;
SELECT HIRE_DATE , TRIM(TRAILING '01' FROM HIRE_DATE) FROM EMPLOYEES
                   *
ERROR at line 1:
ORA-30001: trim set should have only one character 


SQL> SELECT HIRE_DATE , RTRIM(HIRE_DATE,'98') , TRIM('9' FROM TRIM('8' FROM HIRE_DATE)) FROM EMPLOYEES;

HIRE_DATE RTRIM(HIRE_DATE,'9 TRIM('9'FROMTRIM('                                                                                                                                                         
--------- ------------------ ------------------                                                                                                                                                         
17-JUL-87 17-JUL-87          17-JUL-87                                                                                                                                                                  
21-SEP-89 21-SEP-            21-SEP-8                                                                                                                                                                   
13-JAN-93 13-JAN-93          13-JAN-93                                                                                                                                                                  
03-JAN-90 03-JAN-90          03-JAN-90                                                                                                                                                                  
21-MAY-91 21-MAY-91          21-MAY-91                                                                                                                                                                  
07-FEB-99 07-FEB-            07-FEB-                                                                                                                                                                    
16-NOV-99 16-NOV-            16-NOV-                                                                                                                                                                    
17-OCT-95 17-OCT-95          17-OCT-95                                                                                                                                                                  
29-JAN-97 29-JAN-97          29-JAN-97                                                                                                                                                                  
15-MAR-98 15-MAR-            15-MAR-                                                                                                                                                                    
09-JUL-98 09-JUL-            09-JUL-                                                                                                                                                                    
29-JAN-00 29-JAN-00          29-JAN-00                                                                                                                                                                  
11-MAY-96 11-MAY-96          11-MAY-96                                                                                                                                                                  
24-MAR-98 24-MAR-            24-MAR-                                                                                                                                                                    
24-MAY-99 24-MAY-            24-MAY-                                                                                                                                                                    
17-SEP-87 17-SEP-87          17-SEP-87                                                                                                                                                                  
17-FEB-96 17-FEB-96          17-FEB-96                                                                                                                                                                  
17-AUG-97 17-AUG-97          17-AUG-97                                                                                                                                                                  
07-JUN-94 07-JUN-94          07-JUN-94                                                                                                                                                                  
07-JUN-94 07-JUN-94          07-JUN-94                                                                                                                                                                  

20 rows selected.

SQL> SPOOL OFF
