SQL> 
SQL> CL SCR

SQL> REM TO_DATE : 1 FOR CALCULATION 2 FOR COMPARISON
SQL> 
SQL> REM TO_DATE : 2 FOR COMPARISON
SQL> 
SQL> SET LINES 200 PAGES 24
SQL> 
SQL> SELECT FIRST_NAME , HIRE_DATE FROM EMPLOYEES WHERE HIRE_DATE > '31-DEC-95';

FIRST_NAME HIRE_DATE                                                                                                                                                                                    
---------- ---------                                                                                                                                                                                    
Diana      07-FEB-99                                                                                                                                                                                    
Kevin      16-NOV-99                                                                                                                                                                                    
Curtis     29-JAN-97                                                                                                                                                                                    
Randall    15-MAR-98                                                                                                                                                                                    
Peter      09-JUL-98                                                                                                                                                                                    
Eleni      29-JAN-00                                                                                                                                                                                    
Ellen      11-MAY-96                                                                                                                                                                                    
Jonathon   24-MAR-98                                                                                                                                                                                    
Kimerely   24-MAY-99                                                                                                                                                                                    
Michael    17-FEB-96                                                                                                                                                                                    
Pat        17-AUG-97                                                                                                                                                                                    

11 rows selected.

SQL> SELECT FIRST_NAME , HIRE_DATE FROM EMPLOYEES WHERE HIRE_DATE > '31-DECember-95';

FIRST_NAME HIRE_DATE                                                                                                                                                                                    
---------- ---------                                                                                                                                                                                    
Diana      07-FEB-99                                                                                                                                                                                    
Kevin      16-NOV-99                                                                                                                                                                                    
Curtis     29-JAN-97                                                                                                                                                                                    
Randall    15-MAR-98                                                                                                                                                                                    
Peter      09-JUL-98                                                                                                                                                                                    
Eleni      29-JAN-00                                                                                                                                                                                    
Ellen      11-MAY-96                                                                                                                                                                                    
Jonathon   24-MAR-98                                                                                                                                                                                    
Kimerely   24-MAY-99                                                                                                                                                                                    
Michael    17-FEB-96                                                                                                                                                                                    
Pat        17-AUG-97                                                                                                                                                                                    

11 rows selected.

SQL> SELECT FIRST_NAME , HIRE_DATE FROM EMPLOYEES WHERE HIRE_DATE > '31DECember95';

FIRST_NAME HIRE_DATE                                                                                                                                                                                    
---------- ---------                                                                                                                                                                                    
Diana      07-FEB-99                                                                                                                                                                                    
Kevin      16-NOV-99                                                                                                                                                                                    
Curtis     29-JAN-97                                                                                                                                                                                    
Randall    15-MAR-98                                                                                                                                                                                    
Peter      09-JUL-98                                                                                                                                                                                    
Eleni      29-JAN-00                                                                                                                                                                                    
Ellen      11-MAY-96                                                                                                                                                                                    
Jonathon   24-MAR-98                                                                                                                                                                                    
Kimerely   24-MAY-99                                                                                                                                                                                    
Michael    17-FEB-96                                                                                                                                                                                    
Pat        17-AUG-97                                                                                                                                                                                    

11 rows selected.

SQL> SELECT FIRST_NAME , HIRE_DATE FROM EMPLOYEES WHERE HIRE_DATE > '31-12-95';
SELECT FIRST_NAME , HIRE_DATE FROM EMPLOYEES WHERE HIRE_DATE > '31-12-95'
                                                               *
ERROR at line 1:
ORA-01843: not a valid month 


SQL> SELECT FIRST_NAME , HIRE_DATE FROM EMPLOYEES WHERE HIRE_DATE > TO_DATE('31-12-95','DD-MM-RR');

FIRST_NAME HIRE_DATE                                                                                                                                                                                    
---------- ---------                                                                                                                                                                                    
Diana      07-FEB-99                                                                                                                                                                                    
Kevin      16-NOV-99                                                                                                                                                                                    
Curtis     29-JAN-97                                                                                                                                                                                    
Randall    15-MAR-98                                                                                                                                                                                    
Peter      09-JUL-98                                                                                                                                                                                    
Eleni      29-JAN-00                                                                                                                                                                                    
Ellen      11-MAY-96                                                                                                                                                                                    
Jonathon   24-MAR-98                                                                                                                                                                                    
Kimerely   24-MAY-99                                                                                                                                                                                    
Michael    17-FEB-96                                                                                                                                                                                    
Pat        17-AUG-97                                                                                                                                                                                    

11 rows selected.

SQL> REM DIFFERENCE BETWEEN YY AND RR
SQL> 
SQL> REM WHEN WE DON'T SUPPLY CENTURY VALUE IN DATE, ORACLE WILL PICK CENTURY VALUE ON IT'S OWN.
SQL> 
SQL> REM YY ALWAYS PICKS CURRENT CENTURY VALUE
SQL> 
SQL> SELECT FIRST_NAME , HIRE_DATE FROM EMPLOYEES WHERE HIRE_DATE > TO_DATE('31-12-95','DD-MM-YY');

no rows selected

SQL> REM YY CENTURY : 2000 TO 2099 : 100 YEARS : CENTURY VALUE IS 20 FOR ALL 100 YEARS.
SQL> 
SQL> REM RR CENTURY : PREVIOUS 50 YEARS : 1950 TO 1999 + CURRENT 50 YEARS : 2000 TO 2049 : RR CENTURY : 1950 TO 2049
SQL> 
SQL> REM RR WILL PICK CORRECT CENTURY IF OUR DATE VALUE IS WITHIN RR CENTURY RANGE. I.E. 1950 TO 2049
SQL> 
SQL> REM IF OUR DATE IS OUTSIDE RR CENTURY RANGE, WE NEED TO USE CENTURY VALUE.
SQL> 
SQL> REM 31-MAY-44 : 31-MAY-2044
SQL> 
SQL> 
SQL> REM TO_CHAR : TO DISPLAY NUMBER / DATE VALUES IN NON-DEFAULT/USER DEFINED FORMAT
SQL> 
SQL> REM TO_CHAR FOR DISPLAYING NUMBER VALUES IN USER DEFINED FORMATS
SQL> 
SQL> REM LIST OF FORMAT CHARACTERS FOR DISPLAYING NUMBER VALUES : 0 9   . ,   D G   $ L U   S PR MI    EEEE V
SQL> 
SQL> SELECT FIRST_NAME , SALARY , TO_CHAR(SALARY,'99999') FROM EMPLOYEES;

FIRST_NAME     SALARY TO_CHA                                                                                                                                                                            
---------- ---------- ------                                                                                                                                                                            
Steven          24000  24000                                                                                                                                                                            
Neena           17000  17000                                                                                                                                                                            
Lex             17000  17000                                                                                                                                                                            
Alexander        9000   9000                                                                                                                                                                            
Bruce            6000   6000                                                                                                                                                                            
Diana            4200   4200                                                                                                                                                                            
Kevin            5800   5800                                                                                                                                                                            
Trenna           3500   3500                                                                                                                                                                            
Curtis           3100   3100                                                                                                                                                                            
Randall          2600   2600                                                                                                                                                                            
Peter            2500   2500                                                                                                                                                                            
Eleni           10500  10500                                                                                                                                                                            
Ellen           11000  11000                                                                                                                                                                            
Jonathon         8600   8600                                                                                                                                                                            
Kimerely         7000   7000                                                                                                                                                                            
Jennifer         4400   4400                                                                                                                                                                            
Michael         13000  13000                                                                                                                                                                            
Pat              6000   6000                                                                                                                                                                            
Shelley         12000  12000                                                                                                                                                                            
William          8300   8300                                                                                                                                                                            

20 rows selected.

SQL> SELECT FIRST_NAME , SALARY , TO_CHAR(SALARY,'00000') FROM EMPLOYEES;

FIRST_NAME     SALARY TO_CHA                                                                                                                                                                            
---------- ---------- ------                                                                                                                                                                            
Steven          24000  24000                                                                                                                                                                            
Neena           17000  17000                                                                                                                                                                            
Lex             17000  17000                                                                                                                                                                            
Alexander        9000  09000                                                                                                                                                                            
Bruce            6000  06000                                                                                                                                                                            
Diana            4200  04200                                                                                                                                                                            
Kevin            5800  05800                                                                                                                                                                            
Trenna           3500  03500                                                                                                                                                                            
Curtis           3100  03100                                                                                                                                                                            
Randall          2600  02600                                                                                                                                                                            
Peter            2500  02500                                                                                                                                                                            
Eleni           10500  10500                                                                                                                                                                            
Ellen           11000  11000                                                                                                                                                                            
Jonathon         8600  08600                                                                                                                                                                            
Kimerely         7000  07000                                                                                                                                                                            
Jennifer         4400  04400                                                                                                                                                                            
Michael         13000  13000                                                                                                                                                                            
Pat              6000  06000                                                                                                                                                                            
Shelley         12000  12000                                                                                                                                                                            
William          8300  08300                                                                                                                                                                            

20 rows selected.

SQL> SELECT FIRST_NAME , SALARY , TO_CHAR(SALARY,'90909') FROM EMPLOYEES;

FIRST_NAME     SALARY TO_CHA                                                                                                                                                                            
---------- ---------- ------                                                                                                                                                                            
Steven          24000  24000                                                                                                                                                                            
Neena           17000  17000                                                                                                                                                                            
Lex             17000  17000                                                                                                                                                                            
Alexander        9000   9000                                                                                                                                                                            
Bruce            6000   6000                                                                                                                                                                            
Diana            4200   4200                                                                                                                                                                            
Kevin            5800   5800                                                                                                                                                                            
Trenna           3500   3500                                                                                                                                                                            
Curtis           3100   3100                                                                                                                                                                            
Randall          2600   2600                                                                                                                                                                            
Peter            2500   2500                                                                                                                                                                            
Eleni           10500  10500                                                                                                                                                                            
Ellen           11000  11000                                                                                                                                                                            
Jonathon         8600   8600                                                                                                                                                                            
Kimerely         7000   7000                                                                                                                                                                            
Jennifer         4400   4400                                                                                                                                                                            
Michael         13000  13000                                                                                                                                                                            
Pat              6000   6000                                                                                                                                                                            
Shelley         12000  12000                                                                                                                                                                            
William          8300   8300                                                                                                                                                                            

20 rows selected.

SQL> SELECT FIRST_NAME , SALARY , TO_CHAR(SALARY,'09090') FROM EMPLOYEES;

FIRST_NAME     SALARY TO_CHA                                                                                                                                                                            
---------- ---------- ------                                                                                                                                                                            
Steven          24000  24000                                                                                                                                                                            
Neena           17000  17000                                                                                                                                                                            
Lex             17000  17000                                                                                                                                                                            
Alexander        9000  09000                                                                                                                                                                            
Bruce            6000  06000                                                                                                                                                                            
Diana            4200  04200                                                                                                                                                                            
Kevin            5800  05800                                                                                                                                                                            
Trenna           3500  03500                                                                                                                                                                            
Curtis           3100  03100                                                                                                                                                                            
Randall          2600  02600                                                                                                                                                                            
Peter            2500  02500                                                                                                                                                                            
Eleni           10500  10500                                                                                                                                                                            
Ellen           11000  11000                                                                                                                                                                            
Jonathon         8600  08600                                                                                                                                                                            
Kimerely         7000  07000                                                                                                                                                                            
Jennifer         4400  04400                                                                                                                                                                            
Michael         13000  13000                                                                                                                                                                            
Pat              6000  06000                                                                                                                                                                            
Shelley         12000  12000                                                                                                                                                                            
William          8300  08300                                                                                                                                                                            

20 rows selected.

SQL> SELECT FIRST_NAME , SALARY , TO_CHAR(SALARY,'090909') FROM EMPLOYEES;

FIRST_NAME     SALARY TO_CHAR                                                                                                                                                                           
---------- ---------- -------                                                                                                                                                                           
Steven          24000  024000                                                                                                                                                                           
Neena           17000  017000                                                                                                                                                                           
Lex             17000  017000                                                                                                                                                                           
Alexander        9000  009000                                                                                                                                                                           
Bruce            6000  006000                                                                                                                                                                           
Diana            4200  004200                                                                                                                                                                           
Kevin            5800  005800                                                                                                                                                                           
Trenna           3500  003500                                                                                                                                                                           
Curtis           3100  003100                                                                                                                                                                           
Randall          2600  002600                                                                                                                                                                           
Peter            2500  002500                                                                                                                                                                           
Eleni           10500  010500                                                                                                                                                                           
Ellen           11000  011000                                                                                                                                                                           
Jonathon         8600  008600                                                                                                                                                                           
Kimerely         7000  007000                                                                                                                                                                           
Jennifer         4400  004400                                                                                                                                                                           
Michael         13000  013000                                                                                                                                                                           
Pat              6000  006000                                                                                                                                                                           
Shelley         12000  012000                                                                                                                                                                           
William          8300  008300                                                                                                                                                                           

20 rows selected.

SQL> SELECT FIRST_NAME , SALARY , TO_CHAR(SALARY,'9090909') FROM EMPLOYEES;

FIRST_NAME     SALARY TO_CHAR(                                                                                                                                                                          
---------- ---------- --------                                                                                                                                                                          
Steven          24000   024000                                                                                                                                                                          
Neena           17000   017000                                                                                                                                                                          
Lex             17000   017000                                                                                                                                                                          
Alexander        9000   009000                                                                                                                                                                          
Bruce            6000   006000                                                                                                                                                                          
Diana            4200   004200                                                                                                                                                                          
Kevin            5800   005800                                                                                                                                                                          
Trenna           3500   003500                                                                                                                                                                          
Curtis           3100   003100                                                                                                                                                                          
Randall          2600   002600                                                                                                                                                                          
Peter            2500   002500                                                                                                                                                                          
Eleni           10500   010500                                                                                                                                                                          
Ellen           11000   011000                                                                                                                                                                          
Jonathon         8600   008600                                                                                                                                                                          
Kimerely         7000   007000                                                                                                                                                                          
Jennifer         4400   004400                                                                                                                                                                          
Michael         13000   013000                                                                                                                                                                          
Pat              6000   006000                                                                                                                                                                          
Shelley         12000   012000                                                                                                                                                                          
William          8300   008300                                                                                                                                                                          

20 rows selected.

SQL> SELECT FIRST_NAME , SALARY , TO_CHAR(SALARY,'90909.99') FROM EMPLOYEES;

FIRST_NAME     SALARY TO_CHAR(S                                                                                                                                                                         
---------- ---------- ---------                                                                                                                                                                         
Steven          24000  24000.00                                                                                                                                                                         
Neena           17000  17000.00                                                                                                                                                                         
Lex             17000  17000.00                                                                                                                                                                         
Alexander        9000   9000.00                                                                                                                                                                         
Bruce            6000   6000.00                                                                                                                                                                         
Diana            4200   4200.00                                                                                                                                                                         
Kevin            5800   5800.00                                                                                                                                                                         
Trenna           3500   3500.00                                                                                                                                                                         
Curtis           3100   3100.00                                                                                                                                                                         
Randall          2600   2600.00                                                                                                                                                                         
Peter            2500   2500.00                                                                                                                                                                         
Eleni           10500  10500.00                                                                                                                                                                         
Ellen           11000  11000.00                                                                                                                                                                         
Jonathon         8600   8600.00                                                                                                                                                                         
Kimerely         7000   7000.00                                                                                                                                                                         
Jennifer         4400   4400.00                                                                                                                                                                         
Michael         13000  13000.00                                                                                                                                                                         
Pat              6000   6000.00                                                                                                                                                                         
Shelley         12000  12000.00                                                                                                                                                                         
William          8300   8300.00                                                                                                                                                                         

20 rows selected.

SQL> SELECT FIRST_NAME , SALARY , TO_CHAR(SALARY,'90909.00') FROM EMPLOYEES;

FIRST_NAME     SALARY TO_CHAR(S                                                                                                                                                                         
---------- ---------- ---------                                                                                                                                                                         
Steven          24000  24000.00                                                                                                                                                                         
Neena           17000  17000.00                                                                                                                                                                         
Lex             17000  17000.00                                                                                                                                                                         
Alexander        9000   9000.00                                                                                                                                                                         
Bruce            6000   6000.00                                                                                                                                                                         
Diana            4200   4200.00                                                                                                                                                                         
Kevin            5800   5800.00                                                                                                                                                                         
Trenna           3500   3500.00                                                                                                                                                                         
Curtis           3100   3100.00                                                                                                                                                                         
Randall          2600   2600.00                                                                                                                                                                         
Peter            2500   2500.00                                                                                                                                                                         
Eleni           10500  10500.00                                                                                                                                                                         
Ellen           11000  11000.00                                                                                                                                                                         
Jonathon         8600   8600.00                                                                                                                                                                         
Kimerely         7000   7000.00                                                                                                                                                                         
Jennifer         4400   4400.00                                                                                                                                                                         
Michael         13000  13000.00                                                                                                                                                                         
Pat              6000   6000.00                                                                                                                                                                         
Shelley         12000  12000.00                                                                                                                                                                         
William          8300   8300.00                                                                                                                                                                         

20 rows selected.

SQL> SELECT FIRST_NAME , SALARY , TO_CHAR(SALARY,'90909.09') FROM EMPLOYEES;

FIRST_NAME     SALARY TO_CHAR(S                                                                                                                                                                         
---------- ---------- ---------                                                                                                                                                                         
Steven          24000  24000.00                                                                                                                                                                         
Neena           17000  17000.00                                                                                                                                                                         
Lex             17000  17000.00                                                                                                                                                                         
Alexander        9000   9000.00                                                                                                                                                                         
Bruce            6000   6000.00                                                                                                                                                                         
Diana            4200   4200.00                                                                                                                                                                         
Kevin            5800   5800.00                                                                                                                                                                         
Trenna           3500   3500.00                                                                                                                                                                         
Curtis           3100   3100.00                                                                                                                                                                         
Randall          2600   2600.00                                                                                                                                                                         
Peter            2500   2500.00                                                                                                                                                                         
Eleni           10500  10500.00                                                                                                                                                                         
Ellen           11000  11000.00                                                                                                                                                                         
Jonathon         8600   8600.00                                                                                                                                                                         
Kimerely         7000   7000.00                                                                                                                                                                         
Jennifer         4400   4400.00                                                                                                                                                                         
Michael         13000  13000.00                                                                                                                                                                         
Pat              6000   6000.00                                                                                                                                                                         
Shelley         12000  12000.00                                                                                                                                                                         
William          8300   8300.00                                                                                                                                                                         

20 rows selected.

SQL> SELECT FIRST_NAME , SALARY , TO_CHAR(SALARY,'9090') FROM EMPLOYEES;

FIRST_NAME     SALARY TO_CH                                                                                                                                                                             
---------- ---------- -----                                                                                                                                                                             
Steven          24000 #####                                                                                                                                                                             
Neena           17000 #####                                                                                                                                                                             
Lex             17000 #####                                                                                                                                                                             
Alexander        9000  9000                                                                                                                                                                             
Bruce            6000  6000                                                                                                                                                                             
Diana            4200  4200                                                                                                                                                                             
Kevin            5800  5800                                                                                                                                                                             
Trenna           3500  3500                                                                                                                                                                             
Curtis           3100  3100                                                                                                                                                                             
Randall          2600  2600                                                                                                                                                                             
Peter            2500  2500                                                                                                                                                                             
Eleni           10500 #####                                                                                                                                                                             
Ellen           11000 #####                                                                                                                                                                             
Jonathon         8600  8600                                                                                                                                                                             
Kimerely         7000  7000                                                                                                                                                                             
Jennifer         4400  4400                                                                                                                                                                             
Michael         13000 #####                                                                                                                                                                             
Pat              6000  6000                                                                                                                                                                             
Shelley         12000 #####                                                                                                                                                                             
William          8300  8300                                                                                                                                                                             

20 rows selected.

SQL> SELECT FIRST_NAME , SALARY , TO_CHAR(SALARY,'90,900.99') FROM EMPLOYEES;

FIRST_NAME     SALARY TO_CHAR(SA                                                                                                                                                                        
---------- ---------- ----------                                                                                                                                                                        
Steven          24000  24,000.00                                                                                                                                                                        
Neena           17000  17,000.00                                                                                                                                                                        
Lex             17000  17,000.00                                                                                                                                                                        
Alexander        9000   9,000.00                                                                                                                                                                        
Bruce            6000   6,000.00                                                                                                                                                                        
Diana            4200   4,200.00                                                                                                                                                                        
Kevin            5800   5,800.00                                                                                                                                                                        
Trenna           3500   3,500.00                                                                                                                                                                        
Curtis           3100   3,100.00                                                                                                                                                                        
Randall          2600   2,600.00                                                                                                                                                                        
Peter            2500   2,500.00                                                                                                                                                                        
Eleni           10500  10,500.00                                                                                                                                                                        
Ellen           11000  11,000.00                                                                                                                                                                        
Jonathon         8600   8,600.00                                                                                                                                                                        
Kimerely         7000   7,000.00                                                                                                                                                                        
Jennifer         4400   4,400.00                                                                                                                                                                        
Michael         13000  13,000.00                                                                                                                                                                        
Pat              6000   6,000.00                                                                                                                                                                        
Shelley         12000  12,000.00                                                                                                                                                                        
William          8300   8,300.00                                                                                                                                                                        

20 rows selected.

SQL> SELECT FIRST_NAME , SALARY , TO_CHAR(SALARY,'90,900.9') FROM EMPLOYEES;

FIRST_NAME     SALARY TO_CHAR(S                                                                                                                                                                         
---------- ---------- ---------                                                                                                                                                                         
Steven          24000  24,000.0                                                                                                                                                                         
Neena           17000  17,000.0                                                                                                                                                                         
Lex             17000  17,000.0                                                                                                                                                                         
Alexander        9000   9,000.0                                                                                                                                                                         
Bruce            6000   6,000.0                                                                                                                                                                         
Diana            4200   4,200.0                                                                                                                                                                         
Kevin            5800   5,800.0                                                                                                                                                                         
Trenna           3500   3,500.0                                                                                                                                                                         
Curtis           3100   3,100.0                                                                                                                                                                         
Randall          2600   2,600.0                                                                                                                                                                         
Peter            2500   2,500.0                                                                                                                                                                         
Eleni           10500  10,500.0                                                                                                                                                                         
Ellen           11000  11,000.0                                                                                                                                                                         
Jonathon         8600   8,600.0                                                                                                                                                                         
Kimerely         7000   7,000.0                                                                                                                                                                         
Jennifer         4400   4,400.0                                                                                                                                                                         
Michael         13000  13,000.0                                                                                                                                                                         
Pat              6000   6,000.0                                                                                                                                                                         
Shelley         12000  12,000.0                                                                                                                                                                         
William          8300   8,300.0                                                                                                                                                                         

20 rows selected.

SQL> SELECT FIRST_NAME , SALARY , TO_CHAR(SALARY,'9,09,00.9') FROM EMPLOYEES;

FIRST_NAME     SALARY TO_CHAR(SA                                                                                                                                                                        
---------- ---------- ----------                                                                                                                                                                        
Steven          24000  2,40,00.0                                                                                                                                                                        
Neena           17000  1,70,00.0                                                                                                                                                                        
Lex             17000  1,70,00.0                                                                                                                                                                        
Alexander        9000    90,00.0                                                                                                                                                                        
Bruce            6000    60,00.0                                                                                                                                                                        
Diana            4200    42,00.0                                                                                                                                                                        
Kevin            5800    58,00.0                                                                                                                                                                        
Trenna           3500    35,00.0                                                                                                                                                                        
Curtis           3100    31,00.0                                                                                                                                                                        
Randall          2600    26,00.0                                                                                                                                                                        
Peter            2500    25,00.0                                                                                                                                                                        
Eleni           10500  1,05,00.0                                                                                                                                                                        
Ellen           11000  1,10,00.0                                                                                                                                                                        
Jonathon         8600    86,00.0                                                                                                                                                                        
Kimerely         7000    70,00.0                                                                                                                                                                        
Jennifer         4400    44,00.0                                                                                                                                                                        
Michael         13000  1,30,00.0                                                                                                                                                                        
Pat              6000    60,00.0                                                                                                                                                                        
Shelley         12000  1,20,00.0                                                                                                                                                                        
William          8300    83,00.0                                                                                                                                                                        

20 rows selected.

SQL> SELECT FIRST_NAME , SALARY , TO_CHAR(SALARY,'90,900.9') FROM EMPLOYEES;

FIRST_NAME     SALARY TO_CHAR(S                                                                                                                                                                         
---------- ---------- ---------                                                                                                                                                                         
Steven          24000  24,000.0                                                                                                                                                                         
Neena           17000  17,000.0                                                                                                                                                                         
Lex             17000  17,000.0                                                                                                                                                                         
Alexander        9000   9,000.0                                                                                                                                                                         
Bruce            6000   6,000.0                                                                                                                                                                         
Diana            4200   4,200.0                                                                                                                                                                         
Kevin            5800   5,800.0                                                                                                                                                                         
Trenna           3500   3,500.0                                                                                                                                                                         
Curtis           3100   3,100.0                                                                                                                                                                         
Randall          2600   2,600.0                                                                                                                                                                         
Peter            2500   2,500.0                                                                                                                                                                         
Eleni           10500  10,500.0                                                                                                                                                                         
Ellen           11000  11,000.0                                                                                                                                                                         
Jonathon         8600   8,600.0                                                                                                                                                                         
Kimerely         7000   7,000.0                                                                                                                                                                         
Jennifer         4400   4,400.0                                                                                                                                                                         
Michael         13000  13,000.0                                                                                                                                                                         
Pat              6000   6,000.0                                                                                                                                                                         
Shelley         12000  12,000.0                                                                                                                                                                         
William          8300   8,300.0                                                                                                                                                                         

20 rows selected.

SQL> SELECT FIRST_NAME , SALARY , TO_CHAR(SALARY,'90,900.90') FROM EMPLOYEES;

FIRST_NAME     SALARY TO_CHAR(SA                                                                                                                                                                        
---------- ---------- ----------                                                                                                                                                                        
Steven          24000  24,000.00                                                                                                                                                                        
Neena           17000  17,000.00                                                                                                                                                                        
Lex             17000  17,000.00                                                                                                                                                                        
Alexander        9000   9,000.00                                                                                                                                                                        
Bruce            6000   6,000.00                                                                                                                                                                        
Diana            4200   4,200.00                                                                                                                                                                        
Kevin            5800   5,800.00                                                                                                                                                                        
Trenna           3500   3,500.00                                                                                                                                                                        
Curtis           3100   3,100.00                                                                                                                                                                        
Randall          2600   2,600.00                                                                                                                                                                        
Peter            2500   2,500.00                                                                                                                                                                        
Eleni           10500  10,500.00                                                                                                                                                                        
Ellen           11000  11,000.00                                                                                                                                                                        
Jonathon         8600   8,600.00                                                                                                                                                                        
Kimerely         7000   7,000.00                                                                                                                                                                        
Jennifer         4400   4,400.00                                                                                                                                                                        
Michael         13000  13,000.00                                                                                                                                                                        
Pat              6000   6,000.00                                                                                                                                                                        
Shelley         12000  12,000.00                                                                                                                                                                        
William          8300   8,300.00                                                                                                                                                                        

20 rows selected.

SQL> SELECT FIRST_NAME , SALARY , TO_CHAR(SALARY,'90|900~99') FROM EMPLOYEES;
SELECT FIRST_NAME , SALARY , TO_CHAR(SALARY,'90|900~99') FROM EMPLOYEES
                                            *
ERROR at line 1:
ORA-01481: invalid number format model 


SQL> SELECT FIRST_NAME , SALARY , TO_CHAR(SALARY,'90G900D90') FROM EMPLOYEES;

FIRST_NAME     SALARY TO_CHAR(SA                                                                                                                                                                        
---------- ---------- ----------                                                                                                                                                                        
Steven          24000  24,000.00                                                                                                                                                                        
Neena           17000  17,000.00                                                                                                                                                                        
Lex             17000  17,000.00                                                                                                                                                                        
Alexander        9000   9,000.00                                                                                                                                                                        
Bruce            6000   6,000.00                                                                                                                                                                        
Diana            4200   4,200.00                                                                                                                                                                        
Kevin            5800   5,800.00                                                                                                                                                                        
Trenna           3500   3,500.00                                                                                                                                                                        
Curtis           3100   3,100.00                                                                                                                                                                        
Randall          2600   2,600.00                                                                                                                                                                        
Peter            2500   2,500.00                                                                                                                                                                        
Eleni           10500  10,500.00                                                                                                                                                                        
Ellen           11000  11,000.00                                                                                                                                                                        
Jonathon         8600   8,600.00                                                                                                                                                                        
Kimerely         7000   7,000.00                                                                                                                                                                        
Jennifer         4400   4,400.00                                                                                                                                                                        
Michael         13000  13,000.00                                                                                                                                                                        
Pat              6000   6,000.00                                                                                                                                                                        
Shelley         12000  12,000.00                                                                                                                                                                        
William          8300   8,300.00                                                                                                                                                                        

20 rows selected.

SQL> COL PARAMETER FORMAT A30
SQL> COL VALUE FORMAT A30
SQL> 
SQL> SELECT * FROM NLS_SESSION_PARAMETERS;

PARAMETER                      VALUE                                                                                                                                                                    
------------------------------ ------------------------------                                                                                                                                           
NLS_LANGUAGE                   AMERICAN                                                                                                                                                                 
NLS_TERRITORY                  AMERICA                                                                                                                                                                  
NLS_CURRENCY                   $                                                                                                                                                                        
NLS_ISO_CURRENCY               AMERICA                                                                                                                                                                  
NLS_NUMERIC_CHARACTERS         .,                                                                                                                                                                       
NLS_CALENDAR                   GREGORIAN                                                                                                                                                                
NLS_DATE_FORMAT                DD-MON-RR                                                                                                                                                                
NLS_DATE_LANGUAGE              AMERICAN                                                                                                                                                                 
NLS_SORT                       BINARY                                                                                                                                                                   
NLS_TIME_FORMAT                HH.MI.SSXFF AM                                                                                                                                                           
NLS_TIMESTAMP_FORMAT           DD-MON-RR HH.MI.SSXFF AM                                                                                                                                                 
NLS_TIME_TZ_FORMAT             HH.MI.SSXFF AM TZR                                                                                                                                                       
NLS_TIMESTAMP_TZ_FORMAT        DD-MON-RR HH.MI.SSXFF AM TZR                                                                                                                                             
NLS_DUAL_CURRENCY              $                                                                                                                                                                        
NLS_COMP                       BINARY                                                                                                                                                                   
NLS_LENGTH_SEMANTICS           BYTE                                                                                                                                                                     
NLS_NCHAR_CONV_EXCP            FALSE                                                                                                                                                                    

17 rows selected.

SQL> ALTER SESSION SET NLS_NUMERIC_CHARACTERS = '~|';

Session altered.

SQL> 
SQL> SELECT * FROM NLS_SESSION_PARAMETERS;

PARAMETER                      VALUE                                                                                                                                                                    
------------------------------ ------------------------------                                                                                                                                           
NLS_LANGUAGE                   AMERICAN                                                                                                                                                                 
NLS_TERRITORY                  AMERICA                                                                                                                                                                  
NLS_CURRENCY                   $                                                                                                                                                                        
NLS_ISO_CURRENCY               AMERICA                                                                                                                                                                  
NLS_NUMERIC_CHARACTERS         ~|                                                                                                                                                                       
NLS_CALENDAR                   GREGORIAN                                                                                                                                                                
NLS_DATE_FORMAT                DD-MON-RR                                                                                                                                                                
NLS_DATE_LANGUAGE              AMERICAN                                                                                                                                                                 
NLS_SORT                       BINARY                                                                                                                                                                   
NLS_TIME_FORMAT                HH.MI.SSXFF AM                                                                                                                                                           
NLS_TIMESTAMP_FORMAT           DD-MON-RR HH.MI.SSXFF AM                                                                                                                                                 
NLS_TIME_TZ_FORMAT             HH.MI.SSXFF AM TZR                                                                                                                                                       
NLS_TIMESTAMP_TZ_FORMAT        DD-MON-RR HH.MI.SSXFF AM TZR                                                                                                                                             
NLS_DUAL_CURRENCY              $                                                                                                                                                                        
NLS_COMP                       BINARY                                                                                                                                                                   
NLS_LENGTH_SEMANTICS           BYTE                                                                                                                                                                     
NLS_NCHAR_CONV_EXCP            FALSE                                                                                                                                                                    

17 rows selected.

SQL> SELECT FIRST_NAME , SALARY , TO_CHAR(SALARY,'90|900~99') FROM EMPLOYEES;
SELECT FIRST_NAME , SALARY , TO_CHAR(SALARY,'90|900~99') FROM EMPLOYEES
                                            *
ERROR at line 1:
ORA-01481: invalid number format model 


SQL> SELECT FIRST_NAME , SALARY , TO_CHAR(SALARY,'90G900D90') FROM EMPLOYEES;

FIRST_NAME     SALARY TO_CHAR(SA                                                                                                                                                                        
---------- ---------- ----------                                                                                                                                                                        
Steven          24000  24|000~00                                                                                                                                                                        
Neena           17000  17|000~00                                                                                                                                                                        
Lex             17000  17|000~00                                                                                                                                                                        
Alexander        9000   9|000~00                                                                                                                                                                        
Bruce            6000   6|000~00                                                                                                                                                                        
Diana            4200   4|200~00                                                                                                                                                                        
Kevin            5800   5|800~00                                                                                                                                                                        
Trenna           3500   3|500~00                                                                                                                                                                        
Curtis           3100   3|100~00                                                                                                                                                                        
Randall          2600   2|600~00                                                                                                                                                                        
Peter            2500   2|500~00                                                                                                                                                                        
Eleni           10500  10|500~00                                                                                                                                                                        
Ellen           11000  11|000~00                                                                                                                                                                        
Jonathon         8600   8|600~00                                                                                                                                                                        
Kimerely         7000   7|000~00                                                                                                                                                                        
Jennifer         4400   4|400~00                                                                                                                                                                        
Michael         13000  13|000~00                                                                                                                                                                        
Pat              6000   6|000~00                                                                                                                                                                        
Shelley         12000  12|000~00                                                                                                                                                                        
William          8300   8|300~00                                                                                                                                                                        

20 rows selected.

SQL> SELECT FIRST_NAME , SALARY , TO_CHAR(SALARY,'90,900.90') FROM EMPLOYEES;

FIRST_NAME     SALARY TO_CHAR(SA                                                                                                                                                                        
---------- ---------- ----------                                                                                                                                                                        
Steven          24000  24,000.00                                                                                                                                                                        
Neena           17000  17,000.00                                                                                                                                                                        
Lex             17000  17,000.00                                                                                                                                                                        
Alexander        9000   9,000.00                                                                                                                                                                        
Bruce            6000   6,000.00                                                                                                                                                                        
Diana            4200   4,200.00                                                                                                                                                                        
Kevin            5800   5,800.00                                                                                                                                                                        
Trenna           3500   3,500.00                                                                                                                                                                        
Curtis           3100   3,100.00                                                                                                                                                                        
Randall          2600   2,600.00                                                                                                                                                                        
Peter            2500   2,500.00                                                                                                                                                                        
Eleni           10500  10,500.00                                                                                                                                                                        
Ellen           11000  11,000.00                                                                                                                                                                        
Jonathon         8600   8,600.00                                                                                                                                                                        
Kimerely         7000   7,000.00                                                                                                                                                                        
Jennifer         4400   4,400.00                                                                                                                                                                        
Michael         13000  13,000.00                                                                                                                                                                        
Pat              6000   6,000.00                                                                                                                                                                        
Shelley         12000  12,000.00                                                                                                                                                                        
William          8300   8,300.00                                                                                                                                                                        

20 rows selected.

SQL> SELECT FIRST_NAME , SALARY , TO_CHAR(SALARY,'90G900.90') FROM EMPLOYEES;
SELECT FIRST_NAME , SALARY , TO_CHAR(SALARY,'90G900.90') FROM EMPLOYEES
                                            *
ERROR at line 1:
ORA-01481: invalid number format model 


SQL> SELECT FIRST_NAME , SALARY , TO_CHAR(SALARY,'90,900D90') FROM EMPLOYEES;
SELECT FIRST_NAME , SALARY , TO_CHAR(SALARY,'90,900D90') FROM EMPLOYEES
                                            *
ERROR at line 1:
ORA-01481: invalid number format model 


SQL> SELECT FIRST_NAME , SALARY , TO_CHAR(SALARY,'90|900D90') FROM EMPLOYEES;
SELECT FIRST_NAME , SALARY , TO_CHAR(SALARY,'90|900D90') FROM EMPLOYEES
                                            *
ERROR at line 1:
ORA-01481: invalid number format model 


SQL> SELECT FIRST_NAME , SALARY , TO_CHAR(SALARY,'90D900G90') FROM EMPLOYEES;
SELECT FIRST_NAME , SALARY , TO_CHAR(SALARY,'90D900G90') FROM EMPLOYEES
                                            *
ERROR at line 1:
ORA-01481: invalid number format model 


SQL> SELECT FIRST_NAME , SALARY , TO_CHAR(SALARY,'$90,900.90') FROM EMPLOYEES;

FIRST_NAME     SALARY TO_CHAR(SAL                                                                                                                                                                       
---------- ---------- -----------                                                                                                                                                                       
Steven          24000  $24,000.00                                                                                                                                                                       
Neena           17000  $17,000.00                                                                                                                                                                       
Lex             17000  $17,000.00                                                                                                                                                                       
Alexander        9000   $9,000.00                                                                                                                                                                       
Bruce            6000   $6,000.00                                                                                                                                                                       
Diana            4200   $4,200.00                                                                                                                                                                       
Kevin            5800   $5,800.00                                                                                                                                                                       
Trenna           3500   $3,500.00                                                                                                                                                                       
Curtis           3100   $3,100.00                                                                                                                                                                       
Randall          2600   $2,600.00                                                                                                                                                                       
Peter            2500   $2,500.00                                                                                                                                                                       
Eleni           10500  $10,500.00                                                                                                                                                                       
Ellen           11000  $11,000.00                                                                                                                                                                       
Jonathon         8600   $8,600.00                                                                                                                                                                       
Kimerely         7000   $7,000.00                                                                                                                                                                       
Jennifer         4400   $4,400.00                                                                                                                                                                       
Michael         13000  $13,000.00                                                                                                                                                                       
Pat              6000   $6,000.00                                                                                                                                                                       
Shelley         12000  $12,000.00                                                                                                                                                                       
William          8300   $8,300.00                                                                                                                                                                       

20 rows selected.

SQL> SELECT FIRST_NAME , SALARY , TO_CHAR(SALARY,'Rs.90,900.90') FROM EMPLOYEES;
SELECT FIRST_NAME , SALARY , TO_CHAR(SALARY,'Rs.90,900.90') FROM EMPLOYEES
                                            *
ERROR at line 1:
ORA-01481: invalid number format model 


SQL> REM LIST OF FORMAT CHARACTERS FOR DISPLAYING NUMBER VALUES : 0 9   . ,   D G   $ L U   S PR MI    EEEE V
SQL> 
SQL> SELECT FIRST_NAME , SALARY , TO_CHAR(SALARY,'L90,900.90') FROM EMPLOYEES;

FIRST_NAME     SALARY TO_CHAR(SALARY,'L90,                                                                                                                                                              
---------- ---------- --------------------                                                                                                                                                              
Steven          24000           $24,000.00                                                                                                                                                              
Neena           17000           $17,000.00                                                                                                                                                              
Lex             17000           $17,000.00                                                                                                                                                              
Alexander        9000            $9,000.00                                                                                                                                                              
Bruce            6000            $6,000.00                                                                                                                                                              
Diana            4200            $4,200.00                                                                                                                                                              
Kevin            5800            $5,800.00                                                                                                                                                              
Trenna           3500            $3,500.00                                                                                                                                                              
Curtis           3100            $3,100.00                                                                                                                                                              
Randall          2600            $2,600.00                                                                                                                                                              
Peter            2500            $2,500.00                                                                                                                                                              
Eleni           10500           $10,500.00                                                                                                                                                              
Ellen           11000           $11,000.00                                                                                                                                                              
Jonathon         8600            $8,600.00                                                                                                                                                              
Kimerely         7000            $7,000.00                                                                                                                                                              
Jennifer         4400            $4,400.00                                                                                                                                                              
Michael         13000           $13,000.00                                                                                                                                                              
Pat              6000            $6,000.00                                                                                                                                                              
Shelley         12000           $12,000.00                                                                                                                                                              
William          8300            $8,300.00                                                                                                                                                              

20 rows selected.

SQL> SELECT * FROM NLS_SESSION_PARAMETERS;

PARAMETER                      VALUE                                                                                                                                                                    
------------------------------ ------------------------------                                                                                                                                           
NLS_LANGUAGE                   AMERICAN                                                                                                                                                                 
NLS_TERRITORY                  AMERICA                                                                                                                                                                  
NLS_CURRENCY                   $                                                                                                                                                                        
NLS_ISO_CURRENCY               AMERICA                                                                                                                                                                  
NLS_NUMERIC_CHARACTERS         ~|                                                                                                                                                                       
NLS_CALENDAR                   GREGORIAN                                                                                                                                                                
NLS_DATE_FORMAT                DD-MON-RR                                                                                                                                                                
NLS_DATE_LANGUAGE              AMERICAN                                                                                                                                                                 
NLS_SORT                       BINARY                                                                                                                                                                   
NLS_TIME_FORMAT                HH.MI.SSXFF AM                                                                                                                                                           
NLS_TIMESTAMP_FORMAT           DD-MON-RR HH.MI.SSXFF AM                                                                                                                                                 
NLS_TIME_TZ_FORMAT             HH.MI.SSXFF AM TZR                                                                                                                                                       
NLS_TIMESTAMP_TZ_FORMAT        DD-MON-RR HH.MI.SSXFF AM TZR                                                                                                                                             
NLS_DUAL_CURRENCY              $                                                                                                                                                                        
NLS_COMP                       BINARY                                                                                                                                                                   
NLS_LENGTH_SEMANTICS           BYTE                                                                                                                                                                     
NLS_NCHAR_CONV_EXCP            FALSE                                                                                                                                                                    

17 rows selected.

SQL> SELECT FIRST_NAME , SALARY , TO_CHAR(SALARY,'U90,900.90') FROM EMPLOYEES;

FIRST_NAME     SALARY TO_CHAR(SALARY,'U90,                                                                                                                                                              
---------- ---------- --------------------                                                                                                                                                              
Steven          24000           $24,000.00                                                                                                                                                              
Neena           17000           $17,000.00                                                                                                                                                              
Lex             17000           $17,000.00                                                                                                                                                              
Alexander        9000            $9,000.00                                                                                                                                                              
Bruce            6000            $6,000.00                                                                                                                                                              
Diana            4200            $4,200.00                                                                                                                                                              
Kevin            5800            $5,800.00                                                                                                                                                              
Trenna           3500            $3,500.00                                                                                                                                                              
Curtis           3100            $3,100.00                                                                                                                                                              
Randall          2600            $2,600.00                                                                                                                                                              
Peter            2500            $2,500.00                                                                                                                                                              
Eleni           10500           $10,500.00                                                                                                                                                              
Ellen           11000           $11,000.00                                                                                                                                                              
Jonathon         8600            $8,600.00                                                                                                                                                              
Kimerely         7000            $7,000.00                                                                                                                                                              
Jennifer         4400            $4,400.00                                                                                                                                                              
Michael         13000           $13,000.00                                                                                                                                                              
Pat              6000            $6,000.00                                                                                                                                                              
Shelley         12000           $12,000.00                                                                                                                                                              
William          8300            $8,300.00                                                                                                                                                              

20 rows selected.

SQL> REM D = DECIMAL POINT
SQL> 
SQL> REM G = GROUP SEPARATOR
SQL> 
SQL> REM L = LOCAL CURRENCY
SQL> 
SQL> REM U = EURO/DUAL CURRENCY
SQL> 
SQL> REM S = SIGN
SQL> 
SQL> REM MI = MINUS
SQL> 
SQL> REM PR = PARENTHESIZED
SQL> 
SQL> REM EEEE = FOR SCIENTIFIC NOTATION/EXPONENTIATION STYLE
SQL> 
SQL> ALTER SESSION SET NLS_CURRENCY = 'Rs.';

Session altered.

SQL> ALTER SESSION SET NLS_DUAL_CURRENCY = ' CAD';

Session altered.

SQL> 
SQL> SELECT FIRST_NAME , SALARY , TO_CHAR(SALARY,'$90,900.90') FROM EMPLOYEES;

FIRST_NAME     SALARY TO_CHAR(SAL                                                                                                                                                                       
---------- ---------- -----------                                                                                                                                                                       
Steven          24000  $24,000.00                                                                                                                                                                       
Neena           17000  $17,000.00                                                                                                                                                                       
Lex             17000  $17,000.00                                                                                                                                                                       
Alexander        9000   $9,000.00                                                                                                                                                                       
Bruce            6000   $6,000.00                                                                                                                                                                       
Diana            4200   $4,200.00                                                                                                                                                                       
Kevin            5800   $5,800.00                                                                                                                                                                       
Trenna           3500   $3,500.00                                                                                                                                                                       
Curtis           3100   $3,100.00                                                                                                                                                                       
Randall          2600   $2,600.00                                                                                                                                                                       
Peter            2500   $2,500.00                                                                                                                                                                       
Eleni           10500  $10,500.00                                                                                                                                                                       
Ellen           11000  $11,000.00                                                                                                                                                                       
Jonathon         8600   $8,600.00                                                                                                                                                                       
Kimerely         7000   $7,000.00                                                                                                                                                                       
Jennifer         4400   $4,400.00                                                                                                                                                                       
Michael         13000  $13,000.00                                                                                                                                                                       
Pat              6000   $6,000.00                                                                                                                                                                       
Shelley         12000  $12,000.00                                                                                                                                                                       
William          8300   $8,300.00                                                                                                                                                                       

20 rows selected.

SQL> SELECT FIRST_NAME , SALARY , TO_CHAR(SALARY,'90$,900.90') FROM EMPLOYEES;

FIRST_NAME     SALARY TO_CHAR(SAL                                                                                                                                                                       
---------- ---------- -----------                                                                                                                                                                       
Steven          24000  $24,000.00                                                                                                                                                                       
Neena           17000  $17,000.00                                                                                                                                                                       
Lex             17000  $17,000.00                                                                                                                                                                       
Alexander        9000   $9,000.00                                                                                                                                                                       
Bruce            6000   $6,000.00                                                                                                                                                                       
Diana            4200   $4,200.00                                                                                                                                                                       
Kevin            5800   $5,800.00                                                                                                                                                                       
Trenna           3500   $3,500.00                                                                                                                                                                       
Curtis           3100   $3,100.00                                                                                                                                                                       
Randall          2600   $2,600.00                                                                                                                                                                       
Peter            2500   $2,500.00                                                                                                                                                                       
Eleni           10500  $10,500.00                                                                                                                                                                       
Ellen           11000  $11,000.00                                                                                                                                                                       
Jonathon         8600   $8,600.00                                                                                                                                                                       
Kimerely         7000   $7,000.00                                                                                                                                                                       
Jennifer         4400   $4,400.00                                                                                                                                                                       
Michael         13000  $13,000.00                                                                                                                                                                       
Pat              6000   $6,000.00                                                                                                                                                                       
Shelley         12000  $12,000.00                                                                                                                                                                       
William          8300   $8,300.00                                                                                                                                                                       

20 rows selected.

SQL> SELECT FIRST_NAME , SALARY , TO_CHAR(SALARY,'90,9$00.90') FROM EMPLOYEES;

FIRST_NAME     SALARY TO_CHAR(SAL                                                                                                                                                                       
---------- ---------- -----------                                                                                                                                                                       
Steven          24000  $24,000.00                                                                                                                                                                       
Neena           17000  $17,000.00                                                                                                                                                                       
Lex             17000  $17,000.00                                                                                                                                                                       
Alexander        9000   $9,000.00                                                                                                                                                                       
Bruce            6000   $6,000.00                                                                                                                                                                       
Diana            4200   $4,200.00                                                                                                                                                                       
Kevin            5800   $5,800.00                                                                                                                                                                       
Trenna           3500   $3,500.00                                                                                                                                                                       
Curtis           3100   $3,100.00                                                                                                                                                                       
Randall          2600   $2,600.00                                                                                                                                                                       
Peter            2500   $2,500.00                                                                                                                                                                       
Eleni           10500  $10,500.00                                                                                                                                                                       
Ellen           11000  $11,000.00                                                                                                                                                                       
Jonathon         8600   $8,600.00                                                                                                                                                                       
Kimerely         7000   $7,000.00                                                                                                                                                                       
Jennifer         4400   $4,400.00                                                                                                                                                                       
Michael         13000  $13,000.00                                                                                                                                                                       
Pat              6000   $6,000.00                                                                                                                                                                       
Shelley         12000  $12,000.00                                                                                                                                                                       
William          8300   $8,300.00                                                                                                                                                                       

20 rows selected.

SQL> SELECT FIRST_NAME , SALARY , TO_CHAR(SALARY,'90,900.90$') FROM EMPLOYEES;

FIRST_NAME     SALARY TO_CHAR(SAL                                                                                                                                                                       
---------- ---------- -----------                                                                                                                                                                       
Steven          24000  $24,000.00                                                                                                                                                                       
Neena           17000  $17,000.00                                                                                                                                                                       
Lex             17000  $17,000.00                                                                                                                                                                       
Alexander        9000   $9,000.00                                                                                                                                                                       
Bruce            6000   $6,000.00                                                                                                                                                                       
Diana            4200   $4,200.00                                                                                                                                                                       
Kevin            5800   $5,800.00                                                                                                                                                                       
Trenna           3500   $3,500.00                                                                                                                                                                       
Curtis           3100   $3,100.00                                                                                                                                                                       
Randall          2600   $2,600.00                                                                                                                                                                       
Peter            2500   $2,500.00                                                                                                                                                                       
Eleni           10500  $10,500.00                                                                                                                                                                       
Ellen           11000  $11,000.00                                                                                                                                                                       
Jonathon         8600   $8,600.00                                                                                                                                                                       
Kimerely         7000   $7,000.00                                                                                                                                                                       
Jennifer         4400   $4,400.00                                                                                                                                                                       
Michael         13000  $13,000.00                                                                                                                                                                       
Pat              6000   $6,000.00                                                                                                                                                                       
Shelley         12000  $12,000.00                                                                                                                                                                       
William          8300   $8,300.00                                                                                                                                                                       

20 rows selected.

SQL> SELECT FIRST_NAME , SALARY , TO_CHAR(SALARY,'90,$900.90$') FROM EMPLOYEES;
SELECT FIRST_NAME , SALARY , TO_CHAR(SALARY,'90,$900.90$') FROM EMPLOYEES
                                            *
ERROR at line 1:
ORA-01481: invalid number format model 


SQL> SELECT FIRST_NAME , SALARY , TO_CHAR(SALARY,'L90,900.90') FROM EMPLOYEES;

FIRST_NAME     SALARY TO_CHAR(SALARY,'L90,                                                                                                                                                              
---------- ---------- --------------------                                                                                                                                                              
Steven          24000         Rs.24,000.00                                                                                                                                                              
Neena           17000         Rs.17,000.00                                                                                                                                                              
Lex             17000         Rs.17,000.00                                                                                                                                                              
Alexander        9000          Rs.9,000.00                                                                                                                                                              
Bruce            6000          Rs.6,000.00                                                                                                                                                              
Diana            4200          Rs.4,200.00                                                                                                                                                              
Kevin            5800          Rs.5,800.00                                                                                                                                                              
Trenna           3500          Rs.3,500.00                                                                                                                                                              
Curtis           3100          Rs.3,100.00                                                                                                                                                              
Randall          2600          Rs.2,600.00                                                                                                                                                              
Peter            2500          Rs.2,500.00                                                                                                                                                              
Eleni           10500         Rs.10,500.00                                                                                                                                                              
Ellen           11000         Rs.11,000.00                                                                                                                                                              
Jonathon         8600          Rs.8,600.00                                                                                                                                                              
Kimerely         7000          Rs.7,000.00                                                                                                                                                              
Jennifer         4400          Rs.4,400.00                                                                                                                                                              
Michael         13000         Rs.13,000.00                                                                                                                                                              
Pat              6000          Rs.6,000.00                                                                                                                                                              
Shelley         12000         Rs.12,000.00                                                                                                                                                              
William          8300          Rs.8,300.00                                                                                                                                                              

20 rows selected.

SQL> SELECT FIRST_NAME , SALARY , TO_CHAR(SALARY,'90,900.90L') FROM EMPLOYEES;

FIRST_NAME     SALARY TO_CHAR(SALARY,'90,9                                                                                                                                                              
---------- ---------- --------------------                                                                                                                                                              
Steven          24000         24,000.00Rs.                                                                                                                                                              
Neena           17000         17,000.00Rs.                                                                                                                                                              
Lex             17000         17,000.00Rs.                                                                                                                                                              
Alexander        9000          9,000.00Rs.                                                                                                                                                              
Bruce            6000          6,000.00Rs.                                                                                                                                                              
Diana            4200          4,200.00Rs.                                                                                                                                                              
Kevin            5800          5,800.00Rs.                                                                                                                                                              
Trenna           3500          3,500.00Rs.                                                                                                                                                              
Curtis           3100          3,100.00Rs.                                                                                                                                                              
Randall          2600          2,600.00Rs.                                                                                                                                                              
Peter            2500          2,500.00Rs.                                                                                                                                                              
Eleni           10500         10,500.00Rs.                                                                                                                                                              
Ellen           11000         11,000.00Rs.                                                                                                                                                              
Jonathon         8600          8,600.00Rs.                                                                                                                                                              
Kimerely         7000          7,000.00Rs.                                                                                                                                                              
Jennifer         4400          4,400.00Rs.                                                                                                                                                              
Michael         13000         13,000.00Rs.                                                                                                                                                              
Pat              6000          6,000.00Rs.                                                                                                                                                              
Shelley         12000         12,000.00Rs.                                                                                                                                                              
William          8300          8,300.00Rs.                                                                                                                                                              

20 rows selected.

SQL> SELECT FIRST_NAME , SALARY , TO_CHAR(SALARY,'90,900.90U') FROM EMPLOYEES;

FIRST_NAME     SALARY TO_CHAR(SALARY,'90,9                                                                                                                                                              
---------- ---------- --------------------                                                                                                                                                              
Steven          24000        24,000.00 CAD                                                                                                                                                              
Neena           17000        17,000.00 CAD                                                                                                                                                              
Lex             17000        17,000.00 CAD                                                                                                                                                              
Alexander        9000         9,000.00 CAD                                                                                                                                                              
Bruce            6000         6,000.00 CAD                                                                                                                                                              
Diana            4200         4,200.00 CAD                                                                                                                                                              
Kevin            5800         5,800.00 CAD                                                                                                                                                              
Trenna           3500         3,500.00 CAD                                                                                                                                                              
Curtis           3100         3,100.00 CAD                                                                                                                                                              
Randall          2600         2,600.00 CAD                                                                                                                                                              
Peter            2500         2,500.00 CAD                                                                                                                                                              
Eleni           10500        10,500.00 CAD                                                                                                                                                              
Ellen           11000        11,000.00 CAD                                                                                                                                                              
Jonathon         8600         8,600.00 CAD                                                                                                                                                              
Kimerely         7000         7,000.00 CAD                                                                                                                                                              
Jennifer         4400         4,400.00 CAD                                                                                                                                                              
Michael         13000        13,000.00 CAD                                                                                                                                                              
Pat              6000         6,000.00 CAD                                                                                                                                                              
Shelley         12000        12,000.00 CAD                                                                                                                                                              
William          8300         8,300.00 CAD                                                                                                                                                              

20 rows selected.

SQL> SELECT FIRST_NAME , SALARY , TO_CHAR(SALARY,'U90,900.90') FROM EMPLOYEES;

FIRST_NAME     SALARY TO_CHAR(SALARY,'U90,                                                                                                                                                              
---------- ---------- --------------------                                                                                                                                                              
Steven          24000         CAD24,000.00                                                                                                                                                              
Neena           17000         CAD17,000.00                                                                                                                                                              
Lex             17000         CAD17,000.00                                                                                                                                                              
Alexander        9000          CAD9,000.00                                                                                                                                                              
Bruce            6000          CAD6,000.00                                                                                                                                                              
Diana            4200          CAD4,200.00                                                                                                                                                              
Kevin            5800          CAD5,800.00                                                                                                                                                              
Trenna           3500          CAD3,500.00                                                                                                                                                              
Curtis           3100          CAD3,100.00                                                                                                                                                              
Randall          2600          CAD2,600.00                                                                                                                                                              
Peter            2500          CAD2,500.00                                                                                                                                                              
Eleni           10500         CAD10,500.00                                                                                                                                                              
Ellen           11000         CAD11,000.00                                                                                                                                                              
Jonathon         8600          CAD8,600.00                                                                                                                                                              
Kimerely         7000          CAD7,000.00                                                                                                                                                              
Jennifer         4400          CAD4,400.00                                                                                                                                                              
Michael         13000         CAD13,000.00                                                                                                                                                              
Pat              6000          CAD6,000.00                                                                                                                                                              
Shelley         12000         CAD12,000.00                                                                                                                                                              
William          8300          CAD8,300.00                                                                                                                                                              

20 rows selected.

SQL> SELECT FIRST_NAME , SALARY , TO_CHAR(SALARY,'90,U900.90') FROM EMPLOYEES;
SELECT FIRST_NAME , SALARY , TO_CHAR(SALARY,'90,U900.90') FROM EMPLOYEES
                                            *
ERROR at line 1:
ORA-01481: invalid number format model 


SQL> REM LIST OF FORMAT CHARACTERS FOR DISPLAYING NUMBER VALUES : 0 9   . ,   D G   $ L U   S PR MI    EEEE V
SQL> 
SQL> SELECT * FROM POSNEGNO;

        NO                                                                                                                                                                                              
----------                                                                                                                                                                                              
        12                                                                                                                                                                                              
                                                                                                                                                                                                        
         0                                                                                                                                                                                              
       -12                                                                                                                                                                                              

SQL> SELECT NO , TO_CHAR(NO,'99.99') FROM POSNEGNO;

        NO TO_CHA                                                                                                                                                                                       
---------- ------                                                                                                                                                                                       
        12  12.00                                                                                                                                                                                       
                                                                                                                                                                                                        
         0    .00                                                                                                                                                                                       
       -12 -12.00                                                                                                                                                                                       

SQL> SELECT NO , TO_CHAR(NO,'S99.99') FROM POSNEGNO;

        NO TO_CHA                                                                                                                                                                                       
---------- ------                                                                                                                                                                                       
        12 +12.00                                                                                                                                                                                       
                                                                                                                                                                                                        
         0   +.00                                                                                                                                                                                       
       -12 -12.00                                                                                                                                                                                       

SQL> SELECT NO , TO_CHAR(NO,'99.99S') FROM POSNEGNO;

        NO TO_CHA                                                                                                                                                                                       
---------- ------                                                                                                                                                                                       
        12 12.00+                                                                                                                                                                                       
                                                                                                                                                                                                        
         0   .00+                                                                                                                                                                                       
       -12 12.00-                                                                                                                                                                                       

SQL> SELECT NO , TO_CHAR(NO,'99.99MI') FROM POSNEGNO;

        NO TO_CHA                                                                                                                                                                                       
---------- ------                                                                                                                                                                                       
        12 12.00                                                                                                                                                                                        
                                                                                                                                                                                                        
         0   .00                                                                                                                                                                                        
       -12 12.00-                                                                                                                                                                                       

SQL> SELECT NO , TO_CHAR(NO,'MI99.99') FROM POSNEGNO;
SELECT NO , TO_CHAR(NO,'MI99.99') FROM POSNEGNO
                       *
ERROR at line 1:
ORA-01481: invalid number format model 


SQL> SELECT NO , TO_CHAR(NO,'99.99PR') FROM POSNEGNO;

        NO TO_CHAR                                                                                                                                                                                      
---------- -------                                                                                                                                                                                      
        12  12.00                                                                                                                                                                                       
                                                                                                                                                                                                        
         0    .00                                                                                                                                                                                       
       -12 <12.00>                                                                                                                                                                                      

SQL> SELECT NO , TO_CHAR(NO,'PR99.99') FROM POSNEGNO;
SELECT NO , TO_CHAR(NO,'PR99.99') FROM POSNEGNO
                       *
ERROR at line 1:
ORA-01481: invalid number format model 


SQL> SELECT SALARY , TO_CHAR(SALARY,'99.99EEEE') FROM EMPLOYEES;

    SALARY TO_CHAR(SA                                                                                                                                                                                   
---------- ----------                                                                                                                                                                                   
     24000   2.40E+04                                                                                                                                                                                   
     17000   1.70E+04                                                                                                                                                                                   
     17000   1.70E+04                                                                                                                                                                                   
      9000   9.00E+03                                                                                                                                                                                   
      6000   6.00E+03                                                                                                                                                                                   
      4200   4.20E+03                                                                                                                                                                                   
      5800   5.80E+03                                                                                                                                                                                   
      3500   3.50E+03                                                                                                                                                                                   
      3100   3.10E+03                                                                                                                                                                                   
      2600   2.60E+03                                                                                                                                                                                   
      2500   2.50E+03                                                                                                                                                                                   
     10500   1.05E+04                                                                                                                                                                                   
     11000   1.10E+04                                                                                                                                                                                   
      8600   8.60E+03                                                                                                                                                                                   
      7000   7.00E+03                                                                                                                                                                                   
      4400   4.40E+03                                                                                                                                                                                   
     13000   1.30E+04                                                                                                                                                                                   
      6000   6.00E+03                                                                                                                                                                                   
     12000   1.20E+04                                                                                                                                                                                   
      8300   8.30E+03                                                                                                                                                                                   

20 rows selected.

SQL> REM 2.4 * POWER(10,4)
SQL> 
SQL> SELECT 2.4 * POWER(10,4) FROM DUAL;

2.4*POWER(10,4)                                                                                                                                                                                         
---------------                                                                                                                                                                                         
          24000                                                                                                                                                                                         

SQL> SELECT 2.4 / POWER(10,4) FROM DUAL;

2.4/POWER(10,4)                                                                                                                                                                                         
---------------                                                                                                                                                                                         
         ~00024                                                                                                                                                                                         

SQL> CONN SCOTT/TIGER
Connected.
SQL> SELECT 2.4 / POWER(10,4) FROM DUAL;

2.4/POWER(10,4)                                                                                                                                                                                         
---------------                                                                                                                                                                                         
         .00024                                                                                                                                                                                         

SQL> SELECT * FROM NLS_SESSION_PARAMETERS;

PARAMETER                      VALUE                                                                                                                                                                    
------------------------------ ------------------------------                                                                                                                                           
NLS_LANGUAGE                   AMERICAN                                                                                                                                                                 
NLS_TERRITORY                  AMERICA                                                                                                                                                                  
NLS_CURRENCY                   $                                                                                                                                                                        
NLS_ISO_CURRENCY               AMERICA                                                                                                                                                                  
NLS_NUMERIC_CHARACTERS         .,                                                                                                                                                                       
NLS_CALENDAR                   GREGORIAN                                                                                                                                                                
NLS_DATE_FORMAT                DD-MON-RR                                                                                                                                                                
NLS_DATE_LANGUAGE              AMERICAN                                                                                                                                                                 
NLS_SORT                       BINARY                                                                                                                                                                   
NLS_TIME_FORMAT                HH.MI.SSXFF AM                                                                                                                                                           
NLS_TIMESTAMP_FORMAT           DD-MON-RR HH.MI.SSXFF AM                                                                                                                                                 
NLS_TIME_TZ_FORMAT             HH.MI.SSXFF AM TZR                                                                                                                                                       
NLS_TIMESTAMP_TZ_FORMAT        DD-MON-RR HH.MI.SSXFF AM TZR                                                                                                                                             
NLS_DUAL_CURRENCY              $                                                                                                                                                                        
NLS_COMP                       BINARY                                                                                                                                                                   
NLS_LENGTH_SEMANTICS           BYTE                                                                                                                                                                     
NLS_NCHAR_CONV_EXCP            FALSE                                                                                                                                                                    

17 rows selected.

SQL> SELECT 345 , TO_CHAR(345,'999V00000') FROM DUAL;

       345 TO_CHAR(3                                                                                                                                                                                    
---------- ---------                                                                                                                                                                                    
       345  34500000                                                                                                                                                                                    

SQL> SELECT 345 , TO_CHAR(345,'999V0000000') FROM DUAL;

       345 TO_CHAR(345                                                                                                                                                                                  
---------- -----------                                                                                                                                                                                  
       345  3450000000                                                                                                                                                                                  

SQL> SELECT FIRST_NAME , SALARY , TO_CHAR(SALARY,'L99G999D99') FROM EMPLOYEES;

FIRST_NAME     SALARY TO_CHAR(SALARY,'L99G                                                                                                                                                              
---------- ---------- --------------------                                                                                                                                                              
Steven          24000           $24,000.00                                                                                                                                                              
Neena           17000           $17,000.00                                                                                                                                                              
Lex             17000           $17,000.00                                                                                                                                                              
Alexander        9000            $9,000.00                                                                                                                                                              
Bruce            6000            $6,000.00                                                                                                                                                              
Diana            4200            $4,200.00                                                                                                                                                              
Kevin            5800            $5,800.00                                                                                                                                                              
Trenna           3500            $3,500.00                                                                                                                                                              
Curtis           3100            $3,100.00                                                                                                                                                              
Randall          2600            $2,600.00                                                                                                                                                              
Peter            2500            $2,500.00                                                                                                                                                              
Eleni           10500           $10,500.00                                                                                                                                                              
Ellen           11000           $11,000.00                                                                                                                                                              
Jonathon         8600            $8,600.00                                                                                                                                                              
Kimerely         7000            $7,000.00                                                                                                                                                              
Jennifer         4400            $4,400.00                                                                                                                                                              
Michael         13000           $13,000.00                                                                                                                                                              
Pat              6000            $6,000.00                                                                                                                                                              
Shelley         12000           $12,000.00                                                                                                                                                              
William          8300            $8,300.00                                                                                                                                                              

20 rows selected.

SQL> ALTER SESSION SET NLS_CURRENCY = 'Rs.';

Session altered.

SQL> ALTER SESSION SET NLS_NUMERIC_CHARACTERS = '!^';

Session altered.

SQL> 
SQL> SELECT FIRST_NAME , SALARY , TO_CHAR(SALARY,'L99G999D99') FROM EMPLOYEES;

FIRST_NAME     SALARY TO_CHAR(SALARY,'L99G                                                                                                                                                              
---------- ---------- --------------------                                                                                                                                                              
Steven          24000         Rs.24^000!00                                                                                                                                                              
Neena           17000         Rs.17^000!00                                                                                                                                                              
Lex             17000         Rs.17^000!00                                                                                                                                                              
Alexander        9000          Rs.9^000!00                                                                                                                                                              
Bruce            6000          Rs.6^000!00                                                                                                                                                              
Diana            4200          Rs.4^200!00                                                                                                                                                              
Kevin            5800          Rs.5^800!00                                                                                                                                                              
Trenna           3500          Rs.3^500!00                                                                                                                                                              
Curtis           3100          Rs.3^100!00                                                                                                                                                              
Randall          2600          Rs.2^600!00                                                                                                                                                              
Peter            2500          Rs.2^500!00                                                                                                                                                              
Eleni           10500         Rs.10^500!00                                                                                                                                                              
Ellen           11000         Rs.11^000!00                                                                                                                                                              
Jonathon         8600          Rs.8^600!00                                                                                                                                                              
Kimerely         7000          Rs.7^000!00                                                                                                                                                              
Jennifer         4400          Rs.4^400!00                                                                                                                                                              
Michael         13000         Rs.13^000!00                                                                                                                                                              
Pat              6000          Rs.6^000!00                                                                                                                                                              
Shelley         12000         Rs.12^000!00                                                                                                                                                              
William          8300          Rs.8^300!00                                                                                                                                                              

20 rows selected.

SQL> SELECT FIRST_NAME , SALARY , TO_CHAR(SALARY,'$99,999.99') , TO_CHAR(SALARY,'L99G999D99') , TO_CHAR(SALARY,'L99G999D99','NLS_CURRENCY= CAD NLS_NUMERIC_CHARACTERS=*#') FROM EMPLOYEES;

FIRST_NAME     SALARY TO_CHAR(SAL TO_CHAR(SALARY,'L99G TO_CHAR(SALARY,'L99G                                                                                                                             
---------- ---------- ----------- -------------------- --------------------                                                                                                                             
Steven          24000  $24,000.00         Rs.24^000!00         CAD24#000*00                                                                                                                             
Neena           17000  $17,000.00         Rs.17^000!00         CAD17#000*00                                                                                                                             
Lex             17000  $17,000.00         Rs.17^000!00         CAD17#000*00                                                                                                                             
Alexander        9000   $9,000.00          Rs.9^000!00          CAD9#000*00                                                                                                                             
Bruce            6000   $6,000.00          Rs.6^000!00          CAD6#000*00                                                                                                                             
Diana            4200   $4,200.00          Rs.4^200!00          CAD4#200*00                                                                                                                             
Kevin            5800   $5,800.00          Rs.5^800!00          CAD5#800*00                                                                                                                             
Trenna           3500   $3,500.00          Rs.3^500!00          CAD3#500*00                                                                                                                             
Curtis           3100   $3,100.00          Rs.3^100!00          CAD3#100*00                                                                                                                             
Randall          2600   $2,600.00          Rs.2^600!00          CAD2#600*00                                                                                                                             
Peter            2500   $2,500.00          Rs.2^500!00          CAD2#500*00                                                                                                                             
Eleni           10500  $10,500.00         Rs.10^500!00         CAD10#500*00                                                                                                                             
Ellen           11000  $11,000.00         Rs.11^000!00         CAD11#000*00                                                                                                                             
Jonathon         8600   $8,600.00          Rs.8^600!00          CAD8#600*00                                                                                                                             
Kimerely         7000   $7,000.00          Rs.7^000!00          CAD7#000*00                                                                                                                             
Jennifer         4400   $4,400.00          Rs.4^400!00          CAD4#400*00                                                                                                                             
Michael         13000  $13,000.00         Rs.13^000!00         CAD13#000*00                                                                                                                             
Pat              6000   $6,000.00          Rs.6^000!00          CAD6#000*00                                                                                                                             
Shelley         12000  $12,000.00         Rs.12^000!00         CAD12#000*00                                                                                                                             
William          8300   $8,300.00          Rs.8^300!00          CAD8#300*00                                                                                                                             

20 rows selected.

SQL> SPOOL OFF
