SQL> 
SQL> CL SCR

SQL> SELECT SYSDATE , TO_CHAR(SYSDATE,'HH24.MI') FROM DUAL;

SYSDATE   TO_CH                                                                                                                                                                                         
--------- -----                                                                                                                                                                                         
04-JUL-22 16.21                                                                                                                                                                                         

SQL> REM DISPLAY DATE IN SPECIFIED FORMAT : Next year will start after ... days.
SQL> 
SQL> SELECT 'Next year will start after ' || TRUNC(ADD_MONTHS(SYSDATE,12),'YYYY') - SYSDATE FROM DUAL;
SELECT 'Next year will start after ' || TRUNC(ADD_MONTHS(SYSDATE,12),'YYYY') - SYSDATE FROM DUAL
                                      *
ERROR at line 1:
ORA-00932: inconsistent datatypes: expected CHAR got DATE 


SQL> SELECT 'Next year will start after ' || (TRUNC(ADD_MONTHS(SYSDATE,12),'YYYY') - SYSDATE) FROM DUAL;

'NEXTYEARWILLSTARTAFTER'||(TRUNC(ADD_MONTHS(SYSDATE,12),'YYYY')-SYS                                                                                                                                     
                                                                                                                                                                             

SQL> 
SQL> REM CHAPTER 5 : MULTI ROW/GROUP/AGGREGATE/SUMMARY FUNCTIONS
SQL> 
SQL> REM SINGLE ROW FUNCTION EXAMPLE
SQL> 
SQL> SELECT FIRST_NAME , UPPER(FIRST_NAME) FROM EMPLOYEES;

FIRST_NAME UPPER(FIRS                                                                                                                                                                                   
---------- ----------                                                                                                                                                                                   
Steven     STEVEN                                                                                                                                                                                       
Neena      NEENA                                                                                                                                                                                        
Lex        LEX                                                                                                                                                                                          
Alexander  ALEXANDER                                                                                                                                                                                    
Bruce      BRUCE                                                                                                                                                                                        
Diana      DIANA                                                                                                                                                                                        
Kevin      KEVIN                                                                                                                                                                                        
Trenna     TRENNA                                                                                                                                                                                       
Curtis     CURTIS                                                                                                                                                                                       
Randall    RANDALL                                                                                                                                                                                      
Peter      PETER                                                                                                                                                                                        
Eleni      ELENI                                                                                                                                                                                        
Ellen      ELLEN                                                                                                                                                                                        
Jonathon   JONATHON                                                                                                                                                                                     
Kimerely   KIMERELY                                                                                                                                                                                     
Jennifer   JENNIFER                                                                                                                                                                                     
Michael    MICHAEL                                                                                                                                                                                      
Pat        PAT                                                                                                                                                                                          
Shelley    SHELLEY                                                                                                                                                                                      
William    WILLIAM                                                                                                                                                                                      

20 rows selected.

SQL> REM MULTI ROW FUNCTION EXAMPLE
SQL> 
SQL> 
SQL> SELECT SALARY FROM EMPLOYEES ORDER BY 1;

    SALARY                                                                                                                                                                                              
----------                                                                                                                                                                                              
      2500                                                                                                                                                                                              
      2600                                                                                                                                                                                              
      3100                                                                                                                                                                                              
      3500                                                                                                                                                                                              
      4200                                                                                                                                                                                              
      4400                                                                                                                                                                                              
      5800                                                                                                                                                                                              
      6000                                                                                                                                                                                              
      6000                                                                                                                                                                                              
      7000                                                                                                                                                                                              
      8300                                                                                                                                                                                              
      8600                                                                                                                                                                                              
      9000                                                                                                                                                                                              
     10500                                                                                                                                                                                              
     11000                                                                                                                                                                                              
     12000                                                                                                                                                                                              
     13000                                                                                                                                                                                              
     17000                                                                                                                                                                                              
     17000                                                                                                                                                                                              
     24000                                                                                                                                                                                              

20 rows selected.

SQL> SELECT MAX(SALARY) FROM EMPLOYEES;

MAX(SALARY)                                                                                                                                                                                             
-----------                                                                                                                                                                                             
      24000                                                                                                                                                                                             

SQL> SELECT DEPARTMENT_ID , SALARY FROM EMPLOYEES ORDER BY 1,2;

DEPARTMENT_ID     SALARY                                                                                                                                                                                
------------- ----------                                                                                                                                                                                
           10       4400                                                                                                                                                                                
           20       6000                                                                                                                                                                                
           20      13000                                                                                                                                                                                
           50       2500                                                                                                                                                                                
           50       2600                                                                                                                                                                                
           50       3100                                                                                                                                                                                
           50       3500                                                                                                                                                                                
           50       5800                                                                                                                                                                                
           60       4200                                                                                                                                                                                
           60       6000                                                                                                                                                                                
           60       9000                                                                                                                                                                                
           80       8600                                                                                                                                                                                
           80      10500                                                                                                                                                                                
           80      11000                                                                                                                                                                                
           90      17000                                                                                                                                                                                
           90      17000                                                                                                                                                                                
           90      24000                                                                                                                                                                                
          110       8300                                                                                                                                                                                
          110      12000                                                                                                                                                                                
                    7000                                                                                                                                                                                

20 rows selected.

SQL> SELECT DEPARTMENT_ID , MAX(SALARY) FROM EMPLOYEES GROUP BY DEPARTMENT_ID ORDER BY 1;

DEPARTMENT_ID MAX(SALARY)                                                                                                                                                                               
------------- -----------                                                                                                                                                                               
           10        4400                                                                                                                                                                               
           20       13000                                                                                                                                                                               
           50        5800                                                                                                                                                                               
           60        9000                                                                                                                                                                               
           80       11000                                                                                                                                                                               
           90       24000                                                                                                                                                                               
          110       12000                                                                                                                                                                               
                     7000                                                                                                                                                                               

8 rows selected.

SQL> SELECT * FROM EMPLOYEES;

EMPLOYEE_ID FIRST_NAME LAST_NAME  EMAIL      PHONE_NUMBER         HIRE_DATE JOB_ID         SALARY COMMISSION_PCT MANAGER_ID DEPARTMENT_ID                                                               
----------- ---------- ---------- ---------- -------------------- --------- ---------- ---------- -------------- ---------- -------------                                                               
        100 Steven     King       SKING      515.123.4567         17-JUL-87 AD_PRES         24000                                      90                                                               
        101 Neena      Kochhar    NKOCHHAR   515.123.4568         21-SEP-89 AD_VP           17000                       100            90                                                               
        102 Lex        De Haan    LDEHAAN    515.123.4569         13-JAN-93 AD_VP           17000                       100            90                                                               
        103 Alexander  Hunold     AHUNOLD    590.423.4567         03-JAN-90 IT_PROG          9000                       102            60                                                               
        104 Bruce      Ernst      BERNST     590.423.4568         21-MAY-91 IT_PROG          6000                       103            60                                                               
        107 Diana      Lorentz    DLORENTZ   590.423.5567         07-FEB-99 IT_PROG          4200                       103            60                                                               
        124 Kevin      Mourgos    KMOURGOS   650.123.5234         16-NOV-99 ST_MAN           5800                       100            50                                                               
        141 Trenna     Rajs       TRAJS      650.121.8009         17-OCT-95 ST_CLERK         3500                       124            50                                                               
        142 Curtis     Davies     CDAVIES    650.121.2994         29-JAN-97 ST_CLERK         3100                       124            50                                                               
        143 Randall    Matos      RMATOS     650.121.2874         15-MAR-98 ST_CLERK         2600                       124            50                                                               
        144 Peter      Vargas     PVARGAS    650.121.2004         09-JUL-98 ST_CLERK         2500                       124            50                                                               
        149 Eleni      Zlotkey    EZLOTKEY   011.44.1344.429018   29-JAN-00 SA_MAN          10500             .2        100            80                                                               
        174 Ellen      Abel       EABEL      011.44.1644.429267   11-MAY-96 SA_REP          11000             .3        149            80                                                               
        176 Jonathon   Taylor     JTAYLOR    011.44.1644.429265   24-MAR-98 SA_REP           8600             .3        149            80                                                               
        178 Kimerely   Grant      KGRANT     011.44.1644.429263   24-MAY-99 SA_REP           7000            .15        149                                                                             
        200 Jennifer   Whalen     JWHALEN    515.123.4444         17-SEP-87 AD_ASST          4400                       101            10                                                               
        201 Michael    Hartstein  MHARTSTE   515.123.5555         17-FEB-96 MK_MAN          13000                       100            20                                                               
        202 Pat        Fay        PFAY       603.123.6666         17-AUG-97 MK_REP           6000                       201            20                                                               
        205 Shelley    Higgins    SHIGGINS   515.123.8080         07-JUN-94 AC_MGR          12000                       101           110                                                               
        206 William    Gietz      WGIETZ     515.123.8181         07-JUN-94 AC_ACCOUNT       8300                       205           110                                                               

20 rows selected.

SQL> REM SUMMARY FUNCTIONS : MIN MAX SUM    COUNT AVG
SQL> 
SQL> REM SUMMARY FUNCTIONS : MIN MAX COUNT  SUM AVG
SQL> 
SQL> 
SQL> 
SQL> SELECT SALARY FROM EMPLOYEES;

    SALARY                                                                                                                                                                                              
----------                                                                                                                                                                                              
     24000                                                                                                                                                                                              
     17000                                                                                                                                                                                              
     17000                                                                                                                                                                                              
      9000                                                                                                                                                                                              
      6000                                                                                                                                                                                              
      4200                                                                                                                                                                                              
      5800                                                                                                                                                                                              
      3500                                                                                                                                                                                              
      3100                                                                                                                                                                                              
      2600                                                                                                                                                                                              
      2500                                                                                                                                                                                              
     10500                                                                                                                                                                                              
     11000                                                                                                                                                                                              
      8600                                                                                                                                                                                              
      7000                                                                                                                                                                                              
      4400                                                                                                                                                                                              
     13000                                                                                                                                                                                              
      6000                                                                                                                                                                                              
     12000                                                                                                                                                                                              
      8300                                                                                                                                                                                              

20 rows selected.

SQL> SELECT MIN(SALARY) , MAX(SALARY) , COUNT(SALRAY) , SUM(SALARY) , AVG(SALARY) FROM EMPLOYEES;
SELECT MIN(SALARY) , MAX(SALARY) , COUNT(SALRAY) , SUM(SALARY) , AVG(SALARY) FROM EMPLOYEES
                                         *
ERROR at line 1:
ORA-00904: "SALRAY": invalid identifier 


SQL> SELECT MIN(SALARY) , MAX(SALARY) , COUNT(SALARY) , SUM(SALARY) , AVG(SALARY) FROM EMPLOYEES;

MIN(SALARY) MAX(SALARY) COUNT(SALARY) SUM(SALARY) AVG(SALARY)                                                                                                                                           
----------- ----------- ------------- ----------- -----------                                                                                                                                           
       2500       24000            20      175500        8775                                                                                                                                           

SQL> SELECT SALARY FROM EMPLOYEES ORDER BY 1;

    SALARY                                                                                                                                                                                              
----------                                                                                                                                                                                              
      2500                                                                                                                                                                                              
      2600                                                                                                                                                                                              
      3100                                                                                                                                                                                              
      3500                                                                                                                                                                                              
      4200                                                                                                                                                                                              
      4400                                                                                                                                                                                              
      5800                                                                                                                                                                                              
      6000                                                                                                                                                                                              
      6000                                                                                                                                                                                              
      7000                                                                                                                                                                                              
      8300                                                                                                                                                                                              
      8600                                                                                                                                                                                              
      9000                                                                                                                                                                                              
     10500                                                                                                                                                                                              
     11000                                                                                                                                                                                              
     12000                                                                                                                                                                                              
     13000                                                                                                                                                                                              
     17000                                                                                                                                                                                              
     17000                                                                                                                                                                                              
     24000                                                                                                                                                                                              

20 rows selected.

SQL> SELECT SUM(SALARY)/COUNT(SALARY) , AVG(SALARY) FROM EMPLOYEES;

SUM(SALARY)/COUNT(SALARY) AVG(SALARY)                                                                                                                                                                   
------------------------- -----------                                                                                                                                                                   
                     8775        8775                                                                                                                                                                   

SQL> SELECT COMMISION_PCT FROM EMPLOYEES;
SELECT COMMISION_PCT FROM EMPLOYEES
       *
ERROR at line 1:
ORA-00904: "COMMISION_PCT": invalid identifier 


SQL> SELECT COMMISSION_PCT FROM EMPLOYEES;

COMMISSION_PCT                                                                                                                                                                                          
--------------                                                                                                                                                                                          
                                                                                                                                                                                                        
                                                                                                                                                                                                        
                                                                                                                                                                                                        
                                                                                                                                                                                                        
                                                                                                                                                                                                        
                                                                                                                                                                                                        
                                                                                                                                                                                                        
                                                                                                                                                                                                        
                                                                                                                                                                                                        
                                                                                                                                                                                                        
                                                                                                                                                                                                        
            .2                                                                                                                                                                                          
            .3                                                                                                                                                                                          
            .3                                                                                                                                                                                          
           .15                                                                                                                                                                                          
                                                                                                                                                                                                        
                                                                                                                                                                                                        
                                                                                                                                                                                                        
                                                                                                                                                                                                        
                                                                                                                                                                                                        

20 rows selected.

SQL> SELECT MIN(SALARY) , MAX(SALARY) , COUNT(SALRAY) , SUM(SALARY) , AVG(SALARY) FROM EMPLOYEES
  2  
SQL> C/SALARY/COMMISSION_PCT
  1* SELECT MIN(COMMISSION_PCT) , MAX(SALARY) , COUNT(SALRAY) , SUM(SALARY) , AVG(SALARY) FROM EMPLOYEES
SQL> 
SQL> HELP CHANGE

 CHANGE
 ------

 Changes the first occurrence of the specified text on the current
 line of the SQL buffer. The buffer has no command history list and
 does not record SQL*Plus commands.

 C[HANGE] sepchar old [sepchar [new[sepchar]]]


SQL> L
  1* SELECT MIN(COMMISSION_PCT) , MAX(SALARY) , COUNT(SALRAY) , SUM(SALARY) , AVG(SALARY) FROM EMPLOYEES
SQL> 
SQL> C/SALARY/COMMISSION_PCT
  1* SELECT MIN(COMMISSION_PCT) , MAX(COMMISSION_PCT) , COUNT(SALRAY) , SUM(SALARY) , AVG(SALARY) FROM EMPLOYEES
SQL> C/SALARY/COMMISSION_PCT
  1* SELECT MIN(COMMISSION_PCT) , MAX(COMMISSION_PCT) , COUNT(SALRAY) , SUM(COMMISSION_PCT) , AVG(SALARY) FROM EMPLOYEES
SQL> C/SALARY/COMMISSION_PCT
  1* SELECT MIN(COMMISSION_PCT) , MAX(COMMISSION_PCT) , COUNT(SALRAY) , SUM(COMMISSION_PCT) , AVG(COMMISSION_PCT) FROM EMPLOYEES
SQL> C/SALARY/COMMISSION_PCT
SP2-0023: String not found.
SQL> 
SQL> L
  1* SELECT MIN(COMMISSION_PCT) , MAX(COMMISSION_PCT) , COUNT(SALRAY) , SUM(COMMISSION_PCT) , AVG(COMMISSION_PCT) FROM EMPLOYEES
SQL> L
  1* SELECT MIN(COMMISSION_PCT) , MAX(COMMISSION_PCT) , COUNT(SALRAY) , SUM(COMMISSION_PCT) , AVG(COMMISSION_PCT) FROM EMPLOYEES
SQL> 
SQL> L
  1* SELECT MIN(COMMISSION_PCT) , MAX(COMMISSION_PCT) , COUNT(SALRAY) , SUM(COMMISSION_PCT) , AVG(COMMISSION_PCT) FROM EMPLOYEES
SQL> 
SQL> C/SALRAY/COMMISSION_PCT
  1* SELECT MIN(COMMISSION_PCT) , MAX(COMMISSION_PCT) , COUNT(COMMISSION_PCT) , SUM(COMMISSION_PCT) , AVG(COMMISSION_PCT) FROM EMPLOYEES
SQL> 
SQL> R
  1* SELECT MIN(COMMISSION_PCT) , MAX(COMMISSION_PCT) , COUNT(COMMISSION_PCT) , SUM(COMMISSION_PCT) , AVG(COMMISSION_PCT) FROM EMPLOYEES

MIN(COMMISSION_PCT) MAX(COMMISSION_PCT) COUNT(COMMISSION_PCT) SUM(COMMISSION_PCT) AVG(COMMISSION_PCT)                                                                                                   
------------------- ------------------- --------------------- ------------------- -------------------                                                                                                   
                .15                  .3                     4                 .95               .2375                                                                                                   

SQL> SELECT COMMISSION_PCT FROM EMPLOYEES;

COMMISSION_PCT                                                                                                                                                                                          
--------------                                                                                                                                                                                          
                                                                                                                                                                                                        
                                                                                                                                                                                                        
                                                                                                                                                                                                        
                                                                                                                                                                                                        
                                                                                                                                                                                                        
                                                                                                                                                                                                        
                                                                                                                                                                                                        
                                                                                                                                                                                                        
                                                                                                                                                                                                        
                                                                                                                                                                                                        
                                                                                                                                                                                                        
            .2                                                                                                                                                                                          
            .3                                                                                                                                                                                          
            .3                                                                                                                                                                                          
           .15                                                                                                                                                                                          
                                                                                                                                                                                                        
                                                                                                                                                                                                        
                                                                                                                                                                                                        
                                                                                                                                                                                                        
                                                                                                                                                                                                        

20 rows selected.

SQL> SELECT COUNT(COMMISSION_PCT) COUNT(*) FROM EMPLOYEES;
SELECT COUNT(COMMISSION_PCT) COUNT(*) FROM EMPLOYEES
                                  *
ERROR at line 1:
ORA-00923: FROM keyword not found where expected 


SQL> SELECT COUNT(COMMISSION_PCT) ,COUNT(*) FROM EMPLOYEES;

COUNT(COMMISSION_PCT)   COUNT(*)                                                                                                                                                                        
--------------------- ----------                                                                                                                                                                        
                    4         20                                                                                                                                                                        

SQL> SELECT COUNT(COMMISSION_PCT) , COUNT(DISTINCT COMMISSION_PCT) , COUNT(*) FROM EMPLOYEES;

COUNT(COMMISSION_PCT) COUNT(DISTINCTCOMMISSION_PCT)   COUNT(*)                                                                                                                                          
--------------------- ----------------------------- ----------                                                                                                                                          
                    4                             3         20                                                                                                                                          

SQL> SELECT SALARY FROM EMPLOYEES;

    SALARY                                                                                                                                                                                              
----------                                                                                                                                                                                              
     24000                                                                                                                                                                                              
     17000                                                                                                                                                                                              
     17000                                                                                                                                                                                              
      9000                                                                                                                                                                                              
      6000                                                                                                                                                                                              
      4200                                                                                                                                                                                              
      5800                                                                                                                                                                                              
      3500                                                                                                                                                                                              
      3100                                                                                                                                                                                              
      2600                                                                                                                                                                                              
      2500                                                                                                                                                                                              
     10500                                                                                                                                                                                              
     11000                                                                                                                                                                                              
      8600                                                                                                                                                                                              
      7000                                                                                                                                                                                              
      4400                                                                                                                                                                                              
     13000                                                                                                                                                                                              
      6000                                                                                                                                                                                              
     12000                                                                                                                                                                                              
      8300                                                                                                                                                                                              

20 rows selected.

SQL> SELECT SALARY FROM EMPLOYEES ORDER BY 1;

    SALARY                                                                                                                                                                                              
----------                                                                                                                                                                                              
      2500                                                                                                                                                                                              
      2600                                                                                                                                                                                              
      3100                                                                                                                                                                                              
      3500                                                                                                                                                                                              
      4200                                                                                                                                                                                              
      4400                                                                                                                                                                                              
      5800                                                                                                                                                                                              
      6000                                                                                                                                                                                              
      6000                                                                                                                                                                                              
      7000                                                                                                                                                                                              
      8300                                                                                                                                                                                              
      8600                                                                                                                                                                                              
      9000                                                                                                                                                                                              
     10500                                                                                                                                                                                              
     11000                                                                                                                                                                                              
     12000                                                                                                                                                                                              
     13000                                                                                                                                                                                              
     17000                                                                                                                                                                                              
     17000                                                                                                                                                                                              
     24000                                                                                                                                                                                              

20 rows selected.

SQL> SELECT SUM(SALARY) - SUM(DISTINCT SALARY) DIFFERENCE FROM EMPLOYEES;

DIFFERENCE                                                                                                                                                                                              
----------                                                                                                                                                                                              
     23000                                                                                                                                                                                              

SQL> SELECT FIRST_NAME FROM EMPLOYEES ORDER BY 1;

FIRST_NAME                                                                                                                                                                                              
----------                                                                                                                                                                                              
Alexander                                                                                                                                                                                               
Bruce                                                                                                                                                                                                   
Curtis                                                                                                                                                                                                  
Diana                                                                                                                                                                                                   
Eleni                                                                                                                                                                                                   
Ellen                                                                                                                                                                                                   
Jennifer                                                                                                                                                                                                
Jonathon                                                                                                                                                                                                
Kevin                                                                                                                                                                                                   
Kimerely                                                                                                                                                                                                
Lex                                                                                                                                                                                                     
Michael                                                                                                                                                                                                 
Neena                                                                                                                                                                                                   
Pat                                                                                                                                                                                                     
Peter                                                                                                                                                                                                   
Randall                                                                                                                                                                                                 
Shelley                                                                                                                                                                                                 
Steven                                                                                                                                                                                                  
Trenna                                                                                                                                                                                                  
William                                                                                                                                                                                                 

20 rows selected.

SQL> SELECT MIN(FIRST_NAME) FROM EMPLOYEES;

MIN(FIRST_                                                                                                                                                                                              
----------                                                                                                                                                                                              
Alexander                                                                                                                                                                                               

SQL> SELECT MAX(FIRST_NAME) FROM EMPLOYEES;

MAX(FIRST_                                                                                                                                                                                              
----------                                                                                                                                                                                              
William                                                                                                                                                                                                 

SQL> SELECT COUNT(FIRST_NAME) FROM EMPLOYEES;

COUNT(FIRST_NAME)                                                                                                                                                                                       
-----------------                                                                                                                                                                                       
               20                                                                                                                                                                                       

SQL> SELECT SUM(FIRST_NAME) FROM EMPLOYEES;
SELECT SUM(FIRST_NAME) FROM EMPLOYEES
           *
ERROR at line 1:
ORA-01722: invalid number 


SQL> SELECT AVG(FIRST_NAME) FROM EMPLOYEES;
SELECT AVG(FIRST_NAME) FROM EMPLOYEES
           *
ERROR at line 1:
ORA-01722: invalid number 


SQL> SELECT HIRE_DATE FROM EMPLOYEES ORDER BY 1 DESC;

HIRE_DATE                                                                                                                                                                                               
---------                                                                                                                                                                                               
29-JAN-00                                                                                                                                                                                               
16-NOV-99                                                                                                                                                                                               
24-MAY-99                                                                                                                                                                                               
07-FEB-99                                                                                                                                                                                               
09-JUL-98                                                                                                                                                                                               
24-MAR-98                                                                                                                                                                                               
15-MAR-98                                                                                                                                                                                               
17-AUG-97                                                                                                                                                                                               
29-JAN-97                                                                                                                                                                                               
11-MAY-96                                                                                                                                                                                               
17-FEB-96                                                                                                                                                                                               
17-OCT-95                                                                                                                                                                                               
07-JUN-94                                                                                                                                                                                               
07-JUN-94                                                                                                                                                                                               
13-JAN-93                                                                                                                                                                                               
21-MAY-91                                                                                                                                                                                               
03-JAN-90                                                                                                                                                                                               
21-SEP-89                                                                                                                                                                                               
17-SEP-87                                                                                                                                                                                               
17-JUL-87                                                                                                                                                                                               

20 rows selected.

SQL> SELECT MIN(HIRE_DATE) FROM EMPLOYEES;

MIN(HIRE_                                                                                                                                                                                               
---------                                                                                                                                                                                               
17-JUL-87                                                                                                                                                                                               

SQL> SELECT MAX(HIRE_DATE) FROM EMPLOYEES;

MAX(HIRE_                                                                                                                                                                                               
---------                                                                                                                                                                                               
29-JAN-00                                                                                                                                                                                               

SQL> SELECT SUM(HIRE_DATE) FROM EMPLOYEES;
SELECT SUM(HIRE_DATE) FROM EMPLOYEES
           *
ERROR at line 1:
ORA-00932: inconsistent datatypes: expected NUMBER got DATE 


SQL> SELECT AVG(HIRE_DATE) FROM EMPLOYEES;
SELECT AVG(HIRE_DATE) FROM EMPLOYEES
           *
ERROR at line 1:
ORA-00932: inconsistent datatypes: expected NUMBER got DATE 


SQL> SELECT COUNT(HIRE_DATE) FROM EMPLOYEES;

COUNT(HIRE_DATE)                                                                                                                                                                                        
----------------                                                                                                                                                                                        
              20                                                                                                                                                                                        

SQL> SELECT DEPARTMENT_ID , MANAGER_ID FROM EMPLOYEES;

DEPARTMENT_ID MANAGER_ID                                                                                                                                                                                
------------- ----------                                                                                                                                                                                
           90                                                                                                                                                                                           
           90        100                                                                                                                                                                                
           90        100                                                                                                                                                                                
           60        102                                                                                                                                                                                
           60        103                                                                                                                                                                                
           60        103                                                                                                                                                                                
           50        100                                                                                                                                                                                
           50        124                                                                                                                                                                                
           50        124                                                                                                                                                                                
           50        124                                                                                                                                                                                
           50        124                                                                                                                                                                                
           80        100                                                                                                                                                                                
           80        149                                                                                                                                                                                
           80        149                                                                                                                                                                                
                     149                                                                                                                                                                                
           10        101                                                                                                                                                                                
           20        100                                                                                                                                                                                
           20        201                                                                                                                                                                                
          110        101                                                                                                                                                                                
          110        205                                                                                                                                                                                

20 rows selected.

SQL> SELECT COUNT(DISTINCT DEPARTMENT_ID , MANAGER_ID) FROM EMPLOYEES;
SELECT COUNT(DISTINCT DEPARTMENT_ID , MANAGER_ID) FROM EMPLOYEES
       *
ERROR at line 1:
ORA-00909: invalid number of arguments 


SQL> SELECT DEPARTMENT_ID , MANAGER_ID FROM EMPLOYEES;

DEPARTMENT_ID MANAGER_ID                                                                                                                                                                                
------------- ----------                                                                                                                                                                                
           90                                                                                                                                                                                           
           90        100                                                                                                                                                                                
           90        100                                                                                                                                                                                
           60        102                                                                                                                                                                                
           60        103                                                                                                                                                                                
           60        103                                                                                                                                                                                
           50        100                                                                                                                                                                                
           50        124                                                                                                                                                                                
           50        124                                                                                                                                                                                
           50        124                                                                                                                                                                                
           50        124                                                                                                                                                                                
           80        100                                                                                                                                                                                
           80        149                                                                                                                                                                                
           80        149                                                                                                                                                                                
                     149                                                                                                                                                                                
           10        101                                                                                                                                                                                
           20        100                                                                                                                                                                                
           20        201                                                                                                                                                                                
          110        101                                                                                                                                                                                
          110        205                                                                                                                                                                                

20 rows selected.

SQL> SELECT COUNT(DISTINCT DEPARTMENT_ID + MANAGER_ID) FROM EMPLOYEES;

COUNT(DISTINCTDEPARTMENT_ID+MANAGER_ID)                                                                                                                                                                 
---------------------------------------                                                                                                                                                                 
                                     12                                                                                                                                                                 

SQL> SELECT COUNT(DISTINCT DEPARTMENT_ID || MANAGER_ID) FROM EMPLOYEES;

COUNT(DISTINCTDEPARTMENT_ID||MANAGER_ID)                                                                                                                                                                
----------------------------------------                                                                                                                                                                
                                      14                                                                                                                                                                

SQL> SELECT COUNT(*) FROM EMPLOYEES;

  COUNT(*)                                                                                                                                                                                              
----------                                                                                                                                                                                              
        20                                                                                                                                                                                              

SQL> SELECT COUNT(COMMISSION_PCT) FROM EMPLOYEES;

COUNT(COMMISSION_PCT)                                                                                                                                                                                   
---------------------                                                                                                                                                                                   
                    4                                                                                                                                                                                   

SQL> SELECT COUNT(*) -  COUNT(DEPARTMENT_ID) FROM EMPLOEES;
SELECT COUNT(*) -  COUNT(DEPARTMENT_ID) FROM EMPLOEES
                                             *
ERROR at line 1:
ORA-00942: table or view does not exist 


SQL> SELECT COUNT(*) -  COUNT(DEPARTMENT_ID) FROM EMPLOYEES;

COUNT(*)-COUNT(DEPARTMENT_ID)                                                                                                                                                                           
-----------------------------                                                                                                                                                                           
                            1                                                                                                                                                                           

SQL> REM COUNT THOSE WHO DOESN'T GET COMMISSION
SQL> 
SQL> SELECT COUNT(*) - COUNT(COMMISSION_PCT) FROM EMPLOYEES;

COUNT(*)-COUNT(COMMISSION_PCT)                                                                                                                                                                          
------------------------------                                                                                                                                                                          
                            16                                                                                                                                                                          

SQL> SELECT COUNT(*) FROM EMPLOYEES WHERE COMMISSION_PCT IS NULL;

  COUNT(*)                                                                                                                                                                                              
----------                                                                                                                                                                                              
        16                                                                                                                                                                                              

SQL> SELECT COUNT(NVL(COMMISSION_PCT,0)) FROM EMPLOYEES WHERE COMMISSION_PCT IS NOT NULL;

COUNT(NVL(COMMISSION_PCT,0))                                                                                                                                                                            
----------------------------                                                                                                                                                                            
                           4                                                                                                                                                                            

SQL> SELECT COUNT(NVL(COMMISSION_PCT,0)) FROM EMPLOYEES WHERE COMMISSION_PCT IS NULL;

COUNT(NVL(COMMISSION_PCT,0))                                                                                                                                                                            
----------------------------                                                                                                                                                                            
                          16                                                                                                                                                                            

SQL> SELECT COUNT(NVL(COMMISSION_PCT,0)) FROM EMPLOYEES;

COUNT(NVL(COMMISSION_PCT,0))                                                                                                                                                                            
----------------------------                                                                                                                                                                            
                          20                                                                                                                                                                            

SQL> REM DISPLAY TOTAL SALARY PAID TO IT_PROG
SQL> 
SQL> SELECT SUM(SALARY) FROM EMPLOYEES;

SUM(SALARY)                                                                                                                                                                                             
-----------                                                                                                                                                                                             
     175500                                                                                                                                                                                             

SQL> SELECT SUM(SALARY) FROM EMPLOYEES WHERE JOB_ID = 'IT_PROG';

SUM(SALARY)                                                                                                                                                                                             
-----------                                                                                                                                                                                             
      19200                                                                                                                                                                                             

SQL> REM HOW MANY EMPLOYEES ARE WORKING IN DEPARTMENT 50
SQL> 
SQL> SELECT COUNT(*) FROM EMPLOYEES WHERE DEPARTMENT_ID = 50;

  COUNT(*)                                                                                                                                                                                              
----------                                                                                                                                                                                              
         5                                                                                                                                                                                              

SQL> REM FIND AVERAGE SALARY PAID TO THOSE WHO REPORTS TO 124
SQL> 
SQL> SELECT AVG(SALARY) FROM EMPLOYEES WHERE MANAGER_ID = 124;

AVG(SALARY)                                                                                                                                                                                             
-----------                                                                                                                                                                                             
       2925                                                                                                                                                                                             

SQL> REM DISPLAY HIGHEST SALRAY , LOWEST SALARY AND DIFFERENCE PAID TO ST_CLERK.
SQL> 
SQL> SELECT MAX(SALARY) , MIN(SALARY) , MAX(SALARY) - MIN(SALARY) DIFFERENCE FROM EMPLOYEES WHERE JOB_ID = 'ST_CLERK';

MAX(SALARY) MIN(SALARY) DIFFERENCE                                                                                                                                                                      
----------- ----------- ----------                                                                                                                                                                      
       3500        2500       1000                                                                                                                                                                      

SQL> REM DISPLAY THOSE WHO WERE HIRED IN YEAR 99
SQL> 
SQL> REM COUNT THOSE WHO WERE HIRED IN YEAR 99
SQL> 
SQL> SELECT COUNT(*) FROM EMPLOYEES WHERE HIRE_DATE LIKE '%99' ;

  COUNT(*)                                                                                                                                                                                              
----------                                                                                                                                                                                              
         3                                                                                                                                                                                              

SQL> REM DISPLAY THOSE WHO WERE HIRED IN EITHER QUARTER 1 OR 3 (IGNORE DATE AND YEAR)
SQL> 
SQL> REM COUNT THOSE WHO WERE HIRED IN EITHER QUARTER 1 OR 3 (IGNORE DATE AND YEAR)
SQL> 
SQL> SELECT COUNT(*) FROM EMPLOYEES WHERE TO_CHAR(HIRE_DATE,'Q') IN (1,3);

  COUNT(*)                                                                                                                                                                                              
----------                                                                                                                                                                                              
        13                                                                                                                                                                                              

SQL> SELECT COUNT(*) FROM EMPLOYEES WHERE TO_CHAR(HIRE_DATE,'MM') IN (1,2,3,7,8,9);

  COUNT(*)                                                                                                                                                                                              
----------                                                                                                                                                                                              
        13                                                                                                                                                                                              

SQL> SELECT COUNT(*) FROM EMPLOYEES WHERE TO_CHAR(HIRE_DATE,'MON') IN ('JAN','FEB','MAR','JUL','AUG','SEP');

  COUNT(*)                                                                                                                                                                                              
----------                                                                                                                                                                                              
        13                                                                                                                                                                                              

SQL> select count(*) from employees where hire_date  like '%JAN%' or hire_date like '%FEB%' or hire_date like '%MAR%' or hire_date like '%JUL%' or hire_date like '%AUG%' or hire_date like '%SEP%';

  COUNT(*)                                                                                                                                                                                              
----------                                                                                                                                                                                              
        13                                                                                                                                                                                              

SQL> REM COUNT THOSE WHO WORKS IN DEPARTMENT 20
SQL> 
SQL> SELECT COUNT(*) FROM EMPLOYEES WHERE DEPARTMENT_ID = 20;

  COUNT(*)                                                                                                                                                                                              
----------                                                                                                                                                                                              
         2                                                                                                                                                                                              

SQL> REM COUNT THOSE WHO WORKS IN DEPARTMENT 20
SQL> 
SQL> REM COUNT THOSE WHO WORKS IN DEPARTMENT 50
SQL> 
SQL> SELECT COUNT(*) FROM EMPLOYEES WHERE DEPARTMENT_ID = 50;

  COUNT(*)                                                                                                                                                                                              
----------                                                                                                                                                                                              
         5                                                                                                                                                                                              

SQL> 
SQL> 
SQL> REM COUNT THOSE WHO WORKS IN DEPARTMENT 90
SQL> 
SQL> SELECT COUNT(*) FROM EMPLOYEES WHERE DEPARTMENT_ID = 90;

  COUNT(*)                                                                                                                                                                                              
----------                                                                                                                                                                                              
         3                                                                                                                                                                                              

SQL> 
SQL> REM DEPARTMENT_ID    COUNT(*)
SQL> 
SQL> REM    10            1
SQL> REM    20            2
SQL> REM    50            5
SQL> REM  ::
SQL> REM  ::
SQL> REM  ::
SQL> 
SQL> 
SQL> 
SQL> 
SQL> 
SQL> REM DISPLAY DEPARTMENT_ID AND TOTAL SALARY PAID TO EACH DEPARTMENT
SQL> 
SQL> SELECT DEPARTMENT_ID , SALARY FROM EMPLOYEES ORDER BY 1;

DEPARTMENT_ID     SALARY                                                                                                                                                                                
------------- ----------                                                                                                                                                                                
           10       4400                                                                                                                                                                                
           20      13000                                                                                                                                                                                
           20       6000                                                                                                                                                                                
           50       5800                                                                                                                                                                                
           50       2500                                                                                                                                                                                
           50       2600                                                                                                                                                                                
           50       3100                                                                                                                                                                                
           50       3500                                                                                                                                                                                
           60       4200                                                                                                                                                                                
           60       6000                                                                                                                                                                                
           60       9000                                                                                                                                                                                
           80      11000                                                                                                                                                                                
           80      10500                                                                                                                                                                                
           80       8600                                                                                                                                                                                
           90      17000                                                                                                                                                                                
           90      24000                                                                                                                                                                                
           90      17000                                                                                                                                                                                
          110       8300                                                                                                                                                                                
          110      12000                                                                                                                                                                                
                    7000                                                                                                                                                                                

20 rows selected.

SQL> SELECT DEPARTMENT_ID , SUM(SALARY) FROM EMPLOYEES;
SELECT DEPARTMENT_ID , SUM(SALARY) FROM EMPLOYEES
       *
ERROR at line 1:
ORA-00937: not a single-group group function 


SQL> SELECT DEPARTMENT_ID FROM EMPLOYEES;

DEPARTMENT_ID                                                                                                                                                                                           
-------------                                                                                                                                                                                           
           90                                                                                                                                                                                           
           90                                                                                                                                                                                           
           90                                                                                                                                                                                           
           60                                                                                                                                                                                           
           60                                                                                                                                                                                           
           60                                                                                                                                                                                           
           50                                                                                                                                                                                           
           50                                                                                                                                                                                           
           50                                                                                                                                                                                           
           50                                                                                                                                                                                           
           50                                                                                                                                                                                           
           80                                                                                                                                                                                           
           80                                                                                                                                                                                           
           80                                                                                                                                                                                           
                                                                                                                                                                                                        
           10                                                                                                                                                                                           
           20                                                                                                                                                                                           
           20                                                                                                                                                                                           
          110                                                                                                                                                                                           
          110                                                                                                                                                                                           

20 rows selected.

SQL> SELECT SUM(SALARY) FROM EMPLOYEES;

SUM(SALARY)                                                                                                                                                                                             
-----------                                                                                                                                                                                             
     175500                                                                                                                                                                                             

SQL> SELECT DEPARTMENT_ID , SALARY FROM EMPLOYEES ORDER BY 1;

DEPARTMENT_ID     SALARY                                                                                                                                                                                
------------- ----------                                                                                                                                                                                
           10       4400                                                                                                                                                                                
           20      13000                                                                                                                                                                                
           20       6000                                                                                                                                                                                
           50       5800                                                                                                                                                                                
           50       2500                                                                                                                                                                                
           50       2600                                                                                                                                                                                
           50       3100                                                                                                                                                                                
           50       3500                                                                                                                                                                                
           60       4200                                                                                                                                                                                
           60       6000                                                                                                                                                                                
           60       9000                                                                                                                                                                                
           80      11000                                                                                                                                                                                
           80      10500                                                                                                                                                                                
           80       8600                                                                                                                                                                                
           90      17000                                                                                                                                                                                
           90      24000                                                                                                                                                                                
           90      17000                                                                                                                                                                                
          110       8300                                                                                                                                                                                
          110      12000                                                                                                                                                                                
                    7000                                                                                                                                                                                

20 rows selected.

SQL> SELECT DEPARTMENT_ID , SUM(SALARY) FROM EMPLOYEES GROUP BY DEPARTMENT_ID ORDER BY 1;;
SELECT DEPARTMENT_ID , SUM(SALARY) FROM EMPLOYEES GROUP BY DEPARTMENT_ID ORDER BY 1;
                                                                                   *
ERROR at line 1:
ORA-00933: SQL command not properly ended 


SQL> SELECT DEPARTMENT_ID , SUM(SALARY) FROM EMPLOYEES GROUP BY DEPARTMENT_ID ORDER BY 1;

DEPARTMENT_ID SUM(SALARY)                                                                                                                                                                               
------------- -----------                                                                                                                                                                               
           10        4400                                                                                                                                                                               
           20       19000                                                                                                                                                                               
           50       17500                                                                                                                                                                               
           60       19200                                                                                                                                                                               
           80       30100                                                                                                                                                                               
           90       58000                                                                                                                                                                               
          110       20300                                                                                                                                                                               
                     7000                                                                                                                                                                               

8 rows selected.

SQL> SELECT DEPARTMENT_ID , SALARY FROM EMPLOYEES ORDER BY 1;

DEPARTMENT_ID     SALARY                                                                                                                                                                                
------------- ----------                                                                                                                                                                                
           10       4400                                                                                                                                                                                
           20      13000                                                                                                                                                                                
           20       6000                                                                                                                                                                                
           50       5800                                                                                                                                                                                
           50       2500                                                                                                                                                                                
           50       2600                                                                                                                                                                                
           50       3100                                                                                                                                                                                
           50       3500                                                                                                                                                                                
           60       4200                                                                                                                                                                                
           60       6000                                                                                                                                                                                
           60       9000                                                                                                                                                                                
           80      11000                                                                                                                                                                                
           80      10500                                                                                                                                                                                
           80       8600                                                                                                                                                                                
           90      17000                                                                                                                                                                                
           90      24000                                                                                                                                                                                
           90      17000                                                                                                                                                                                
          110       8300                                                                                                                                                                                
          110      12000                                                                                                                                                                                
                    7000                                                                                                                                                                                

20 rows selected.

SQL> SELECT DEPARTMENT_ID , SUM(SALARY) FROM EMPLOYEES GROUP BY DEPARTMENT_ID ORDER BY 1;

DEPARTMENT_ID SUM(SALARY)                                                                                                                                                                               
------------- -----------                                                                                                                                                                               
           10        4400                                                                                                                                                                               
           20       19000                                                                                                                                                                               
           50       17500                                                                                                                                                                               
           60       19200                                                                                                                                                                               
           80       30100                                                                                                                                                                               
           90       58000                                                                                                                                                                               
          110       20300                                                                                                                                                                               
                     7000                                                                                                                                                                               

8 rows selected.

SQL> SELECT SUM(SALARY) FROM EMPLOYEES GROUP BY DEPARTMENT_ID ORDER BY 1;

SUM(SALARY)                                                                                                                                                                                             
-----------                                                                                                                                                                                             
       4400                                                                                                                                                                                             
       7000                                                                                                                                                                                             
      17500                                                                                                                                                                                             
      19000                                                                                                                                                                                             
      19200                                                                                                                                                                                             
      20300                                                                                                                                                                                             
      30100                                                                                                                                                                                             
      58000                                                                                                                                                                                             

8 rows selected.

SQL> REM DISPLAY JOB_ID WISE LOWEST SALARY
SQL> 
SQL> SELECT JOB_ID , MIN(SALARY) FROM EMPLOYEES GROUP BY JOB_ID ORDER BY 1;

JOB_ID     MIN(SALARY)                                                                                                                                                                                  
---------- -----------                                                                                                                                                                                  
AC_ACCOUNT        8300                                                                                                                                                                                  
AC_MGR           12000                                                                                                                                                                                  
AD_ASST           4400                                                                                                                                                                                  
AD_PRES          24000                                                                                                                                                                                  
AD_VP            17000                                                                                                                                                                                  
IT_PROG           4200                                                                                                                                                                                  
MK_MAN           13000                                                                                                                                                                                  
MK_REP            6000                                                                                                                                                                                  
SA_MAN           10500                                                                                                                                                                                  
SA_REP            7000                                                                                                                                                                                  
ST_CLERK          2500                                                                                                                                                                                  
ST_MAN            5800                                                                                                                                                                                  

12 rows selected.

SQL> REM DISPLAY MANAGER_ID AND HOW MANY EMPLOYEES REPORT TO THEM.
SQL> 
SQL> SELECT MANAGER_ID , COUNT(*) FROM EMPLOYEES GROUP BY MANAGER_ID ORDER BY 1;

MANAGER_ID   COUNT(*)                                                                                                                                                                                   
---------- ----------                                                                                                                                                                                   
       100          5                                                                                                                                                                                   
       101          2                                                                                                                                                                                   
       102          1                                                                                                                                                                                   
       103          2                                                                                                                                                                                   
       124          4                                                                                                                                                                                   
       149          3                                                                                                                                                                                   
       201          1                                                                                                                                                                                   
       205          1                                                                                                                                                                                   
                    1                                                                                                                                                                                   

9 rows selected.

SQL> REM DISPLAY JOB_ID WISE , DEPARTMENT_ID WISE , AVERAGE SALARY PAID
SQL> 
SQL> REM DISPLAY JOB_ID AND DEPARTMENT_ID WISE , AVERAGE SALARY PAID
SQL> 
SQL> SELECT JOB_ID , DEPARTMENT_ID , AVG(SALARY) FROM EMPLOYEES GROUP BY JOB_ID , DEPARTMENT_ID;

JOB_ID     DEPARTMENT_ID AVG(SALARY)                                                                                                                                                                    
---------- ------------- -----------                                                                                                                                                                    
IT_PROG               60        6400                                                                                                                                                                    
ST_MAN                50        5800                                                                                                                                                                    
SA_REP                80        9800                                                                                                                                                                    
AD_VP                 90       17000                                                                                                                                                                    
AD_ASST               10        4400                                                                                                                                                                    
MK_MAN                20       13000                                                                                                                                                                    
MK_REP                20        6000                                                                                                                                                                    
SA_MAN                80       10500                                                                                                                                                                    
SA_REP                          7000                                                                                                                                                                    
AD_PRES               90       24000                                                                                                                                                                    
ST_CLERK              50        2925                                                                                                                                                                    
AC_MGR               110       12000                                                                                                                                                                    
AC_ACCOUNT           110        8300                                                                                                                                                                    

13 rows selected.

SQL> SELECT JOB_ID , DEPARTMENT_ID , AVG(SALARY) FROM EMPLOYEES GROUP BY DEPARTMENT_ID , JOB_ID;

JOB_ID     DEPARTMENT_ID AVG(SALARY)                                                                                                                                                                    
---------- ------------- -----------                                                                                                                                                                    
AC_ACCOUNT           110        8300                                                                                                                                                                    
AD_VP                 90       17000                                                                                                                                                                    
ST_CLERK              50        2925                                                                                                                                                                    
SA_REP                80        9800                                                                                                                                                                    
ST_MAN                50        5800                                                                                                                                                                    
SA_MAN                80       10500                                                                                                                                                                    
AC_MGR               110       12000                                                                                                                                                                    
AD_PRES               90       24000                                                                                                                                                                    
IT_PROG               60        6400                                                                                                                                                                    
MK_MAN                20       13000                                                                                                                                                                    
SA_REP                          7000                                                                                                                                                                    
AD_ASST               10        4400                                                                                                                                                                    
MK_REP                20        6000                                                                                                                                                                    

13 rows selected.

SQL> REM HIRE YEAR WISE , COUNT OF EMPLOYEES
SQL> 
SQL> SELECT TO_CHAR(HIRE_DATE,'YYYY') , COUNT(*) FROM EMPLOYEES GROUP BY TO_CHAR(HIRE_DATE,'YYYY');

TO_C   COUNT(*)                                                                                                                                                                                         
---- ----------                                                                                                                                                                                         
1987          2                                                                                                                                                                                         
1997          2                                                                                                                                                                                         
2000          1                                                                                                                                                                                         
1994          2                                                                                                                                                                                         
1991          1                                                                                                                                                                                         
1995          1                                                                                                                                                                                         
1990          1                                                                                                                                                                                         
1989          1                                                                                                                                                                                         
1993          1                                                                                                                                                                                         
1999          3                                                                                                                                                                                         
1996          2                                                                                                                                                                                         
1998          3                                                                                                                                                                                         

12 rows selected.

SQL> SELECT SUBSTR(HIRE_DATE,-2) , COUNT(*) FROM EMPLOYEES GROUP BY SUBSTR(HIRE_DATE,-2);

SUBSTR(H   COUNT(*)                                                                                                                                                                                     
-------- ----------                                                                                                                                                                                     
99                3                                                                                                                                                                                     
87                2                                                                                                                                                                                     
93                1                                                                                                                                                                                     
97                2                                                                                                                                                                                     
00                1                                                                                                                                                                                     
89                1                                                                                                                                                                                     
95                1                                                                                                                                                                                     
94                2                                                                                                                                                                                     
98                3                                                                                                                                                                                     
90                1                                                                                                                                                                                     
91                1                                                                                                                                                                                     
96                2                                                                                                                                                                                     

12 rows selected.

SQL> SELECT TO_CHAR(HIRE_DATE,'Q') , COUNT(*) FROM EMPLOYEES GROUP BY TO_CHAR(HIRE_DATE,'Q');

T   COUNT(*)                                                                                                                                                                                            
- ----------                                                                                                                                                                                            
1          8                                                                                                                                                                                            
3          5                                                                                                                                                                                            
2          5                                                                                                                                                                                            
4          2                                                                                                                                                                                            

SQL> SELECT TO_CHAR(HIRE_DATE,'YYYY Q') , COUNT(*) FROM EMPLOYEES GROUP BY TO_CHAR(HIRE_DATE,'YYYY Q');

TO_CHA   COUNT(*)                                                                                                                                                                                       
------ ----------                                                                                                                                                                                       
1995 4          1                                                                                                                                                                                       
1997 3          1                                                                                                                                                                                       
1991 2          1                                                                                                                                                                                       
1999 4          1                                                                                                                                                                                       
1996 2          1                                                                                                                                                                                       
1997 1          1                                                                                                                                                                                       
2000 1          1                                                                                                                                                                                       
1996 1          1                                                                                                                                                                                       
1993 1          1                                                                                                                                                                                       
1987 3          2                                                                                                                                                                                       
1999 1          1                                                                                                                                                                                       
1999 2          1                                                                                                                                                                                       
1989 3          1                                                                                                                                                                                       
1990 1          1                                                                                                                                                                                       
1998 1          2                                                                                                                                                                                       
1998 3          1                                                                                                                                                                                       
1994 2          2                                                                                                                                                                                       

17 rows selected.

SQL> SELECT TO_CHAR(HIRE_DATE,'YYYY Q') , COUNT(*) FROM EMPLOYEES GROUP BY TO_CHAR(HIRE_DATE,'YYYY Q') ORDER BY 1;

TO_CHA   COUNT(*)                                                                                                                                                                                       
------ ----------                                                                                                                                                                                       
1987 3          2                                                                                                                                                                                       
1989 3          1                                                                                                                                                                                       
1990 1          1                                                                                                                                                                                       
1991 2          1                                                                                                                                                                                       
1993 1          1                                                                                                                                                                                       
1994 2          2                                                                                                                                                                                       
1995 4          1                                                                                                                                                                                       
1996 1          1                                                                                                                                                                                       
1996 2          1                                                                                                                                                                                       
1997 1          1                                                                                                                                                                                       
1997 3          1                                                                                                                                                                                       
1998 1          2                                                                                                                                                                                       
1998 3          1                                                                                                                                                                                       
1999 1          1                                                                                                                                                                                       
1999 2          1                                                                                                                                                                                       
1999 4          1                                                                                                                                                                                       
2000 1          1                                                                                                                                                                                       

17 rows selected.

SQL> SPOOL OFF
