SQL> 
SQL> REM SET OPERATORS :
SQL> 
SQL> REM SET OPERATORS : IT IS USED TO CLUB TWO RESUT SETS VERTICALLY.
SQL> 
SQL> REM RESULT SET : IS NOTHING THE ROWS WE GET AS RESULT OF SELECT STATEMENT
SQL> 
SQL> REM LIST OF SET OPERATORS : 1 UNION ALL 2 UNION 3 INTERSECT 4 MINUS
SQL> 
SQL> REM WHEN WE USE SET OPERATOR, THE STATEMENT IS CALLED COMPOUND STATEMENT.
SQL> 
SQL> REM SELECT ... FROM ... WHERE ... GROUP BY / HAVING ...  SET OPERATOR  SELECT ... FROM ... WHERE ... GROUP BY/HAVING ...   ORDER BY ... OFFSET ... FETCH ...;
SQL> 
SQL> 
SQL> REM UNION ALL : IT WILL SIMPLY CLUB/ADD BOTH THE RESULT SETS WITH DUPLICATES
SQL> 
SQL> 
SQL> REM NOTE : REMAINING 3 SET OPERATORS PERFORM TWO COMMON TASKS : 1 SORTS RESULT IN ASCENDING ORDER 2 REMOVES DUPLICATE ROWS
SQL> 
SQL> REM UNION : WILL PERFORM ONLY ABOVE TWO COMMON TASKS
SQL> 
SQL> REM INTERSECT : WILL PICK ONLY COMMON ROWS OF BOTH RESULT SETS + TWO COMMON TASKS
SQL> 
SQL> REM MINUS : WILL REMOVE ALL COMMON ROWS FROM FIRST RESULT SET + TWO COMMON TASKS
SQL> 
SQL> 
SQL> 
SQL> 
SQL> REM RESULT SET 1 : A B A C E D B
SQL> 
SQL> REM RESULT SET 2 : F D D B G
SQL> 
SQL> 
SQL> 
SQL> REM RS1 UNION ALL RS2 : A B A C E D B F D D B G
SQL> 
SQL> REM RS1 UNION RS2 : A A B B B C D D D E F G -> A B C D E F G
SQL> 
SQL> REM RS1 INTERSECT RS2 : B B B D D D : B D
SQL> 
SQL> REM RST MINUS RS2 : A A C E : A C E
SQL> 
SQL> REM RS2 MINUS RS1 : F G
SQL> 
SQL> 
SQL> REM MPSEMP
SQL> 
SQL> SELECT * FROM EMPLOYEES;

EMPLOYEE_ID FIRST_NAME LAST_NAME  EMAIL      PHONE_NUMBER         HIRE_DATE JOB_ID         SALARY COMMISSION_PCT MANAGER_ID DEPARTMENT_ID                                                               
----------- ---------- ---------- ---------- -------------------- --------- ---------- ---------- -------------- ---------- -------------                                                               
        100 Steven     King       SKING      515.123.4567         17-JUL-87 AD_PRES         24000                                      90                                                               
        101 Neena      Kochhar    NKOCHHAR   515.123.4568         21-SEP-89 AD_VP           17000                       100            90                                                               
        102 Lex        De Haan    LDEHAAN    515.123.4569         13-JAN-93 AD_VP           17000                       100            90                                                               
        103 Alexander  Hunold     AHUNOLD    590.423.4567         03-JAN-90 IT_PROG          9000                       102            60                                                               
        104 Bruce      Ernst      BERNST     590.423.4568         21-MAY-91 IT_PROG          6000                       103            60                                                               
        107 Diana      Lorentz    DLORENTZ   590.423.5567         07-FEB-99 IT_PROG          4200                       103            60                                                               
        124 Kevin      Mourgos    KMOURGOS   650.123.5234         16-NOV-99 ST_MAN           5800                       100            50                                                               
        141 Trenna     Rajs       TRAJS      650.121.8009         17-OCT-95 ST_CLERK         3500                       124            50                                                               
        142 Curtis     Davies     CDAVIES    650.121.2994         29-JAN-97 ST_CLERK         3100                       124            50                                                               
        143 Randall    Matos      RMATOS     650.121.2874         15-MAR-98 ST_CLERK         2600                       124            50                                                               
        144 Peter      Vargas     PVARGAS    650.121.2004         09-JUL-98 ST_CLERK         2500                       124            50                                                               
        149 Eleni      Zlotkey    EZLOTKEY   011.44.1344.429018   29-JAN-00 SA_MAN          10500             .2        100            80                                                               
        174 Ellen      Abel       EABEL      011.44.1644.429267   11-MAY-96 SA_REP          11000             .3        149            80                                                               
        176 Jonathon   Taylor     JTAYLOR    011.44.1644.429265   24-MAR-98 SA_REP           8600             .3        149            80                                                               
        178 Kimerely   Grant      KGRANT     011.44.1644.429263   24-MAY-99 SA_REP           7000            .15        149                                                                             
        200 Jennifer   Whalen     JWHALEN    515.123.4444         17-SEP-87 AD_ASST          4400                       101            10                                                               
        201 Michael    Hartstein  MHARTSTE   515.123.5555         17-FEB-96 MK_MAN          13000                       100            20                                                               
        202 Pat        Fay        PFAY       603.123.6666         17-AUG-97 MK_REP           6000                       201            20                                                               
        205 Shelley    Higgins    SHIGGINS   515.123.8080         07-JUN-94 AC_MGR          12000                       101           110                                                               
        206 William    Gietz      WGIETZ     515.123.8181         07-JUN-94 AC_ACCOUNT       8300                       205           110                                                               

20 rows selected.

SQL> SELECT * FROM MPSEMP;

     EMPNO ENAME      JOB               MGR HIREDATE         SAL       COMM     DEPTNO                                                                                                                  
---------- ---------- ---------- ---------- --------- ---------- ---------- ----------                                                                                                                  
      7839 KING       PRESIDENT             17-NOV-81       7200                    10                                                                                                                  
      7782 CLARK      MANAGER          7839 09-JUN-81       2450                    10                                                                                                                  
      7566 JONES      MANAGER          7839 02-APR-81       2975                    20                                                                                                                  
      7902 FORD       ANALYST          7566 04-DEC-81                  3000         20                                                                                                                  
      7698 BLAKE      MANAGER          7839 01-MAY-91       2850                    30                                                                                                                  
      7369 SMITH      CLERK            7902 17-DEC-80        800                    20                                                                                                                  
      7499 ALLEN      SALESMAN         7698 20-FEB-81       1600        300         30                                                                                                                  
      7521 WARD       SALESMAN         7698 22-FEB-81       1250        500         30                                                                                                                  
      7654 MARTIN     SALESMAN         7698 28-SEP-81       1250       1400         30                                                                                                                  
      7788 SCOTT      ANALYST          7566 09-DEC-82       3000       2000         20                                                                                                                  
      7844 TURNER     SALESMAN         7698 08-SEP-81       1500          0         30                                                                                                                  
      7876 ADAMS      CLERK            7788 12-JAN-89                  1100         20                                                                                                                  
      7900 JAMES      CLERK            7698 03-DEC-81                   950         30                                                                                                                  
      7934 MILLER     CLERK            7782 23-JAN-82       1300                    10                                                                                                                  

14 rows selected.

SQL> SELECT JOB FROM MPSEMP;

JOB                                                                                                                                                                                                     
----------                                                                                                                                                                                              
PRESIDENT                                                                                                                                                                                               
MANAGER                                                                                                                                                                                                 
MANAGER                                                                                                                                                                                                 
ANALYST                                                                                                                                                                                                 
MANAGER                                                                                                                                                                                                 
CLERK                                                                                                                                                                                                   
SALESMAN                                                                                                                                                                                                
SALESMAN                                                                                                                                                                                                
SALESMAN                                                                                                                                                                                                
ANALYST                                                                                                                                                                                                 
SALESMAN                                                                                                                                                                                                
CLERK                                                                                                                                                                                                   
CLERK                                                                                                                                                                                                   
CLERK                                                                                                                                                                                                   

14 rows selected.

SQL> SELECT JOB FROM MPSEMP WHERE DEPTNO = 10;

JOB                                                                                                                                                                                                     
----------                                                                                                                                                                                              
PRESIDENT                                                                                                                                                                                               
MANAGER                                                                                                                                                                                                 
CLERK                                                                                                                                                                                                   

SQL> SELECT JOB FROM MPSEMP WHERE DEPTNO = 20;

JOB                                                                                                                                                                                                     
----------                                                                                                                                                                                              
MANAGER                                                                                                                                                                                                 
ANALYST                                                                                                                                                                                                 
CLERK                                                                                                                                                                                                   
ANALYST                                                                                                                                                                                                 
CLERK                                                                                                                                                                                                   

SQL> SELECT JOB FROM MPSEMP WHERE DEPTNO = 30;

JOB                                                                                                                                                                                                     
----------                                                                                                                                                                                              
MANAGER                                                                                                                                                                                                 
SALESMAN                                                                                                                                                                                                
SALESMAN                                                                                                                                                                                                
SALESMAN                                                                                                                                                                                                
SALESMAN                                                                                                                                                                                                
CLERK                                                                                                                                                                                                   

6 rows selected.

SQL> SELECT JOB FROM MPSEMP WHERE DEPTNO = 10;

JOB                                                                                                                                                                                                     
----------                                                                                                                                                                                              
PRESIDENT                                                                                                                                                                                               
MANAGER                                                                                                                                                                                                 
CLERK                                                                                                                                                                                                   

SQL> SELECT JOB FROM MPSEMP WHERE DEPTNO = 20;

JOB                                                                                                                                                                                                     
----------                                                                                                                                                                                              
MANAGER                                                                                                                                                                                                 
ANALYST                                                                                                                                                                                                 
CLERK                                                                                                                                                                                                   
ANALYST                                                                                                                                                                                                 
CLERK                                                                                                                                                                                                   

SQL> SELECT JOB FROM MPSEMP WHERE DEPTNO = 10
  2  UNION ALL
  3  SELECT JOB FROM MPSEMP WHERE DEPTNO = 20;

JOB                                                                                                                                                                                                     
----------                                                                                                                                                                                              
PRESIDENT                                                                                                                                                                                               
MANAGER                                                                                                                                                                                                 
CLERK                                                                                                                                                                                                   
MANAGER                                                                                                                                                                                                 
ANALYST                                                                                                                                                                                                 
CLERK                                                                                                                                                                                                   
ANALYST                                                                                                                                                                                                 
CLERK                                                                                                                                                                                                   

8 rows selected.

SQL> SELECT JOB FROM MPSEMP WHERE DEPTNO = 20;

JOB                                                                                                                                                                                                     
----------                                                                                                                                                                                              
MANAGER                                                                                                                                                                                                 
ANALYST                                                                                                                                                                                                 
CLERK                                                                                                                                                                                                   
ANALYST                                                                                                                                                                                                 
CLERK                                                                                                                                                                                                   

SQL> SELECT JOB FROM MPSEMP WHERE DEPTNO = 30;

JOB                                                                                                                                                                                                     
----------                                                                                                                                                                                              
MANAGER                                                                                                                                                                                                 
SALESMAN                                                                                                                                                                                                
SALESMAN                                                                                                                                                                                                
SALESMAN                                                                                                                                                                                                
SALESMAN                                                                                                                                                                                                
CLERK                                                                                                                                                                                                   

6 rows selected.

SQL> SELECT JOB FROM MPSEMP WHERE DEPTNO = 20;

JOB                                                                                                                                                                                                     
----------                                                                                                                                                                                              
MANAGER                                                                                                                                                                                                 
ANALYST                                                                                                                                                                                                 
CLERK                                                                                                                                                                                                   
ANALYST                                                                                                                                                                                                 
CLERK                                                                                                                                                                                                   

SQL> SELECT JOB FROM MPSEMP WHERE DEPTNO = 30;

JOB                                                                                                                                                                                                     
----------                                                                                                                                                                                              
MANAGER                                                                                                                                                                                                 
SALESMAN                                                                                                                                                                                                
SALESMAN                                                                                                                                                                                                
SALESMAN                                                                                                                                                                                                
SALESMAN                                                                                                                                                                                                
CLERK                                                                                                                                                                                                   

6 rows selected.

SQL> SELECT JOB FROM MPSEMP WHERE DEPTNO = 20
  2  UNION ALL
  3  SELECT JOB FROM MPSEMP WHERE DEPTNO = 30;

JOB                                                                                                                                                                                                     
----------                                                                                                                                                                                              
MANAGER                                                                                                                                                                                                 
ANALYST                                                                                                                                                                                                 
CLERK                                                                                                                                                                                                   
ANALYST                                                                                                                                                                                                 
CLERK                                                                                                                                                                                                   
MANAGER                                                                                                                                                                                                 
SALESMAN                                                                                                                                                                                                
SALESMAN                                                                                                                                                                                                
SALESMAN                                                                                                                                                                                                
SALESMAN                                                                                                                                                                                                
CLERK                                                                                                                                                                                                   

11 rows selected.

SQL> SELECT JOB FROM MPSEMP WHERE DEPTNO = 10;

JOB                                                                                                                                                                                                     
----------                                                                                                                                                                                              
PRESIDENT                                                                                                                                                                                               
MANAGER                                                                                                                                                                                                 
CLERK                                                                                                                                                                                                   

SQL> SELECT JOB FROM MPSEMP WHERE DEPTNO = 20;

JOB                                                                                                                                                                                                     
----------                                                                                                                                                                                              
MANAGER                                                                                                                                                                                                 
ANALYST                                                                                                                                                                                                 
CLERK                                                                                                                                                                                                   
ANALYST                                                                                                                                                                                                 
CLERK                                                                                                                                                                                                   

SQL> SELECT JOB FROM MPSEMP WHERE DEPTNO = 10
  2  UNION
  3  SELECT JOB FROM MPSEMP WHERE DEPTNO = 20;

JOB                                                                                                                                                                                                     
----------                                                                                                                                                                                              
ANALYST                                                                                                                                                                                                 
CLERK                                                                                                                                                                                                   
MANAGER                                                                                                                                                                                                 
PRESIDENT                                                                                                                                                                                               

SQL> SELECT JOB FROM MPSEMP WHERE DEPTNO = 20;

JOB                                                                                                                                                                                                     
----------                                                                                                                                                                                              
MANAGER                                                                                                                                                                                                 
ANALYST                                                                                                                                                                                                 
CLERK                                                                                                                                                                                                   
ANALYST                                                                                                                                                                                                 
CLERK                                                                                                                                                                                                   

SQL> SELECT JOB FROM MPSEMP WHERE DEPTNO = 20;

JOB                                                                                                                                                                                                     
----------                                                                                                                                                                                              
MANAGER                                                                                                                                                                                                 
ANALYST                                                                                                                                                                                                 
CLERK                                                                                                                                                                                                   
ANALYST                                                                                                                                                                                                 
CLERK                                                                                                                                                                                                   

SQL> SELECT JOB FROM MPSEMP WHERE DEPTNO = 30;

JOB                                                                                                                                                                                                     
----------                                                                                                                                                                                              
MANAGER                                                                                                                                                                                                 
SALESMAN                                                                                                                                                                                                
SALESMAN                                                                                                                                                                                                
SALESMAN                                                                                                                                                                                                
SALESMAN                                                                                                                                                                                                
CLERK                                                                                                                                                                                                   

6 rows selected.

SQL> SELECT JOB FROM MPSEMP WHERE DEPTNO = 20
  2  UNION
  3  SELECT JOB FROM MPSEMP WHERE DEPTNO = 30;

JOB                                                                                                                                                                                                     
----------                                                                                                                                                                                              
ANALYST                                                                                                                                                                                                 
CLERK                                                                                                                                                                                                   
MANAGER                                                                                                                                                                                                 
SALESMAN                                                                                                                                                                                                

SQL> SELECT JOB FROM MPSEMP WHERE DEPTNO = 10;

JOB                                                                                                                                                                                                     
----------                                                                                                                                                                                              
PRESIDENT                                                                                                                                                                                               
MANAGER                                                                                                                                                                                                 
CLERK                                                                                                                                                                                                   

SQL> SELECT JOB FROM MPSEMP WHERE DEPTNO = 20;

JOB                                                                                                                                                                                                     
----------                                                                                                                                                                                              
MANAGER                                                                                                                                                                                                 
ANALYST                                                                                                                                                                                                 
CLERK                                                                                                                                                                                                   
ANALYST                                                                                                                                                                                                 
CLERK                                                                                                                                                                                                   

SQL> REM INTERSECT
SQL> 
SQL> SELECT JOB FROM MPSEMP WHERE DEPTNO = 10
  2  INTERSECT
  3  SELECT JOB FROM MPSEMP WHERE DEPTNO = 20;

JOB                                                                                                                                                                                                     
----------                                                                                                                                                                                              
CLERK                                                                                                                                                                                                   
MANAGER                                                                                                                                                                                                 

SQL> SELECT JOB FROM MPSEMP WHERE DEPTNO = 20;

JOB                                                                                                                                                                                                     
----------                                                                                                                                                                                              
MANAGER                                                                                                                                                                                                 
ANALYST                                                                                                                                                                                                 
CLERK                                                                                                                                                                                                   
ANALYST                                                                                                                                                                                                 
CLERK                                                                                                                                                                                                   

SQL> SELECT JOB FROM MPSEMP WHERE DEPTNO = 30;

JOB                                                                                                                                                                                                     
----------                                                                                                                                                                                              
MANAGER                                                                                                                                                                                                 
SALESMAN                                                                                                                                                                                                
SALESMAN                                                                                                                                                                                                
SALESMAN                                                                                                                                                                                                
SALESMAN                                                                                                                                                                                                
CLERK                                                                                                                                                                                                   

6 rows selected.

SQL> SELECT JOB FROM MPSEMP WHERE DEPTNO = 20
  2  INTERSECT
  3  SELECT JOB FROM MPSEMP WHERE DEPTNO = 30;

JOB                                                                                                                                                                                                     
----------                                                                                                                                                                                              
CLERK                                                                                                                                                                                                   
MANAGER                                                                                                                                                                                                 

SQL> SELECT JOB FROM MPSEMP WHERE DEPTNO = 10;

JOB                                                                                                                                                                                                     
----------                                                                                                                                                                                              
PRESIDENT                                                                                                                                                                                               
MANAGER                                                                                                                                                                                                 
CLERK                                                                                                                                                                                                   

SQL> SELECT JOB FROM MPSEMP WHERE DEPTNO = 20;

JOB                                                                                                                                                                                                     
----------                                                                                                                                                                                              
MANAGER                                                                                                                                                                                                 
ANALYST                                                                                                                                                                                                 
CLERK                                                                                                                                                                                                   
ANALYST                                                                                                                                                                                                 
CLERK                                                                                                                                                                                                   

SQL> SELECT JOB FROM MPSEMP WHERE DEPTNO = 10
  2  MINUS
  3  SELECT JOB FROM MPSEMP WHERE DEPTNO = 20;

JOB                                                                                                                                                                                                     
----------                                                                                                                                                                                              
PRESIDENT                                                                                                                                                                                               

SQL> SELECT JOB FROM MPSEMP WHERE DEPTNO = 20
  2  MINUS
  3  SELECT JOB FROM MPSEMP WHERE DEPTNO = 10;

JOB                                                                                                                                                                                                     
----------                                                                                                                                                                                              
ANALYST                                                                                                                                                                                                 

SQL> SELECT JOB FROM MPSEMP WHERE DEPTNO = 30;

JOB                                                                                                                                                                                                     
----------                                                                                                                                                                                              
MANAGER                                                                                                                                                                                                 
SALESMAN                                                                                                                                                                                                
SALESMAN                                                                                                                                                                                                
SALESMAN                                                                                                                                                                                                
SALESMAN                                                                                                                                                                                                
CLERK                                                                                                                                                                                                   

6 rows selected.

SQL> SELECT JOB FROM MPSEMP WHERE DEPTNO = 20;

JOB                                                                                                                                                                                                     
----------                                                                                                                                                                                              
MANAGER                                                                                                                                                                                                 
ANALYST                                                                                                                                                                                                 
CLERK                                                                                                                                                                                                   
ANALYST                                                                                                                                                                                                 
CLERK                                                                                                                                                                                                   

SQL> SELECT JOB FROM MPSEMP WHERE DEPTNO = 30
  2  MINUS
  3  SELECT JOB FROM MPSEMP WHERE DEPTNO = 20;

JOB                                                                                                                                                                                                     
----------                                                                                                                                                                                              
SALESMAN                                                                                                                                                                                                

SQL> SELECT JOB FROM MPSEMP WHERE DEPTNO = 10;

JOB                                                                                                                                                                                                     
----------                                                                                                                                                                                              
PRESIDENT                                                                                                                                                                                               
MANAGER                                                                                                                                                                                                 
CLERK                                                                                                                                                                                                   

SQL> SELECT JOB FROM MPSEMP WHERE DEPTNO = 20;

JOB                                                                                                                                                                                                     
----------                                                                                                                                                                                              
MANAGER                                                                                                                                                                                                 
ANALYST                                                                                                                                                                                                 
CLERK                                                                                                                                                                                                   
ANALYST                                                                                                                                                                                                 
CLERK                                                                                                                                                                                                   

SQL> SELECT JOB FROM MPSEMP WHERE DEPTNO = 30;

JOB                                                                                                                                                                                                     
----------                                                                                                                                                                                              
MANAGER                                                                                                                                                                                                 
SALESMAN                                                                                                                                                                                                
SALESMAN                                                                                                                                                                                                
SALESMAN                                                                                                                                                                                                
SALESMAN                                                                                                                                                                                                
CLERK                                                                                                                                                                                                   

6 rows selected.

SQL> REM 10 UNION ALL 20 UNION ALL 30 : 1 COUNT : 14  2 FIRST ROW : PRESIDENT    LAST ROW : CLERK
SQL> 
SQL> SELECT JOB FROM MPSEMP WHERE DEPTNO = 10
  2  UNION ALL
  3  SELECT JOB FROM MPSEMP WHERE DEPTNO = 20
  4  UNION ALL
  5  SELECT JOB FROM MPSEMP WHERE DEPTNO = 30;

JOB                                                                                                                                                                                                     
----------                                                                                                                                                                                              
PRESIDENT                                                                                                                                                                                               
MANAGER                                                                                                                                                                                                 
CLERK                                                                                                                                                                                                   
MANAGER                                                                                                                                                                                                 
ANALYST                                                                                                                                                                                                 
CLERK                                                                                                                                                                                                   
ANALYST                                                                                                                                                                                                 
CLERK                                                                                                                                                                                                   
MANAGER                                                                                                                                                                                                 
SALESMAN                                                                                                                                                                                                
SALESMAN                                                                                                                                                                                                
SALESMAN                                                                                                                                                                                                
SALESMAN                                                                                                                                                                                                
CLERK                                                                                                                                                                                                   

14 rows selected.

SQL> REM EXECUTION PRECEDENCE : TOP TO BOTTOM AND LEFT TO RIGHT
SQL> 
SQL> SELECT JOB FROM MPSEMP WHERE DEPTNO = 10;

JOB                                                                                                                                                                                                     
----------                                                                                                                                                                                              
PRESIDENT                                                                                                                                                                                               
MANAGER                                                                                                                                                                                                 
CLERK                                                                                                                                                                                                   

SQL> SELECT JOB FROM MPSEMP WHERE DEPTNO = 20;

JOB                                                                                                                                                                                                     
----------                                                                                                                                                                                              
MANAGER                                                                                                                                                                                                 
ANALYST                                                                                                                                                                                                 
CLERK                                                                                                                                                                                                   
ANALYST                                                                                                                                                                                                 
CLERK                                                                                                                                                                                                   

SQL> SELECT JOB FROM MPSEMP WHERE DEPTNO = 30;

JOB                                                                                                                                                                                                     
----------                                                                                                                                                                                              
MANAGER                                                                                                                                                                                                 
SALESMAN                                                                                                                                                                                                
SALESMAN                                                                                                                                                                                                
SALESMAN                                                                                                                                                                                                
SALESMAN                                                                                                                                                                                                
CLERK                                                                                                                                                                                                   

6 rows selected.

SQL> REM 10 UNION ALL 20 UNION 30 : COUNT : 5    : RESULT : ANALYST CLERK MANAGER PRESIDENT SALESMAN
SQL> 
SQL> REM 10 UNION ALL 20 INTERSECT 30 : COUNT : 2    : RESULT : CLERK MANAGER
SQL> 
SQL> REM 10 UNION ALL 20 MINUS 30 : COUNT :  2   : RESULT : ANALYST PRESIDENT
SQL> 
SQL> SELECT JOB FROM MPSEMP WHERE DEPTNO = 10;

JOB                                                                                                                                                                                                     
----------                                                                                                                                                                                              
PRESIDENT                                                                                                                                                                                               
MANAGER                                                                                                                                                                                                 
CLERK                                                                                                                                                                                                   

SQL> SELECT JOB FROM MPSEMP WHERE DEPTNO = 20;

JOB                                                                                                                                                                                                     
----------                                                                                                                                                                                              
MANAGER                                                                                                                                                                                                 
ANALYST                                                                                                                                                                                                 
CLERK                                                                                                                                                                                                   
ANALYST                                                                                                                                                                                                 
CLERK                                                                                                                                                                                                   

SQL> SELECT JOB FROM MPSEMP WHERE DEPTNO = 30;

JOB                                                                                                                                                                                                     
----------                                                                                                                                                                                              
MANAGER                                                                                                                                                                                                 
SALESMAN                                                                                                                                                                                                
SALESMAN                                                                                                                                                                                                
SALESMAN                                                                                                                                                                                                
SALESMAN                                                                                                                                                                                                
CLERK                                                                                                                                                                                                   

6 rows selected.

SQL> REM 10 UNION 20 UNION ALL 30 : COUNT : 10   RESULT : ANALYST CLERK MANAGER PRESIDENT MANAGER SALESMAN SALESMAN SALESMAN SALESMAN CLERK
SQL> 
SQL> REM 10 UNION 20 UNION 30 : COUNT : 5 :  RESULT : ANALYST CLERK MANAGER PRESIDENT SALESMAN
SQL> 
SQL> REM 10 UNION 20 INTERSECT 30 : COUNT : 2 :  RESULT : CLERK MANAGER
SQL> 
SQL> REM 10 UNION 20 MINUS 30 : COUNT : 2 :  RESULT : ANALYST PRESIDENT
SQL> 
SQL> SELECT JOB FROM MPSEMP WHERE DEPTNO = 10;

JOB                                                                                                                                                                                                     
----------                                                                                                                                                                                              
PRESIDENT                                                                                                                                                                                               
MANAGER                                                                                                                                                                                                 
CLERK                                                                                                                                                                                                   

SQL> 
SQL> SELECT JOB FROM MPSEMP WHERE DEPTNO = 20;

JOB                                                                                                                                                                                                     
----------                                                                                                                                                                                              
MANAGER                                                                                                                                                                                                 
ANALYST                                                                                                                                                                                                 
CLERK                                                                                                                                                                                                   
ANALYST                                                                                                                                                                                                 
CLERK                                                                                                                                                                                                   

SQL> SELECT JOB FROM MPSEMP WHERE DEPTNO = 30;

JOB                                                                                                                                                                                                     
----------                                                                                                                                                                                              
MANAGER                                                                                                                                                                                                 
SALESMAN                                                                                                                                                                                                
SALESMAN                                                                                                                                                                                                
SALESMAN                                                                                                                                                                                                
SALESMAN                                                                                                                                                                                                
CLERK                                                                                                                                                                                                   

6 rows selected.

SQL> REM 10 INTERSECT 20 UNION ALL 30 : COUNT : 8  RESULT : CLERK MANAGER MANAGER SALESMAN SALESMAN SALESMAN SALESMAN CLERK
SQL> 
SQL> REM 10 INTERSECT 20 UNION 30     : COUNT : 3  RESULT : CLERK MANAGER SALESMAN
SQL> 
SQL> REM 10 INTERSECT 20 INTERSECT 30 : COUNT : 2  RESULT : CLERK MANAGER
SQL> 
SQL> REM 10 INTERSECT 20 MINUS 30     : COUNT : 0  RESULT :
SQL> 
SQL> 
SQL> SELECT JOB FROM MPSEMP WHERE DEPTNO = 10;

JOB                                                                                                                                                                                                     
----------                                                                                                                                                                                              
PRESIDENT                                                                                                                                                                                               
MANAGER                                                                                                                                                                                                 
CLERK                                                                                                                                                                                                   

SQL> SELECT JOB FROM MPSEMP WHERE DEPTNO = 20;

JOB                                                                                                                                                                                                     
----------                                                                                                                                                                                              
MANAGER                                                                                                                                                                                                 
ANALYST                                                                                                                                                                                                 
CLERK                                                                                                                                                                                                   
ANALYST                                                                                                                                                                                                 
CLERK                                                                                                                                                                                                   

SQL> SELECT JOB FROM MPSEMP WHERE DEPTNO = 30;

JOB                                                                                                                                                                                                     
----------                                                                                                                                                                                              
MANAGER                                                                                                                                                                                                 
SALESMAN                                                                                                                                                                                                
SALESMAN                                                                                                                                                                                                
SALESMAN                                                                                                                                                                                                
SALESMAN                                                                                                                                                                                                
CLERK                                                                                                                                                                                                   

6 rows selected.

SQL> REM 10 MINUS 20 UNION ALL 30 : COUNT : 7  RESULT : PRESIDENT MANAGER SALESMAN SALESMAN SALESMAN SALESMAN CLERK
SQL> 
SQL> REM 10 MINUS 20 UNION     30 : COUNT : 4  RESULT : CLERK MANAGER PRESIDENT SALESMAN
SQL> 
SQL> REM 10 MINUS 20 INTERSECT 30 : COUNT : 0  RESULT :
SQL> 
SQL> REM 10 MINUS 20 MINUS 30     : COUNT : 1  RESULT : PRESIDENT
SQL> 
SQL> 
SQL> 
SQL> REM NOTE : WE CAN CHANGE EXECUTION PRECEDENCE OF SET OPERATOR BY USING ()
SQL> 
SQL> 
SQL> 
SQL> SELECT JOB FROM MPSEMP WHERE DEPTNO = 10;

JOB                                                                                                                                                                                                     
----------                                                                                                                                                                                              
PRESIDENT                                                                                                                                                                                               
MANAGER                                                                                                                                                                                                 
CLERK                                                                                                                                                                                                   

SQL> SELECT JOB FROM MPSEMP WHERE DEPTNO = 20;

JOB                                                                                                                                                                                                     
----------                                                                                                                                                                                              
MANAGER                                                                                                                                                                                                 
ANALYST                                                                                                                                                                                                 
CLERK                                                                                                                                                                                                   
ANALYST                                                                                                                                                                                                 
CLERK                                                                                                                                                                                                   

SQL> SELECT JOB FROM MPSEMP WHERE DEPTNO = 30;

JOB                                                                                                                                                                                                     
----------                                                                                                                                                                                              
MANAGER                                                                                                                                                                                                 
SALESMAN                                                                                                                                                                                                
SALESMAN                                                                                                                                                                                                
SALESMAN                                                                                                                                                                                                
SALESMAN                                                                                                                                                                                                
CLERK                                                                                                                                                                                                   

6 rows selected.

SQL> SELECT JOB FROM MPSEMP WHERE DEPTNO = 10
  2  UNION
  3  SELECT JOB FROM MPSEMP WHERE DEPTNO = 20
  4  UNION ALL
  5  SELECT JOB FROM MPSEMP WHERE DEPTNO = 30;

JOB                                                                                                                                                                                                     
----------                                                                                                                                                                                              
ANALYST                                                                                                                                                                                                 
CLERK                                                                                                                                                                                                   
MANAGER                                                                                                                                                                                                 
PRESIDENT                                                                                                                                                                                               
MANAGER                                                                                                                                                                                                 
SALESMAN                                                                                                                                                                                                
SALESMAN                                                                                                                                                                                                
SALESMAN                                                                                                                                                                                                
SALESMAN                                                                                                                                                                                                
CLERK                                                                                                                                                                                                   

10 rows selected.

SQL> SELECT JOB FROM MPSEMP WHERE DEPTNO = 10
  2  UNION
  3  (SELECT JOB FROM MPSEMP WHERE DEPTNO = 20
  4  UNION ALL
  5  SELECT JOB FROM MPSEMP WHERE DEPTNO = 30);

JOB                                                                                                                                                                                                     
----------                                                                                                                                                                                              
ANALYST                                                                                                                                                                                                 
CLERK                                                                                                                                                                                                   
MANAGER                                                                                                                                                                                                 
PRESIDENT                                                                                                                                                                                               
SALESMAN                                                                                                                                                                                                

SQL> SELECT JOB FROM MPSEMP WHERE DEPTNO = 10;

JOB                                                                                                                                                                                                     
----------                                                                                                                                                                                              
PRESIDENT                                                                                                                                                                                               
MANAGER                                                                                                                                                                                                 
CLERK                                                                                                                                                                                                   

SQL> SELECT JOB FROM MPSEMP WHERE DEPTNO = 20;

JOB                                                                                                                                                                                                     
----------                                                                                                                                                                                              
MANAGER                                                                                                                                                                                                 
ANALYST                                                                                                                                                                                                 
CLERK                                                                                                                                                                                                   
ANALYST                                                                                                                                                                                                 
CLERK                                                                                                                                                                                                   

SQL> SELECT JOB FROM MPSEMP WHERE DEPTNO = 30;

JOB                                                                                                                                                                                                     
----------                                                                                                                                                                                              
MANAGER                                                                                                                                                                                                 
SALESMAN                                                                                                                                                                                                
SALESMAN                                                                                                                                                                                                
SALESMAN                                                                                                                                                                                                
SALESMAN                                                                                                                                                                                                
CLERK                                                                                                                                                                                                   

6 rows selected.

SQL> REM 10 INTERSECT 20 UNION 30
SQL> 
SQL> REM 10 INTERSECT (20 UNION 30)
SQL> 
SQL> REM NO. OF ITEMS IN ALL SELECT OF COMPOUND STATEMENT MUST BE SAME.
SQL> 
SQL> SELECT DEPARTMENT_ID , DEPARTMENT_NAME FROM DEPARTMENTS
  2  UNION
  3  SELECT EMPLOYEE_ID , FIRST_NAME FROM EMPLOYEES;

DEPARTMENT_ID DEPARTMENT_NAME                                                                                                                                                                           
------------- ------------------------------                                                                                                                                                            
           10 Administration                                                                                                                                                                            
           20 Marketing                                                                                                                                                                                 
           50 Shiping                                                                                                                                                                                   
           60 IT                                                                                                                                                                                        
           80 Sales                                                                                                                                                                                     
           90 Executive                                                                                                                                                                                 
          100 Steven                                                                                                                                                                                    
          101 Neena                                                                                                                                                                                     
          102 Lex                                                                                                                                                                                       
          103 Alexander                                                                                                                                                                                 
          104 Bruce                                                                                                                                                                                     
          107 Diana                                                                                                                                                                                     
          110 Accounting                                                                                                                                                                                
          124 Kevin                                                                                                                                                                                     
          141 Trenna                                                                                                                                                                                    
          142 Curtis                                                                                                                                                                                    
          143 Randall                                                                                                                                                                                   
          144 Peter                                                                                                                                                                                     
          149 Eleni                                                                                                                                                                                     
          174 Ellen                                                                                                                                                                                     
          176 Jonathon                                                                                                                                                                                  

DEPARTMENT_ID DEPARTMENT_NAME                                                                                                                                                                           
------------- ------------------------------                                                                                                                                                            
          178 Kimerely                                                                                                                                                                                  
          190 Contracting                                                                                                                                                                               
          200 Jennifer                                                                                                                                                                                  
          201 Michael                                                                                                                                                                                   
          202 Pat                                                                                                                                                                                       
          205 Shelley                                                                                                                                                                                   
          206 William                                                                                                                                                                                   

28 rows selected.

SQL> SELECT DEPARTMENT_ID , DEPARTMENT_NAME FROM DEPARTMENTS
  2  UNION
  3  SELECT EMPLOYEE_ID , NULL FROM EMPLOYEES;

DEPARTMENT_ID DEPARTMENT_NAME                                                                                                                                                                           
------------- ------------------------------                                                                                                                                                            
           10 Administration                                                                                                                                                                            
           20 Marketing                                                                                                                                                                                 
           50 Shiping                                                                                                                                                                                   
           60 IT                                                                                                                                                                                        
           80 Sales                                                                                                                                                                                     
           90 Executive                                                                                                                                                                                 
          100                                                                                                                                                                                           
          101                                                                                                                                                                                           
          102                                                                                                                                                                                           
          103                                                                                                                                                                                           
          104                                                                                                                                                                                           
          107                                                                                                                                                                                           
          110 Accounting                                                                                                                                                                                
          124                                                                                                                                                                                           
          141                                                                                                                                                                                           
          142                                                                                                                                                                                           
          143                                                                                                                                                                                           
          144                                                                                                                                                                                           
          149                                                                                                                                                                                           
          174                                                                                                                                                                                           
          176                                                                                                                                                                                           

DEPARTMENT_ID DEPARTMENT_NAME                                                                                                                                                                           
------------- ------------------------------                                                                                                                                                            
          178                                                                                                                                                                                           
          190 Contracting                                                                                                                                                                               
          200                                                                                                                                                                                           
          201                                                                                                                                                                                           
          202                                                                                                                                                                                           
          205                                                                                                                                                                                           
          206                                                                                                                                                                                           

28 rows selected.

SQL> SELECT DEPARTMENT_ID , DEPARTMENT_NAME FROM DEPARTMENTS
  2  UNION
  3  SELECT EMPLOYEE_ID , 'OM NAMAH SHIVAYA!' FROM EMPLOYEES;

DEPARTMENT_ID DEPARTMENT_NAME                                                                                                                                                                           
------------- ------------------------------                                                                                                                                                            
           10 Administration                                                                                                                                                                            
           20 Marketing                                                                                                                                                                                 
           50 Shiping                                                                                                                                                                                   
           60 IT                                                                                                                                                                                        
           80 Sales                                                                                                                                                                                     
           90 Executive                                                                                                                                                                                 
          100 OM NAMAH SHIVAYA!                                                                                                                                                                         
          101 OM NAMAH SHIVAYA!                                                                                                                                                                         
          102 OM NAMAH SHIVAYA!                                                                                                                                                                         
          103 OM NAMAH SHIVAYA!                                                                                                                                                                         
          104 OM NAMAH SHIVAYA!                                                                                                                                                                         
          107 OM NAMAH SHIVAYA!                                                                                                                                                                         
          110 Accounting                                                                                                                                                                                
          124 OM NAMAH SHIVAYA!                                                                                                                                                                         
          141 OM NAMAH SHIVAYA!                                                                                                                                                                         
          142 OM NAMAH SHIVAYA!                                                                                                                                                                         
          143 OM NAMAH SHIVAYA!                                                                                                                                                                         
          144 OM NAMAH SHIVAYA!                                                                                                                                                                         
          149 OM NAMAH SHIVAYA!                                                                                                                                                                         
          174 OM NAMAH SHIVAYA!                                                                                                                                                                         
          176 OM NAMAH SHIVAYA!                                                                                                                                                                         

DEPARTMENT_ID DEPARTMENT_NAME                                                                                                                                                                           
------------- ------------------------------                                                                                                                                                            
          178 OM NAMAH SHIVAYA!                                                                                                                                                                         
          190 Contracting                                                                                                                                                                               
          200 OM NAMAH SHIVAYA!                                                                                                                                                                         
          201 OM NAMAH SHIVAYA!                                                                                                                                                                         
          202 OM NAMAH SHIVAYA!                                                                                                                                                                         
          205 OM NAMAH SHIVAYA!                                                                                                                                                                         
          206 OM NAMAH SHIVAYA!                                                                                                                                                                         

28 rows selected.

SQL> SELECT DEPARTMENT_ID , DEPARTMENT_NAME FROM DEPARTMENTS
  2  UNION
  3  SELECT EMPLOYEE_ID FROM EMPLOYEES;
SELECT DEPARTMENT_ID , DEPARTMENT_NAME FROM DEPARTMENTS
*
ERROR at line 1:
ORA-01789: query block has incorrect number of result columns 


SQL> REM THEIR CORRESPONDING DATA TYPES SHOULD MATCH.
SQL> 
SQL> SELECT DEPARTMENT_ID , DEPARTMENT_NAME FROM DEPARTMENTS
  2  UNION
  3  SELECT FIRST_NAME , LAST_NAME FROM EMPLYOEES;
SELECT FIRST_NAME , LAST_NAME FROM EMPLYOEES
                                   *
ERROR at line 3:
ORA-00942: table or view does not exist 


SQL> SELECT DEPARTMENT_ID , DEPARTMENT_NAME FROM DEPARTMENTS
  2  UNION
  3  SELECT FIRST_NAME , LAST_NAME FROM EMPLOYEES;
SELECT DEPARTMENT_ID , DEPARTMENT_NAME FROM DEPARTMENTS
       *
ERROR at line 1:
ORA-01790: expression must have same datatype as corresponding expression 


SQL> SELECT DEPARTMENT_ID , DEPARTMENT_NAME FROM DEPARTMENTS
  2  UNION
  3  SELECT FIRST_NAME , LAST_NAME FROM EMPLOYEES;
SELECT DEPARTMENT_ID , DEPARTMENT_NAME FROM DEPARTMENTS
       *
ERROR at line 1:
ORA-01790: expression must have same datatype as corresponding expression 


SQL> SELECT TO_CHAR(DEPARTMENT_ID) , DEPARTMENT_NAME FROM DEPARTMENTS
  2  UNION
  3  SELECT FIRST_NAME , LAST_NAME FROM EMPLOYEES;

TO_CHAR(DEPARTMENT_ID)                   DEPARTMENT_NAME                                                                                                                                                
---------------------------------------- ------------------------------                                                                                                                                 
10                                       Administration                                                                                                                                                 
110                                      Accounting                                                                                                                                                     
190                                      Contracting                                                                                                                                                    
20                                       Marketing                                                                                                                                                      
50                                       Shiping                                                                                                                                                        
60                                       IT                                                                                                                                                             
80                                       Sales                                                                                                                                                          
90                                       Executive                                                                                                                                                      
Alexander                                Hunold                                                                                                                                                         
Bruce                                    Ernst                                                                                                                                                          
Curtis                                   Davies                                                                                                                                                         
Diana                                    Lorentz                                                                                                                                                        
Eleni                                    Zlotkey                                                                                                                                                        
Ellen                                    Abel                                                                                                                                                           
Jennifer                                 Whalen                                                                                                                                                         
Jonathon                                 Taylor                                                                                                                                                         
Kevin                                    Mourgos                                                                                                                                                        
Kimerely                                 Grant                                                                                                                                                          
Lex                                      De Haan                                                                                                                                                        
Michael                                  Hartstein                                                                                                                                                      
Neena                                    Kochhar                                                                                                                                                        

TO_CHAR(DEPARTMENT_ID)                   DEPARTMENT_NAME                                                                                                                                                
---------------------------------------- ------------------------------                                                                                                                                 
Pat                                      Fay                                                                                                                                                            
Peter                                    Vargas                                                                                                                                                         
Randall                                  Matos                                                                                                                                                          
Shelley                                  Higgins                                                                                                                                                        
Steven                                   King                                                                                                                                                           
Trenna                                   Rajs                                                                                                                                                           
William                                  Gietz                                                                                                                                                          

28 rows selected.

SQL> SELECT DEPARTMENT_ID , DEPARTMENT_NAME FROM EMPLOYEES
  2  UNION ALL
  3  SELECT FIRST_NAME , HIRE_DATE FROM EMPLOYEES;
SELECT DEPARTMENT_ID , DEPARTMENT_NAME FROM EMPLOYEES
                       *
ERROR at line 1:
ORA-00904: "DEPARTMENT_NAME": invalid identifier 


SQL> SELECT TO_CHAR(DEPARTMENT_ID) , DEPARTMENT_NAME FROM EMPLOYEES
  2  UNION ALL
  3  SELECT FIRST_NAME , TO_CHAR(HIRE_DATE) FROM EMPLOYEES;
SELECT TO_CHAR(DEPARTMENT_ID) , DEPARTMENT_NAME FROM EMPLOYEES
                                *
ERROR at line 1:
ORA-00904: "DEPARTMENT_NAME": invalid identifier 


SQL> 
SQL> SELECT TO_CHAR(DEPARTMENT_ID) , DEPARTMENT_NAME FROM DEPARTMENTS
  2  UNION ALL
  3  SELECT FIRST_NAME , TO_CHAR(HIRE_DATE) FROM EMPLOYEES;

TO_CHAR(DEPARTMENT_ID)                   DEPARTMENT_NAME                                                                                                                                                
---------------------------------------- ------------------------------                                                                                                                                 
10                                       Administration                                                                                                                                                 
20                                       Marketing                                                                                                                                                      
50                                       Shiping                                                                                                                                                        
60                                       IT                                                                                                                                                             
80                                       Sales                                                                                                                                                          
90                                       Executive                                                                                                                                                      
110                                      Accounting                                                                                                                                                     
190                                      Contracting                                                                                                                                                    
Steven                                   17-JUL-87                                                                                                                                                      
Neena                                    21-SEP-89                                                                                                                                                      
Lex                                      13-JAN-93                                                                                                                                                      
Alexander                                03-JAN-90                                                                                                                                                      
Bruce                                    21-MAY-91                                                                                                                                                      
Diana                                    07-FEB-99                                                                                                                                                      
Kevin                                    16-NOV-99                                                                                                                                                      
Trenna                                   17-OCT-95                                                                                                                                                      
Curtis                                   29-JAN-97                                                                                                                                                      
Randall                                  15-MAR-98                                                                                                                                                      
Peter                                    09-JUL-98                                                                                                                                                      
Eleni                                    29-JAN-00                                                                                                                                                      
Ellen                                    11-MAY-96                                                                                                                                                      

TO_CHAR(DEPARTMENT_ID)                   DEPARTMENT_NAME                                                                                                                                                
---------------------------------------- ------------------------------                                                                                                                                 
Jonathon                                 24-MAR-98                                                                                                                                                      
Kimerely                                 24-MAY-99                                                                                                                                                      
Jennifer                                 17-SEP-87                                                                                                                                                      
Michael                                  17-FEB-96                                                                                                                                                      
Pat                                      17-AUG-97                                                                                                                                                      
Shelley                                  07-JUN-94                                                                                                                                                      
William                                  07-JUN-94                                                                                                                                                      

28 rows selected.

SQL> SELECT TO_CHAR(DEPARTMENT_ID) , DEPARTMENT_NAME FROM EMPLOYEES
  2  UNION
  3  SELECT FIRST_NAME , TO_CHAR(HIRE_DATE) FROM EMPLOYEES;
SELECT TO_CHAR(DEPARTMENT_ID) , DEPARTMENT_NAME FROM EMPLOYEES
                                *
ERROR at line 1:
ORA-00904: "DEPARTMENT_NAME": invalid identifier 


SQL> SELECT TO_CHAR(DEPARTMENT_ID) , DEPARTMENT_NAME FROM DEPARTMENTS
  2  UNION
  3  SELECT FIRST_NAME , TO_CHAR(HIRE_DATE) FROM EMPLOYEES;

TO_CHAR(DEPARTMENT_ID)                   DEPARTMENT_NAME                                                                                                                                                
---------------------------------------- ------------------------------                                                                                                                                 
10                                       Administration                                                                                                                                                 
110                                      Accounting                                                                                                                                                     
190                                      Contracting                                                                                                                                                    
20                                       Marketing                                                                                                                                                      
50                                       Shiping                                                                                                                                                        
60                                       IT                                                                                                                                                             
80                                       Sales                                                                                                                                                          
90                                       Executive                                                                                                                                                      
Alexander                                03-JAN-90                                                                                                                                                      
Bruce                                    21-MAY-91                                                                                                                                                      
Curtis                                   29-JAN-97                                                                                                                                                      
Diana                                    07-FEB-99                                                                                                                                                      
Eleni                                    29-JAN-00                                                                                                                                                      
Ellen                                    11-MAY-96                                                                                                                                                      
Jennifer                                 17-SEP-87                                                                                                                                                      
Jonathon                                 24-MAR-98                                                                                                                                                      
Kevin                                    16-NOV-99                                                                                                                                                      
Kimerely                                 24-MAY-99                                                                                                                                                      
Lex                                      13-JAN-93                                                                                                                                                      
Michael                                  17-FEB-96                                                                                                                                                      
Neena                                    21-SEP-89                                                                                                                                                      

TO_CHAR(DEPARTMENT_ID)                   DEPARTMENT_NAME                                                                                                                                                
---------------------------------------- ------------------------------                                                                                                                                 
Pat                                      17-AUG-97                                                                                                                                                      
Peter                                    09-JUL-98                                                                                                                                                      
Randall                                  15-MAR-98                                                                                                                                                      
Shelley                                  07-JUN-94                                                                                                                                                      
Steven                                   17-JUL-87                                                                                                                                                      
Trenna                                   17-OCT-95                                                                                                                                                      
William                                  07-JUN-94                                                                                                                                                      

28 rows selected.

SQL> SET PAGES 100
SQL> 
SQL> R
  1  SELECT TO_CHAR(DEPARTMENT_ID) , DEPARTMENT_NAME FROM DEPARTMENTS
  2  UNION
  3* SELECT FIRST_NAME , TO_CHAR(HIRE_DATE) FROM EMPLOYEES

TO_CHAR(DEPARTMENT_ID)                   DEPARTMENT_NAME                                                                                                                                                
---------------------------------------- ------------------------------                                                                                                                                 
10                                       Administration                                                                                                                                                 
110                                      Accounting                                                                                                                                                     
190                                      Contracting                                                                                                                                                    
20                                       Marketing                                                                                                                                                      
50                                       Shiping                                                                                                                                                        
60                                       IT                                                                                                                                                             
80                                       Sales                                                                                                                                                          
90                                       Executive                                                                                                                                                      
Alexander                                03-JAN-90                                                                                                                                                      
Bruce                                    21-MAY-91                                                                                                                                                      
Curtis                                   29-JAN-97                                                                                                                                                      
Diana                                    07-FEB-99                                                                                                                                                      
Eleni                                    29-JAN-00                                                                                                                                                      
Ellen                                    11-MAY-96                                                                                                                                                      
Jennifer                                 17-SEP-87                                                                                                                                                      
Jonathon                                 24-MAR-98                                                                                                                                                      
Kevin                                    16-NOV-99                                                                                                                                                      
Kimerely                                 24-MAY-99                                                                                                                                                      
Lex                                      13-JAN-93                                                                                                                                                      
Michael                                  17-FEB-96                                                                                                                                                      
Neena                                    21-SEP-89                                                                                                                                                      
Pat                                      17-AUG-97                                                                                                                                                      
Peter                                    09-JUL-98                                                                                                                                                      
Randall                                  15-MAR-98                                                                                                                                                      
Shelley                                  07-JUN-94                                                                                                                                                      
Steven                                   17-JUL-87                                                                                                                                                      
Trenna                                   17-OCT-95                                                                                                                                                      
William                                  07-JUN-94                                                                                                                                                      

28 rows selected.

SQL> REM COLUMN ALIAS OF FIRST QUERY WILL BE DISPLAYED IN RESULT.
SQL> 
SQL> SELECT TO_CHAR(DEPARTMENT_ID) "DEPT_ID AND FIRST_NAME", DEPARTMENT_NAME FROM DEPARTMENTS
  2  UNION
  3  SELECT FIRST_NAME , TO_CHAR(HIRE_DATE) "DEPT NAME AND HIRE_DATE" FROM EMPLOYEES;

DEPT_ID AND FIRST_NAME                   DEPARTMENT_NAME                                                                                                                                                
---------------------------------------- ------------------------------                                                                                                                                 
10                                       Administration                                                                                                                                                 
110                                      Accounting                                                                                                                                                     
190                                      Contracting                                                                                                                                                    
20                                       Marketing                                                                                                                                                      
50                                       Shiping                                                                                                                                                        
60                                       IT                                                                                                                                                             
80                                       Sales                                                                                                                                                          
90                                       Executive                                                                                                                                                      
Alexander                                03-JAN-90                                                                                                                                                      
Bruce                                    21-MAY-91                                                                                                                                                      
Curtis                                   29-JAN-97                                                                                                                                                      
Diana                                    07-FEB-99                                                                                                                                                      
Eleni                                    29-JAN-00                                                                                                                                                      
Ellen                                    11-MAY-96                                                                                                                                                      
Jennifer                                 17-SEP-87                                                                                                                                                      
Jonathon                                 24-MAR-98                                                                                                                                                      
Kevin                                    16-NOV-99                                                                                                                                                      
Kimerely                                 24-MAY-99                                                                                                                                                      
Lex                                      13-JAN-93                                                                                                                                                      
Michael                                  17-FEB-96                                                                                                                                                      
Neena                                    21-SEP-89                                                                                                                                                      
Pat                                      17-AUG-97                                                                                                                                                      
Peter                                    09-JUL-98                                                                                                                                                      
Randall                                  15-MAR-98                                                                                                                                                      
Shelley                                  07-JUN-94                                                                                                                                                      
Steven                                   17-JUL-87                                                                                                                                                      
Trenna                                   17-OCT-95                                                                                                                                                      
William                                  07-JUN-94                                                                                                                                                      

28 rows selected.

SQL> REM ORDER BY , OFFSET , FETCH MUST BE USED SINGLE TIME PER COMPOUND STATEMENT, IT IS PLACED AT THE END OF COMPOUND STATEMENT.
SQL> 
SQL> SELECT TO_CHAR(DEPARTMENT_ID) "DEPT_ID AND FIRST_NAME", DEPARTMENT_NAME FROM DEPARTMENTS ORDER BY 1
  2  UNION
  3  SELECT FIRST_NAME , TO_CHAR(HIRE_DATE) "DEPT NAME AND HIRE_DATE" FROM EMPLOYEES;
UNION
*
ERROR at line 2:
ORA-00933: SQL command not properly ended 


SQL> SELECT TO_CHAR(DEPARTMENT_ID) "DEPT_ID AND FIRST_NAME", DEPARTMENT_NAME FROM DEPARTMENTS
  2  UNION
  3  SELECT FIRST_NAME , TO_CHAR(HIRE_DATE) "DEPT NAME AND HIRE_DATE" FROM EMPLOYEES ORDER BY 2 DESC;

DEPT_ID AND FIRST_NAME                   DEPARTMENT_NAME                                                                                                                                                
---------------------------------------- ------------------------------                                                                                                                                 
50                                       Shiping                                                                                                                                                        
80                                       Sales                                                                                                                                                          
20                                       Marketing                                                                                                                                                      
60                                       IT                                                                                                                                                             
90                                       Executive                                                                                                                                                      
190                                      Contracting                                                                                                                                                    
10                                       Administration                                                                                                                                                 
110                                      Accounting                                                                                                                                                     
Curtis                                   29-JAN-97                                                                                                                                                      
Eleni                                    29-JAN-00                                                                                                                                                      
Kimerely                                 24-MAY-99                                                                                                                                                      
Jonathon                                 24-MAR-98                                                                                                                                                      
Neena                                    21-SEP-89                                                                                                                                                      
Bruce                                    21-MAY-91                                                                                                                                                      
Jennifer                                 17-SEP-87                                                                                                                                                      
Trenna                                   17-OCT-95                                                                                                                                                      
Steven                                   17-JUL-87                                                                                                                                                      
Michael                                  17-FEB-96                                                                                                                                                      
Pat                                      17-AUG-97                                                                                                                                                      
Kevin                                    16-NOV-99                                                                                                                                                      
Randall                                  15-MAR-98                                                                                                                                                      
Lex                                      13-JAN-93                                                                                                                                                      
Ellen                                    11-MAY-96                                                                                                                                                      
Peter                                    09-JUL-98                                                                                                                                                      
Shelley                                  07-JUN-94                                                                                                                                                      
William                                  07-JUN-94                                                                                                                                                      
Diana                                    07-FEB-99                                                                                                                                                      
Alexander                                03-JAN-90                                                                                                                                                      

28 rows selected.

SQL> SELECT TO_CHAR(DEPARTMENT_ID) "DEPT_ID AND FIRST_NAME", DEPARTMENT_NAME FROM DEPARTMENTS
  2  UNION
  3  (SELECT FIRST_NAME , TO_CHAR(HIRE_DATE) "DEPT NAME AND HIRE_DATE" FROM EMPLOYEES) ORDER BY 2 DESC;

DEPT_ID AND FIRST_NAME                   DEPARTMENT_NAME                                                                                                                                                
---------------------------------------- ------------------------------                                                                                                                                 
50                                       Shiping                                                                                                                                                        
80                                       Sales                                                                                                                                                          
20                                       Marketing                                                                                                                                                      
60                                       IT                                                                                                                                                             
90                                       Executive                                                                                                                                                      
190                                      Contracting                                                                                                                                                    
10                                       Administration                                                                                                                                                 
110                                      Accounting                                                                                                                                                     
Curtis                                   29-JAN-97                                                                                                                                                      
Eleni                                    29-JAN-00                                                                                                                                                      
Kimerely                                 24-MAY-99                                                                                                                                                      
Jonathon                                 24-MAR-98                                                                                                                                                      
Neena                                    21-SEP-89                                                                                                                                                      
Bruce                                    21-MAY-91                                                                                                                                                      
Jennifer                                 17-SEP-87                                                                                                                                                      
Trenna                                   17-OCT-95                                                                                                                                                      
Steven                                   17-JUL-87                                                                                                                                                      
Michael                                  17-FEB-96                                                                                                                                                      
Pat                                      17-AUG-97                                                                                                                                                      
Kevin                                    16-NOV-99                                                                                                                                                      
Randall                                  15-MAR-98                                                                                                                                                      
Lex                                      13-JAN-93                                                                                                                                                      
Ellen                                    11-MAY-96                                                                                                                                                      
Peter                                    09-JUL-98                                                                                                                                                      
Shelley                                  07-JUN-94                                                                                                                                                      
William                                  07-JUN-94                                                                                                                                                      
Diana                                    07-FEB-99                                                                                                                                                      
Alexander                                03-JAN-90                                                                                                                                                      

28 rows selected.

SQL> SELECT TO_CHAR(DEPARTMENT_ID) "DEPT_ID AND FIRST_NAME", DEPARTMENT_NAME FROM DEPARTMENTS
  2  UNION
  3  (SELECT FIRST_NAME , TO_CHAR(HIRE_DATE) "DEPT NAME AND HIRE_DATE" FROM EMPLOYEES ORDER BY 2 DESC);
(SELECT FIRST_NAME , TO_CHAR(HIRE_DATE) "DEPT NAME AND HIRE_DATE" FROM EMPLOYEES ORDER BY 2 DESC)
                                                                                 *
ERROR at line 3:
ORA-00907: missing right parenthesis 


SQL> SELECT TO_CHAR(DEPARTMENT_ID) "DEPT_ID AND FIRST_NAME", DEPARTMENT_NAME FROM DEPARTMENTS
  2  UNION
  3  (SELECT FIRST_NAME , TO_CHAR(HIRE_DATE) "DEPT NAME AND HIRE_DATE" FROM EMPLOYEES ORDER BY 2 DESC OFFSET 5 ROWS FETCH NEXT 6 ROWS ONLY;
(SELECT FIRST_NAME , TO_CHAR(HIRE_DATE) "DEPT NAME AND HIRE_DATE" FROM EMPLOYEES ORDER BY 2 DESC OFFSET 5 ROWS FETCH NEXT 6 ROWS ONLY
                                                                                                                                    *
ERROR at line 3:
ORA-00907: missing right parenthesis 


SQL> SELECT TO_CHAR(DEPARTMENT_ID) "DEPT_ID AND FIRST_NAME", DEPARTMENT_NAME FROM DEPARTMENTS
  2  UNION
  3  SELECT FIRST_NAME , TO_CHAR(HIRE_DATE) "DEPT NAME AND HIRE_DATE" FROM EMPLOYEES ORDER BY 2 DESC OFFSET 5 ROWS FETCH NEXT 6 ROWS ONLY;

DEPT_ID AND FIRST_NAME                   DEPARTMENT_NAME                                                                                                                                                
---------------------------------------- ------------------------------                                                                                                                                 
190                                      Contracting                                                                                                                                                    
10                                       Administration                                                                                                                                                 
110                                      Accounting                                                                                                                                                     
Curtis                                   29-JAN-97                                                                                                                                                      
Eleni                                    29-JAN-00                                                                                                                                                      
Kimerely                                 24-MAY-99                                                                                                                                                      

6 rows selected.

SQL> SELECT TO_CHAR(DEPARTMENT_ID) "DEPT_ID AND FIRST_NAME", DEPARTMENT_NAME FROM DEPARTMENTS ORDER BY 1
  2  UNION
  3  (SELECT FIRST_NAME , TO_CHAR(HIRE_DATE) "DEPT NAME AND HIRE_DATE" FROM EMPLOYEES);
UNION
*
ERROR at line 2:
ORA-00933: SQL command not properly ended 


SQL> SELECT * FROM EMPLOYEES;

EMPLOYEE_ID FIRST_NAME LAST_NAME  EMAIL      PHONE_NUMBER         HIRE_DATE JOB_ID         SALARY COMMISSION_PCT MANAGER_ID DEPARTMENT_ID                                                               
----------- ---------- ---------- ---------- -------------------- --------- ---------- ---------- -------------- ---------- -------------                                                               
        100 Steven     King       SKING      515.123.4567         17-JUL-87 AD_PRES         24000                                      90                                                               
        101 Neena      Kochhar    NKOCHHAR   515.123.4568         21-SEP-89 AD_VP           17000                       100            90                                                               
        102 Lex        De Haan    LDEHAAN    515.123.4569         13-JAN-93 AD_VP           17000                       100            90                                                               
        103 Alexander  Hunold     AHUNOLD    590.423.4567         03-JAN-90 IT_PROG          9000                       102            60                                                               
        104 Bruce      Ernst      BERNST     590.423.4568         21-MAY-91 IT_PROG          6000                       103            60                                                               
        107 Diana      Lorentz    DLORENTZ   590.423.5567         07-FEB-99 IT_PROG          4200                       103            60                                                               
        124 Kevin      Mourgos    KMOURGOS   650.123.5234         16-NOV-99 ST_MAN           5800                       100            50                                                               
        141 Trenna     Rajs       TRAJS      650.121.8009         17-OCT-95 ST_CLERK         3500                       124            50                                                               
        142 Curtis     Davies     CDAVIES    650.121.2994         29-JAN-97 ST_CLERK         3100                       124            50                                                               
        143 Randall    Matos      RMATOS     650.121.2874         15-MAR-98 ST_CLERK         2600                       124            50                                                               
        144 Peter      Vargas     PVARGAS    650.121.2004         09-JUL-98 ST_CLERK         2500                       124            50                                                               
        149 Eleni      Zlotkey    EZLOTKEY   011.44.1344.429018   29-JAN-00 SA_MAN          10500             .2        100            80                                                               
        174 Ellen      Abel       EABEL      011.44.1644.429267   11-MAY-96 SA_REP          11000             .3        149            80                                                               
        176 Jonathon   Taylor     JTAYLOR    011.44.1644.429265   24-MAR-98 SA_REP           8600             .3        149            80                                                               
        178 Kimerely   Grant      KGRANT     011.44.1644.429263   24-MAY-99 SA_REP           7000            .15        149                                                                             
        200 Jennifer   Whalen     JWHALEN    515.123.4444         17-SEP-87 AD_ASST          4400                       101            10                                                               
        201 Michael    Hartstein  MHARTSTE   515.123.5555         17-FEB-96 MK_MAN          13000                       100            20                                                               
        202 Pat        Fay        PFAY       603.123.6666         17-AUG-97 MK_REP           6000                       201            20                                                               
        205 Shelley    Higgins    SHIGGINS   515.123.8080         07-JUN-94 AC_MGR          12000                       101           110                                                               
        206 William    Gietz      WGIETZ     515.123.8181         07-JUN-94 AC_ACCOUNT       8300                       205           110                                                               

20 rows selected.

SQL> SELECT * FROM JOB_HISTORY;

EMPLOYEE_ID START_DAT END_DATE  JOB_ID     DEPARTMENT_ID                                                                                                                                                
----------- --------- --------- ---------- -------------                                                                                                                                                
        102 13-JAN-93 24-JUL-98 IT_PROG               60                                                                                                                                                
        101 21-SEP-89 27-OCT-93 AC_ACCOUNT           110                                                                                                                                                
        101 28-OCT-93 15-MAR-97 AC_MGR               110                                                                                                                                                
        201 17-FEB-96 19-DEC-99 MK_REP                20                                                                                                                                                
        114 24-MAR-98 31-DEC-99 ST_CLERK              50                                                                                                                                                
        122 01-JAN-99 31-DEC-99 ST_CLERK              50                                                                                                                                                
        200 17-SEP-87 17-JUN-93 AD_ASST               90                                                                                                                                                
        176 24-MAR-98 31-DEC-98 SA_REP                80                                                                                                                                                
        176 01-JAN-99 31-DEC-99 SA_MAN                80                                                                                                                                                
        200 01-JUL-94 31-DEC-98 AC_ACCOUNT            90                                                                                                                                                

10 rows selected.


